taxonomy,NF-H2O_2_S17_L001_R1_001
k__Bacteria;-p__Proteobacteria;-c__Gammaproteobacteria,303339.008295
k__Bacteria;-p__Firmicutes;-c__Clostridia,0.0
k__Bacteria;-p__Actinobacteria;-c__Actinomycetia,696660.991705
k__Eukaryota;-p__Ascomycota;-c__Dothideomycetes,0.0
