0	>A01759:25:HFL3KDRX3:1:2101:9010:1000/1	20	NAACAGATGACTCAATAAATACATACAATGGGAAGAATAAACAAATCTTCCATTCTGCCCTCAAATAACAGAGGGGTAAGTCCCATCCCTTGATTTTGGGAGATCGGAAGAGCACACGTCTGAACTCCAGTCACTTTGGGATATCTCGTAT
0	>A01759:25:HFL3KDRX3:1:2101:32226:1000/1	10	NGTGAGGTTTCCCGTGTTGAGTCAAATTAAGCCGCAGGCTCCACTCCTGGTGGTGCCCTTCCGTCAATTCCTTAGATCGGAAGAGCACACGTCTGAACTCCAGTCACTTTGGGATATCTGGTATGCCGTCTTCTGGTTGAAAAGGGGGGGG
0	>A01759:25:HFL3KDRX3:1:2101:2546:1016/1	30	TGTCAATGCAGTTGGGCTTGATCCTACTAAAACAGAAAATCTCTACTCCAACAGGAATTTCTAAGAAATTTCTGTAAATTAGAGATCGGAAGAGCACACGTCTGAACTCCAGTCACTTTGGGATATCTCGTATGCCGTCTTCTGCTTGAAA
0	>A01759:25:HFL3KDRX3:1:2101:31132:1016/1	20	GGGGAAGGGAGGGCGGGTGGAGGGGTCGGGAGGAACGGGGGGCGGGAAAGATCCGCCGGGCCGCCGACACGGCCGGACCCGCCGCCGGAGATCGGAAGAGCACACGTCTGAACTCCAGTCACTTTGGGATATCTCGTATGCCGTCTTCTGC
0	>A01759:25:HFL3KDRX3:1:2101:6931:1094/1	10	TTCCAGTCCATTCAAGAAAGTTCCATTCCAGCCCATTGCTTTCCAGTCCATTCCATTCCACTCTAGTCTATTCCACTCCATTCCTTTCAGATCGGAAGAGCACACGTCTGAACTCCAGTCACTTTGGGATATCGCGTTTGCCGTCTTCTGC
0	>A01759:25:HFL3KDRX3:1:2101:11605:1047/1	30	GAGAAAGGGCATTGGCACTAGCTAAGGTGACCATGGAAATCTGAGTAAAGAGATCGGAAGAGCACACGTCTGAACTCCAGTCACTTTGGGATATCTCGTATGCCGTCTTCTGCTTGAAATTGGGGGGGGGGGGGGGGGGGGGGGGGGGGGG
0	>A01759:25:HFL3KDRX3:1:2101:15835:1047/1	10	CTGGGACTACAGGCGCCCACCACCACGCCTGGCTAATTTTTTGTATTTTTAGTAGAGATGGGGTTTCACTGTGTTAGCTAGGATGGTCTCGATCTCCTAGATCGGAAGAGCACACGTCTGAACTCCAGTCACTTTGGGATATCGCGTATGC
0	>A01759:25:HFL3KDRX3:1:2101:1904:1063/1	10	CGTTTTTTAGCAACGCTATCGCCTGTATCACCTGCAAAGGTCAGCGGTGATTGTGATAAGTAGTATAAGTCTTTAATGGTGGCGGCAGAATCAGAAGATCGGAAGAGCACACGTCTGAACTCCAGTCACTTTGGGAGATCGCGTATGCCGT
0	>A01759:25:HFL3KDRX3:1:2101:25066:1031/1	20	CTGGACGCGAGCCGGGCCCTTCCCGTGGATCGCCCCAGCTGCGGCGGGGGTCGCGGCCGCCCCCCGGGGGCCCCGCGGGCGCCGGCGCGCGCCCGGGCCCGGGGGGGGGGGGGGGGGGGGGGGGGGGCGGGGGGGGGGGGGGGGGGGGGTG
0	>A01759:25:HFL3KDRX3:1:2101:27019:1031/1	10	CTTTAATTTATTAATGCAAACAGTACCTAACAAACCCACAGGTCCTAAACTACCAAACCTGCATTAAAAATTTCGGTTGGGGCGACCTCGGAGCAGAACCCAACCTCCGAGATCGGAAGAGCACACGTCTGAACTCCAGTCACTTTGGGAT
0	>A01759:25:HFL3KDRX3:1:2101:29170:1031/1	10	CGGAGGTTCGAAGACGATCAGATACCGTCGTAGTTCCGACCATAAACGATGCCGACCGGCGATGCGGCGGCGTTATTCCCATGACCCAGATCGGAAGAGCACACGTCTGAACTCCAGTCACTTTGGGATATCGCGTATGCCGTCTTCTGCT
0	>A01759:25:HFL3KDRX3:1:2101:20166:1094/1	40	CCGGAGTCGGGTTGCTTGGGAATGCAGCCCAAAGCGGGTGGTAAACTCCATCTAAGGCTAAATACCGGAGATCGGAAGAGCACACGTCTGAACTCCAGTCACTTTGGGATATCTCGTATGCCGTCTTCTGCTTGAAAAGGGGGGGGGGGGG
0	>A01759:25:HFL3KDRX3:1:2101:30490:1094/1	20	TGCCCTTCTGCCGTTTCGCTCGCCGCTACTAAGGCAATCGCTTTTGCTTTCTCAGATCGGAAGAGCACACGTCTGAACTCCAGTCACTTTGGGATATCTCGTATGCCGTCGTCTGCTTGTAAAGGGGGGGGGGGGGGGGGGGGGGGGGGGG
0	>A01759:25:HFL3KDRX3:1:2101:32895:1094/1	10	AAACGATCTCAACCTATTCTCAAACTTTAAATGGGTAAGAAGCCCGGCTCGCTGGCGTGGAGCCGGGCGTGGAATGCGAGTGCCTAGAGTTCGGAAGAGCACACGTCTGAACTCCAGTCACTTTGGGATATGTGGTATGGGGTGTTGTGGT
0	>A01759:25:HFL3KDRX3:1:2101:15718:1063/1	40	GCCTTGGCAGTCAGAGGCGAAGAAAGACGTGACAGCCTGCGATAAGCGTCGGTGAGGTGGAGATCGGAAGAGCACACGTCTGAACTCCAGTCACTTTGGGATATCTCGTATGCCGTCTTCTGCTTGAAAAGGGGGGGGGGGGGGGGGGGGG
0	>A01759:25:HFL3KDRX3:1:2101:17092:1063/1	50	GGGGAATCCCCCGCGAGGGGGGTCTCCCCCGCGGGGGCGCGCCGGCGTCTCCTCGTGGGGGGGCCGGGCCACCCCTCCCACGGCGCGACCGCTCTCCCAGATCGGAAGAGCACACGTCTGAACTCCAGTCACTTTGGGATAGCTCGGATGC
0	>A01759:25:HFL3KDRX3:1:2101:9010:1000/2	20	CCCAAAATCAAGGGATGGGACTTACCCCTCTGTTATTTGAGGGCAGAATGGAAGATTTGTTTATTCTTCCCATTGTATGTATTTATTGAGTCATCTGTTTAGATCGGAAGAGCGTCGTGTAGGGAAAGAGTGTGTTCACGTGTGTAGATCT
0	>A01759:25:HFL3KDRX3:1:2101:32226:1000/2	20	AAGGAATTGACGGAAGGGCACCACCAGGAGTGGAGCCTGCGGCTTAATTTGACTCAACACGGGAAACCTCACCAGATCGGAAGAGCGTCGTGTAGGGAAAGAGTGTGTTCACGTGTGTAGATCTCGGTGGTCGGCGTATCATTAAAATGGG
0	>A01759:25:HFL3KDRX3:1:2101:2546:1016/2	30	CTAATTTACAGAAATTTCTTAGAAATTCCTGTTGGAGTAGAGATTTTCTGTTTTAGTAGGATCAAGCCCAACTGCATTGACAAGATCGGAAGAGCGTCGTGTAGGGAAAGAGTGTGTTCACGTGTGTAGATCTCGGTGGTCGCCGTATCAT
0	>A01759:25:HFL3KDRX3:1:2101:32145:1016/2	10	AAGGAGCTCAAAATGTCCACTGCCAGATAGTACGAGAAGATTGTTTCAAACCTGCTCTGTGAAAGGGAATGTTCAACTCTGTGACTTGAATGTAAACATCCCTAAGATGTTTCAGATCGGAAGAGCGTCGTGTAGGGAAAGAGTGTGTTCA
0	>A01759:25:HFL3KDRX3:1:2101:6931:1094/2	20	GAAAGGAATGGAGTGGAATAGACTAGAGTGGAATGGAATGGACTGGAAAGCAATGGGCTGGAATGGAACTTTCTTGAATGGACTGGAAAGATCGGAAGAGCGTCGTGTAGGGAAAGAGTGTGTTCACGTGTGTAGATCTCGGTGGTCGCCG
0	>A01759:25:HFL3KDRX3:1:2101:11605:1047/2	30	CTTTACTCAGATTTCCATGGTCACCTTAGCTAGTGCCAATGCCCTTTCTCAGATCGGAAGAGCGTCGTGTAGGGAAAGAGTGTGTTCACGTGTGTAGATCTCGGTGGTCGCCGTATCATTAAAAAGGGTGTGGGGGGGGGGGGGGGGGGGG
0	>A01759:25:HFL3KDRX3:1:2101:15835:1047/2	20	AGGAGATCGAGACCATCCTAGCTAACACAGTGAAACCCCATCTCTACTAAAAATACAAAAAATTAGCCAGGCGTGGTGGTGGGCGCCTGTAGTCCCAGAGATCGGAAGAGCGTCGTGTAGGGAAAGAGTGTGTTCACGTGTGTAGATCTCG
0	>A01759:25:HFL3KDRX3:1:2101:1904:1063/2	20	TCTGATTCTGCCGCCACCATTAAAGACTTATACTACTTATCACAATCACCGCTGACCTTTGCAGGTGATACAGGCGATAGCGTTGCTAAAAAACGAGATCGGAAGAGCGTCGTGTAGGGAAAGAGTGTGTTCACGTGTGTAGATCTCGGTG
0	>A01759:25:HFL3KDRX3:1:2101:25066:1031/2	50	TGGGGGGGGGGCGCGCCGGCGCCCGCCGGGCTCCCCGGGGGCGGCCGCGACGCCCGCCGCAGCTGGGGCGATCCACGGGAAGGGCCCGGCTCGCGTCCAGAGATCGGAAGAGCGTCGTGTAGGGAAAGAGTGTGTTCACGTGTGTAGATCT
0	>A01759:25:HFL3KDRX3:1:2101:27019:1031/2	10	CGGAGGTTGGGTTCTGCTCCGAGGTCGCCCCAACCGAAATTTTTAATGCAGGTTTGGTAGTTTAGGACCTGTGGGTTTGTTAGGTACTGTTTGCATTAATAAATTAAAGAGATCGGAAGAGCGTCGTGTAGGGAAAGAGTGTGTTCACGTG
0	>A01759:25:HFL3KDRX3:1:2101:29170:1031/2	30	GGGTCATGGGAATAACGCCGCCGCATCGCCGGTCGGCATCGTTTATGGTCGGAACTACGACGGTATCTGATCGTCTTCGAACCTCCGAGATCGGAAGAGCGTCGTGTAGGGAAAGAGTGTGTTCACGTGTGTAGATCTCGGTGGTCGCCGT
0	>A01759:25:HFL3KDRX3:1:2101:20166:1094/2	30	CCGGTATTTAGCCTTAGATGGAGTTTACCACCCGCTTTGGGCTGCATTCCCAAGCAACCCGACTCCGGAGATCGGAAGAGCGTCGTGTAGGGAAAGAGTGTGTTCACGTGTGTAGATCTCGGTGGTCGCCGTATCATTAAAAAAAGAGGGG
0	>A01759:25:HFL3KDRX3:1:2101:30490:1094/2	50	GAGAAAGCAAAAGCGATTGCCTTAGTAGCGGCGAGCGAAACGGCAGAAGGGCAAGATCGGAAGAGCGTCGTGTAGGGAAAGAGTGTGTTCACGTGTGTAGATCTCGGTGGTCGCCGTATCATTAAAAATGGTGGGTGTGGGGGGGGGGGGG
0	>A01759:25:HFL3KDRX3:1:2101:17092:1063/2	60	GGGAGAGCGGTCGCGCCGTGGGAGGGGTGGCCCGGCCCCCCCACGAGGAGACGCCGGCGCGCCCCCGCGGGGGAGACCCCCCTCGCGGGGGATTCCCCAGATCGGAAGAGCGTCGTGTAGGGAAAGAGTGTGTTCACGTGTGTAGATCTCG
1	>A01759:25:HFL3KDRX3:1:2101:7907:1000/1	90	NTCCGGTACATTTTCGGCGCAGGGTCACTCGACTAGTGAGCTATTACGCACTCTTTGAATGAATAGCTGCTTCTAAGCTAACATCCTAGTTGTCTGTGCAACCCCACATCCTTTTCCACTTAACAATTATTTTGGGACCTTAGCTGGTGGT
1	>A01759:25:HFL3KDRX3:1:2101:7907:1000/2	90	GCCCAGACCACCAGCTAAGGTCCCAAAATAATTGTTAAGTGGAAAAGGATGTGGGGTTGCACAGACAACTAGGATGTTAGCTTAGAAGCAGCTATTCATTCAAAGAGTGCGTAATAGCTCACTAGTCGAGTGACCCTGCGCCGAAAATGTA
2	>A01759:25:HFL3KDRX3:1:2101:23104:1016/1	90	CTTTTCCTCGGGGTACTGAGATGTTTCACTTCTCCCGGTTTGCCTTACACAGTAAACTGTGTAATAACCAACTTGTGTTGGTTGGGTTTCCCCATTCAGAAATCGCCGGGTCACAGGATATTGCCACCTCACCGACGCTTATCGCAGGCTG
2	>A01759:25:HFL3KDRX3:1:2101:24505:1094/1	70	ATAAGCGTCGGTGAGGTGGCAATATCCTGTGACCCGGCGATTTCTGAATGGGGAAACACAACCAACATAAGTTGGTTATTACACAGTTTACTGTGTAAGGCAAACCGGGAGAAGTGAAACATCTCAGTACCCCGAGGAAAAGACATCAAAT
2	>A01759:25:HFL3KDRX3:1:2101:4860:1016/2	90	TTGGCAGTCAGAGGCGAAGAAAGACGTGACAGCCTGCGATAAGCGTCGGTGAGGTGGCAATATCCTGTGACCCGGCGATTTCTGAATGGGGAAACCCAACCAACACAAGTTGGTTATTACACAGTTTACTGTGTAAGGCAAACCGGGAGAA
2	>A01759:25:HFL3KDRX3:1:2101:23104:1016/2	70	GTGGATGCCTTGGCAGTCAGAGGCGAAGAAAGACGTGACAGCCTGCGATAAGCGTCGGTGAGGTGGCAATATCCTGTGACCCGGCGATTTCTGTATGGGGAAACCCAACCAACACAAGTTGGTTATTACACAGTTTACTGTGTAAGGCAAA
2	>A01759:25:HFL3KDRX3:1:2101:24505:1094/2	90	CTTAAACAGTTTCGCATACAGGACTATCACCTACTATGGTTGGCTTTCCCACGCCATTTTGCTACTGTAAAATTGATCGGCTCCTCCGTGTTCGCTCGCCGCTACTTACGGAATCTCATTTGATGTCTTTTCCTCGGGGTACTGAGATGTT
2	>A01759:25:HFL3KDRX3:1:2101:15718:1063/2	40	CCACCTCACCGACGCTTATCGCAGGCTGTCACGTCTTTCTTCGCCTCTGACTGCCAAGGCAGATCGGAAGAGCGTCGTGTAGGGAAAGAGTGTGTTCACGTGTGTAGATCTCGGTGGTCGCCGTATCATTAAAAGGGGGGGGGGGGGGGGG
