The flag 'directory' used in rule salmonQuant is only valid for outputs, not inputs.
Building DAG of jobs...
Using shell: /usr/bin/bash
Provided cores: 1 (use --cores to define parallelism)
Rules claiming more threads will be scaled down.
Provided resources: mem_mb=65536, mem_mib=62500, disk_mb=1000, disk_mib=954
Select jobs to execute...

[Fri May 16 17:44:08 2025]
rule starAfterBowtie:
    input: /data/vrc_his/douek_lab/projects/PathSeq/cokie_pathseq_rewrite/PathSeq/SlurmBaseCode/starAfterBowtie.sh, /data/vrc_his/douek_lab/projects/PathSeq/cokie_pathseq_rewrite/PathSeq/Tests/Skyline0/Output/Sample_582760806_A5_S33_R1_001_short_test/Generated_Data_2nd_Bowtie_Alignment_Unmasked_Genome/unalignedRead1AgainstGenome_582760806_A5_S33_R1_001_short_test.fq, /data/vrc_his/douek_lab/projects/PathSeq/cokie_pathseq_rewrite/PathSeq/Tests/Skyline0/Output/Sample_582760806_A5_S33_R1_001_short_test/Generated_Data_2nd_Bowtie_Alignment_Unmasked_Genome/unalignedRead2AgainstGenome_582760806_A5_S33_R2_001_short_test.fq
    output: /data/vrc_his/douek_lab/projects/PathSeq/cokie_pathseq_rewrite/PathSeq/Tests/Skyline0/Output/Sample_582760806_A5_S33_R1_001_short_test/Generated_Data_Star_Alignment/582760806_A5_S33_R1_001_short_test_unalignedRead1AgainstTranscriptome.fq, /data/vrc_his/douek_lab/projects/PathSeq/cokie_pathseq_rewrite/PathSeq/Tests/Skyline0/Output/Sample_582760806_A5_S33_R1_001_short_test/Generated_Data_Star_Alignment/582760806_A5_S33_R2_001_short_test_unalignedRead2AgainstTranscriptome.fq, /data/vrc_his/douek_lab/projects/PathSeq/cokie_pathseq_rewrite/PathSeq/Tests/Skyline0/Output/Sample_582760806_A5_S33_R1_001_short_test/Generated_Data_Star_Alignment/582760806_A5_S33_R1_001_short_test_star_alignment_stats.txt
    jobid: 0
    reason: Missing output files: /data/vrc_his/douek_lab/projects/PathSeq/cokie_pathseq_rewrite/PathSeq/Tests/Skyline0/Output/Sample_582760806_A5_S33_R1_001_short_test/Generated_Data_Star_Alignment/582760806_A5_S33_R2_001_short_test_unalignedRead2AgainstTranscriptome.fq, /data/vrc_his/douek_lab/projects/PathSeq/cokie_pathseq_rewrite/PathSeq/Tests/Skyline0/Output/Sample_582760806_A5_S33_R1_001_short_test/Generated_Data_Star_Alignment/582760806_A5_S33_R1_001_short_test_unalignedRead1AgainstTranscriptome.fq, /data/vrc_his/douek_lab/projects/PathSeq/cokie_pathseq_rewrite/PathSeq/Tests/Skyline0/Output/Sample_582760806_A5_S33_R1_001_short_test/Generated_Data_Star_Alignment/582760806_A5_S33_R1_001_short_test_star_alignment_stats.txt
    wildcards: sample=582760806_A5_S33
    resources: mem_mb=65536, mem_mib=62500, disk_mb=1000, disk_mib=954, tmpdir=/data/scratch/parkercol/ai-hpcsubmit2, runtime=2880


        module purge
        module load star
        which STAR
        module load samtools
        which samtools

        bash /data/vrc_his/douek_lab/projects/PathSeq/cokie_pathseq_rewrite/PathSeq/SlurmBaseCode/starAfterBowtie.sh /data/vrc_his/douek_lab/projects/PathSeq/cokie_pathseq_rewrite/PathSeq/SlurmBaseCode/ /data/vrc_his/douek_lab/projects/PathSeq/cokie_pathseq_rewrite/PathSeq/Tests/Skyline0/Output/Sample_582760806_A5_S33_R1_001_short_test/Generated_Data_2nd_Bowtie_Alignment_Unmasked_Genome/unalignedRead1AgainstGenome_582760806_A5_S33_R1_001_short_test.fq /data/vrc_his/douek_lab/projects/PathSeq/cokie_pathseq_rewrite/PathSeq/Tests/Skyline0/Output/Sample_582760806_A5_S33_R1_001_short_test/Generated_Data_2nd_Bowtie_Alignment_Unmasked_Genome/unalignedRead2AgainstGenome_582760806_A5_S33_R2_001_short_test.fq         582760806_A5_S33_R1_001_short_test 582760806_A5_S33_R2_001_short_test /data/vrc_his/douek_lab/projects/PathSeq/cokie_pathseq_rewrite/PathSeq/Tests/Skyline0/Output/Sample_582760806_A5_S33_R1_001_short_test/ /data/vrc_his/douek_lab/projects/PathSeq/cokie_pathseq_rewrite/StarReindex/
        
/data/apps/software/spack/linux-rocky9-x86_64_v3/gcc-11.3.1/star-2.7.10b-djwbspg7savasevzsvc6diekfeeg2rwl/bin/STAR
/data/apps/software/spack/linux-rocky9-x86_64_v3/gcc-11.3.1/samtools-1.21-57fumi7zpuewerxzvu2r3bwkgsuat2gj/bin/samtools
STAR AFTER BOWTIE INPUTS:
codePath:
/data/vrc_his/douek_lab/projects/PathSeq/cokie_pathseq_rewrite/PathSeq/SlurmBaseCode/
Directory exists: /data/vrc_his/douek_lab/projects/PathSeq/cokie_pathseq_rewrite/PathSeq/SlurmBaseCode/
dos2unix: converting file /data/vrc_his/douek_lab/projects/PathSeq/cokie_pathseq_rewrite/PathSeq/SlurmBaseCode/dir_check.sh to Unix format...
leftUnalignedFile:
/data/vrc_his/douek_lab/projects/PathSeq/cokie_pathseq_rewrite/PathSeq/Tests/Skyline0/Output/Sample_582760806_A5_S33_R1_001_short_test/Generated_Data_2nd_Bowtie_Alignment_Unmasked_Genome/unalignedRead1AgainstGenome_582760806_A5_S33_R1_001_short_test.fq
rightUnalignedFile:
/data/vrc_his/douek_lab/projects/PathSeq/cokie_pathseq_rewrite/PathSeq/Tests/Skyline0/Output/Sample_582760806_A5_S33_R1_001_short_test/Generated_Data_2nd_Bowtie_Alignment_Unmasked_Genome/unalignedRead2AgainstGenome_582760806_A5_S33_R2_001_short_test.fq
output_base_name:
582760806_A5_S33_R1_001_short_test
582760806_A5_S33_R2_001_short_test
hg38_starDB:
/data/vrc_his/douek_lab/projects/PathSeq/cokie_pathseq_rewrite/StarReindex/
File  
/data/vrc_his/douek_lab/projects/PathSeq/cokie_pathseq_rewrite/StarReindex/
was not found in directory  
SkylineTest0
File  
/data/vrc_his/douek_lab/projects/PathSeq/cokie_pathseq_rewrite/StarReindex/
was not found in directory  
SkylineTest0
[Fri May 16 17:44:10 2025]
Error in rule starAfterBowtie:
    jobid: 0
    input: /data/vrc_his/douek_lab/projects/PathSeq/cokie_pathseq_rewrite/PathSeq/SlurmBaseCode/starAfterBowtie.sh, /data/vrc_his/douek_lab/projects/PathSeq/cokie_pathseq_rewrite/PathSeq/Tests/Skyline0/Output/Sample_582760806_A5_S33_R1_001_short_test/Generated_Data_2nd_Bowtie_Alignment_Unmasked_Genome/unalignedRead1AgainstGenome_582760806_A5_S33_R1_001_short_test.fq, /data/vrc_his/douek_lab/projects/PathSeq/cokie_pathseq_rewrite/PathSeq/Tests/Skyline0/Output/Sample_582760806_A5_S33_R1_001_short_test/Generated_Data_2nd_Bowtie_Alignment_Unmasked_Genome/unalignedRead2AgainstGenome_582760806_A5_S33_R2_001_short_test.fq
    output: /data/vrc_his/douek_lab/projects/PathSeq/cokie_pathseq_rewrite/PathSeq/Tests/Skyline0/Output/Sample_582760806_A5_S33_R1_001_short_test/Generated_Data_Star_Alignment/582760806_A5_S33_R1_001_short_test_unalignedRead1AgainstTranscriptome.fq, /data/vrc_his/douek_lab/projects/PathSeq/cokie_pathseq_rewrite/PathSeq/Tests/Skyline0/Output/Sample_582760806_A5_S33_R1_001_short_test/Generated_Data_Star_Alignment/582760806_A5_S33_R2_001_short_test_unalignedRead2AgainstTranscriptome.fq, /data/vrc_his/douek_lab/projects/PathSeq/cokie_pathseq_rewrite/PathSeq/Tests/Skyline0/Output/Sample_582760806_A5_S33_R1_001_short_test/Generated_Data_Star_Alignment/582760806_A5_S33_R1_001_short_test_star_alignment_stats.txt
    shell:
        
        module purge
        module load star
        which STAR
        module load samtools
        which samtools

        bash /data/vrc_his/douek_lab/projects/PathSeq/cokie_pathseq_rewrite/PathSeq/SlurmBaseCode/starAfterBowtie.sh /data/vrc_his/douek_lab/projects/PathSeq/cokie_pathseq_rewrite/PathSeq/SlurmBaseCode/ /data/vrc_his/douek_lab/projects/PathSeq/cokie_pathseq_rewrite/PathSeq/Tests/Skyline0/Output/Sample_582760806_A5_S33_R1_001_short_test/Generated_Data_2nd_Bowtie_Alignment_Unmasked_Genome/unalignedRead1AgainstGenome_582760806_A5_S33_R1_001_short_test.fq /data/vrc_his/douek_lab/projects/PathSeq/cokie_pathseq_rewrite/PathSeq/Tests/Skyline0/Output/Sample_582760806_A5_S33_R1_001_short_test/Generated_Data_2nd_Bowtie_Alignment_Unmasked_Genome/unalignedRead2AgainstGenome_582760806_A5_S33_R2_001_short_test.fq         582760806_A5_S33_R1_001_short_test 582760806_A5_S33_R2_001_short_test /data/vrc_his/douek_lab/projects/PathSeq/cokie_pathseq_rewrite/PathSeq/Tests/Skyline0/Output/Sample_582760806_A5_S33_R1_001_short_test/ /data/vrc_his/douek_lab/projects/PathSeq/cokie_pathseq_rewrite/StarReindex/
        
        (one of the commands exited with non-zero exit code; note that snakemake uses bash strict mode!)

Shutting down, this might take some time.
Exiting because a job execution failed. Look above for error message
