The flag 'directory' used in rule salmonQuant is only valid for outputs, not inputs.
Building DAG of jobs...
Using shell: /usr/bin/bash
Provided cores: 1 (use --cores to define parallelism)
Rules claiming more threads will be scaled down.
Provided resources: mem_mb=65536, mem_mib=62500, disk_mb=1000, disk_mib=954
Select jobs to execute...

[Fri May 23 17:16:57 2025]
rule starAfterBowtie:
    input: /data/home/parkercol/PathSeq/SlurmBaseCode/starAfterBowtie.sh, /data/home/parkercol/PathSeq/Tests/SkylineTest0/Output/Sample_582760806_A5_S33_R1_001_short_test/Generated_Data_2nd_Bowtie_Alignment_Unmasked_Genome/unalignedRead1AgainstGenome_582760806_A5_S33_R1_001_short_test.fq, /data/home/parkercol/PathSeq/Tests/SkylineTest0/Output/Sample_582760806_A5_S33_R1_001_short_test/Generated_Data_2nd_Bowtie_Alignment_Unmasked_Genome/unalignedRead2AgainstGenome_582760806_A5_S33_R2_001_short_test.fq
    output: /data/home/parkercol/PathSeq/Tests/SkylineTest0/Output/Sample_582760806_A5_S33_R1_001_short_test/Generated_Data_Star_Alignment/582760806_A5_S33_R1_001_short_test_unalignedRead1AgainstTranscriptome.fq, /data/home/parkercol/PathSeq/Tests/SkylineTest0/Output/Sample_582760806_A5_S33_R1_001_short_test/Generated_Data_Star_Alignment/582760806_A5_S33_R2_001_short_test_unalignedRead2AgainstTranscriptome.fq, /data/home/parkercol/PathSeq/Tests/SkylineTest0/Output/Sample_582760806_A5_S33_R1_001_short_test/Generated_Data_Star_Alignment/582760806_A5_S33_R1_001_short_test_star_alignment_stats.txt
    jobid: 0
    reason: Missing output files: /data/home/parkercol/PathSeq/Tests/SkylineTest0/Output/Sample_582760806_A5_S33_R1_001_short_test/Generated_Data_Star_Alignment/582760806_A5_S33_R2_001_short_test_unalignedRead2AgainstTranscriptome.fq, /data/home/parkercol/PathSeq/Tests/SkylineTest0/Output/Sample_582760806_A5_S33_R1_001_short_test/Generated_Data_Star_Alignment/582760806_A5_S33_R1_001_short_test_unalignedRead1AgainstTranscriptome.fq, /data/home/parkercol/PathSeq/Tests/SkylineTest0/Output/Sample_582760806_A5_S33_R1_001_short_test/Generated_Data_Star_Alignment/582760806_A5_S33_R1_001_short_test_star_alignment_stats.txt
    wildcards: sample=582760806_A5_S33
    resources: mem_mb=65536, mem_mib=62500, disk_mb=1000, disk_mib=954, tmpdir=/data/scratch/parkercol/ai-hpcsubmit2, runtime=2880


        module purge
        module load star
        which STAR
        module load samtools
        which samtools

        bash /data/home/parkercol/PathSeq/SlurmBaseCode/starAfterBowtie.sh /data/home/parkercol/PathSeq/SlurmBaseCode/ /data/home/parkercol/PathSeq/Tests/SkylineTest0/Output/Sample_582760806_A5_S33_R1_001_short_test/Generated_Data_2nd_Bowtie_Alignment_Unmasked_Genome/unalignedRead1AgainstGenome_582760806_A5_S33_R1_001_short_test.fq /data/home/parkercol/PathSeq/Tests/SkylineTest0/Output/Sample_582760806_A5_S33_R1_001_short_test/Generated_Data_2nd_Bowtie_Alignment_Unmasked_Genome/unalignedRead2AgainstGenome_582760806_A5_S33_R2_001_short_test.fq         582760806_A5_S33_R1_001_short_test 582760806_A5_S33_R2_001_short_test /data/home/parkercol/PathSeq/Tests/SkylineTest0/Output/Sample_582760806_A5_S33_R1_001_short_test/ /data/vrc_his/douek_lab/projects/PathSeq/cokie_pathseq_rewrite/PathseqReferenceData/StarReindex/
        
/data/apps/software/spack/linux-rocky9-x86_64_v3/gcc-11.3.1/star-2.7.10b-djwbspg7savasevzsvc6diekfeeg2rwl/bin/STAR
/data/apps/software/spack/linux-rocky9-x86_64_v3/gcc-11.3.1/samtools-1.21-57fumi7zpuewerxzvu2r3bwkgsuat2gj/bin/samtools
STAR AFTER BOWTIE INPUTS:
codePath:
/data/home/parkercol/PathSeq/SlurmBaseCode/
Directory exists: /data/home/parkercol/PathSeq/SlurmBaseCode/
dos2unix: converting file /data/home/parkercol/PathSeq/SlurmBaseCode/dir_check.sh to Unix format...
leftUnalignedFile:
/data/home/parkercol/PathSeq/Tests/SkylineTest0/Output/Sample_582760806_A5_S33_R1_001_short_test/Generated_Data_2nd_Bowtie_Alignment_Unmasked_Genome/unalignedRead1AgainstGenome_582760806_A5_S33_R1_001_short_test.fq
rightUnalignedFile:
/data/home/parkercol/PathSeq/Tests/SkylineTest0/Output/Sample_582760806_A5_S33_R1_001_short_test/Generated_Data_2nd_Bowtie_Alignment_Unmasked_Genome/unalignedRead2AgainstGenome_582760806_A5_S33_R2_001_short_test.fq
output_base_name:
582760806_A5_S33_R1_001_short_test
582760806_A5_S33_R2_001_short_test
hg38_starDB:
/data/vrc_his/douek_lab/projects/PathSeq/cokie_pathseq_rewrite/PathseqReferenceData/StarReindex/
outputPath:
/data/home/parkercol/PathSeq/Tests/SkylineTest0/Output/Sample_582760806_A5_S33_R1_001_short_test/
Directory exists: /data/home/parkercol/PathSeq/Tests/SkylineTest0/Output/Sample_582760806_A5_S33_R1_001_short_test/
mkdir: cannot create directory ‘/data/home/parkercol/PathSeq/Tests/SkylineTest0/Output/Sample_582760806_A5_S33_R1_001_short_test/alignment_stats’: File exists
mkdir: cannot create directory ‘/data/home/parkercol/PathSeq/Tests/SkylineTest0/Output/Sample_582760806_A5_S33_R1_001_short_test/Generated_Data_Star_Alignment’: File exists
Generated_Data_Star_Alignment
CHECKPOINT 1: star command:
starCmd
BAM out file name:
582760806_A5_S33_R1_001_short_testAligned.sortedByCoord.out.bam
Log.out file name:
582760806_A5_S33_R1_001_short_testLog.final.out
FINISHED star command
END OF STAR FILE
[Fri May 23 17:17:25 2025]
Finished job 0.
1 of 1 steps (100%) done
