The flag 'directory' used in rule salmonQuant is only valid for outputs, not inputs.
Building DAG of jobs...
Using shell: /usr/bin/bash
Provided cores: 1 (use --cores to define parallelism)
Rules claiming more threads will be scaled down.
Provided resources: mem_mb=65536, mem_mib=62500, disk_mb=12351, disk_mib=11779
Select jobs to execute...

[Fri May 16 21:47:23 2025]
rule starAfterBowtie:
    input: /data/vrc_his/douek_lab/projects/PathSeq/cokie_pathseq_rewrite/PathSeq/SlurmBaseCode/starAfterBowtie.sh, /data/vrc_his/douek_lab/projects/PathSeq/Krystelle/pathseqResults/Sample_CM066_S41_L002_R1_001/Generated_Data_2nd_Bowtie_Alignment_Unmasked_Genome/unalignedRead1AgainstGenome_CM066_S41_L002_R1_001.fq, /data/vrc_his/douek_lab/projects/PathSeq/Krystelle/pathseqResults/Sample_CM066_S41_L002_R1_001/Generated_Data_2nd_Bowtie_Alignment_Unmasked_Genome/unalignedRead2AgainstGenome_CM066_S41_L002_R2_001.fq
    output: /data/vrc_his/douek_lab/projects/PathSeq/Krystelle/pathseqResults/Sample_CM066_S41_L002_R1_001/Generated_Data_Star_Alignment/CM066_S41_L002_R1_001_unalignedRead1AgainstTranscriptome.fq, /data/vrc_his/douek_lab/projects/PathSeq/Krystelle/pathseqResults/Sample_CM066_S41_L002_R1_001/Generated_Data_Star_Alignment/CM066_S41_L002_R2_001_unalignedRead2AgainstTranscriptome.fq, /data/vrc_his/douek_lab/projects/PathSeq/Krystelle/pathseqResults/Sample_CM066_S41_L002_R1_001/Generated_Data_Star_Alignment/CM066_S41_L002_R1_001_star_alignment_stats.txt
    jobid: 0
    reason: Missing output files: /data/vrc_his/douek_lab/projects/PathSeq/Krystelle/pathseqResults/Sample_CM066_S41_L002_R1_001/Generated_Data_Star_Alignment/CM066_S41_L002_R1_001_star_alignment_stats.txt, /data/vrc_his/douek_lab/projects/PathSeq/Krystelle/pathseqResults/Sample_CM066_S41_L002_R1_001/Generated_Data_Star_Alignment/CM066_S41_L002_R1_001_unalignedRead1AgainstTranscriptome.fq, /data/vrc_his/douek_lab/projects/PathSeq/Krystelle/pathseqResults/Sample_CM066_S41_L002_R1_001/Generated_Data_Star_Alignment/CM066_S41_L002_R2_001_unalignedRead2AgainstTranscriptome.fq
    wildcards: sample=CM066_S41_L002
    resources: mem_mb=65536, mem_mib=62500, disk_mb=12351, disk_mib=11779, tmpdir=/data/scratch/parkercol/ai-hpcsubmit2, runtime=2880


        module purge
        module load star
        which STAR
        module load samtools
        which samtools

        bash /data/vrc_his/douek_lab/projects/PathSeq/cokie_pathseq_rewrite/PathSeq/SlurmBaseCode/starAfterBowtie.sh /data/vrc_his/douek_lab/projects/PathSeq/cokie_pathseq_rewrite/PathSeq/SlurmBaseCode/ /data/vrc_his/douek_lab/projects/PathSeq/Krystelle/pathseqResults/Sample_CM066_S41_L002_R1_001/Generated_Data_2nd_Bowtie_Alignment_Unmasked_Genome/unalignedRead1AgainstGenome_CM066_S41_L002_R1_001.fq /data/vrc_his/douek_lab/projects/PathSeq/Krystelle/pathseqResults/Sample_CM066_S41_L002_R1_001/Generated_Data_2nd_Bowtie_Alignment_Unmasked_Genome/unalignedRead2AgainstGenome_CM066_S41_L002_R2_001.fq         CM066_S41_L002_R1_001 CM066_S41_L002_R2_001 /data/vrc_his/douek_lab/projects/PathSeq/Krystelle/pathseqResults/Sample_CM066_S41_L002_R1_001/ /data/vrc_his/douek_lab/projects/PathSeq/cokie_pathseq_rewrite/StarReindex/
        
/data/apps/software/spack/linux-rocky9-x86_64_v3/gcc-11.3.1/star-2.7.10b-djwbspg7savasevzsvc6diekfeeg2rwl/bin/STAR
/data/apps/software/spack/linux-rocky9-x86_64_v3/gcc-11.3.1/samtools-1.21-57fumi7zpuewerxzvu2r3bwkgsuat2gj/bin/samtools
STAR AFTER BOWTIE INPUTS:
codePath:
/data/vrc_his/douek_lab/projects/PathSeq/cokie_pathseq_rewrite/PathSeq/SlurmBaseCode/
Directory exists: /data/vrc_his/douek_lab/projects/PathSeq/cokie_pathseq_rewrite/PathSeq/SlurmBaseCode/
dos2unix: converting file /data/vrc_his/douek_lab/projects/PathSeq/cokie_pathseq_rewrite/PathSeq/SlurmBaseCode/dir_check.sh to Unix format...
leftUnalignedFile:
/data/vrc_his/douek_lab/projects/PathSeq/Krystelle/pathseqResults/Sample_CM066_S41_L002_R1_001/Generated_Data_2nd_Bowtie_Alignment_Unmasked_Genome/unalignedRead1AgainstGenome_CM066_S41_L002_R1_001.fq
rightUnalignedFile:
/data/vrc_his/douek_lab/projects/PathSeq/Krystelle/pathseqResults/Sample_CM066_S41_L002_R1_001/Generated_Data_2nd_Bowtie_Alignment_Unmasked_Genome/unalignedRead2AgainstGenome_CM066_S41_L002_R2_001.fq
output_base_name:
CM066_S41_L002_R1_001
CM066_S41_L002_R2_001
hg38_starDB:
/data/vrc_his/douek_lab/projects/PathSeq/cokie_pathseq_rewrite/StarReindex/
File  
/data/vrc_his/douek_lab/projects/PathSeq/cokie_pathseq_rewrite/StarReindex/
was not found in directory  
SkylineTest0
File  
/data/vrc_his/douek_lab/projects/PathSeq/cokie_pathseq_rewrite/StarReindex/
was not found in directory  
SkylineTest0
[Fri May 16 21:47:26 2025]
Error in rule starAfterBowtie:
    jobid: 0
    input: /data/vrc_his/douek_lab/projects/PathSeq/cokie_pathseq_rewrite/PathSeq/SlurmBaseCode/starAfterBowtie.sh, /data/vrc_his/douek_lab/projects/PathSeq/Krystelle/pathseqResults/Sample_CM066_S41_L002_R1_001/Generated_Data_2nd_Bowtie_Alignment_Unmasked_Genome/unalignedRead1AgainstGenome_CM066_S41_L002_R1_001.fq, /data/vrc_his/douek_lab/projects/PathSeq/Krystelle/pathseqResults/Sample_CM066_S41_L002_R1_001/Generated_Data_2nd_Bowtie_Alignment_Unmasked_Genome/unalignedRead2AgainstGenome_CM066_S41_L002_R2_001.fq
    output: /data/vrc_his/douek_lab/projects/PathSeq/Krystelle/pathseqResults/Sample_CM066_S41_L002_R1_001/Generated_Data_Star_Alignment/CM066_S41_L002_R1_001_unalignedRead1AgainstTranscriptome.fq, /data/vrc_his/douek_lab/projects/PathSeq/Krystelle/pathseqResults/Sample_CM066_S41_L002_R1_001/Generated_Data_Star_Alignment/CM066_S41_L002_R2_001_unalignedRead2AgainstTranscriptome.fq, /data/vrc_his/douek_lab/projects/PathSeq/Krystelle/pathseqResults/Sample_CM066_S41_L002_R1_001/Generated_Data_Star_Alignment/CM066_S41_L002_R1_001_star_alignment_stats.txt
    shell:
        
        module purge
        module load star
        which STAR
        module load samtools
        which samtools

        bash /data/vrc_his/douek_lab/projects/PathSeq/cokie_pathseq_rewrite/PathSeq/SlurmBaseCode/starAfterBowtie.sh /data/vrc_his/douek_lab/projects/PathSeq/cokie_pathseq_rewrite/PathSeq/SlurmBaseCode/ /data/vrc_his/douek_lab/projects/PathSeq/Krystelle/pathseqResults/Sample_CM066_S41_L002_R1_001/Generated_Data_2nd_Bowtie_Alignment_Unmasked_Genome/unalignedRead1AgainstGenome_CM066_S41_L002_R1_001.fq /data/vrc_his/douek_lab/projects/PathSeq/Krystelle/pathseqResults/Sample_CM066_S41_L002_R1_001/Generated_Data_2nd_Bowtie_Alignment_Unmasked_Genome/unalignedRead2AgainstGenome_CM066_S41_L002_R2_001.fq         CM066_S41_L002_R1_001 CM066_S41_L002_R2_001 /data/vrc_his/douek_lab/projects/PathSeq/Krystelle/pathseqResults/Sample_CM066_S41_L002_R1_001/ /data/vrc_his/douek_lab/projects/PathSeq/cokie_pathseq_rewrite/StarReindex/
        
        (one of the commands exited with non-zero exit code; note that snakemake uses bash strict mode!)

Shutting down, this might take some time.
Exiting because a job execution failed. Look above for error message
