The flag 'directory' used in rule salmonQuant is only valid for outputs, not inputs.
Building DAG of jobs...
Using shell: /usr/bin/bash
Provided cluster nodes: 100
Job stats:
job                    count    min threads    max threads
-------------------  -------  -------------  -------------
all                        1              1              1
bowtiePrimate              1              1              1
bowtieUnmasked             1              1              1
buildSalmon                1              1              1
filterHostBlast            1              1              1
kaiju                      1              1              1
markSampleCompleted        1              1              1
mergeTaxAndQuant           7              1              1
salmonQuant                7              1              1
starAfterBowtie            1              1              1
trinity                    1              1              1
total                     23              1              1

Select jobs to execute...

[Fri May 23 17:15:10 2025]
rule bowtieUnmasked:
    input: /data/home/parkercol/PathSeq/SlurmBaseCode/bowtieUnmaskedGenome.sh, /data/home/parkercol/PathSeq/Tests/TestInput/582760806_A5_S33_R1_001_short_test.fastq.gz, /data/home/parkercol/PathSeq/Tests/TestInput/582760806_A5_S33_R2_001_short_test.fastq.gz, /data/vrc_his/douek_lab/projects/PathSeq/cokie_pathseq_rewrite/PathseqExternalPrograms/picard_2.18.14/picard.jar
    output: /data/home/parkercol/PathSeq/Tests/SkylineTest0/Output/Sample_582760806_A5_S33_R1_001_short_test/Generated_Data_2nd_Bowtie_Alignment_Unmasked_Genome/unalignedRead1AgainstGenome_582760806_A5_S33_R1_001_short_test.fq, /data/home/parkercol/PathSeq/Tests/SkylineTest0/Output/Sample_582760806_A5_S33_R1_001_short_test/Generated_Data_2nd_Bowtie_Alignment_Unmasked_Genome/unalignedRead2AgainstGenome_582760806_A5_S33_R2_001_short_test.fq, /data/home/parkercol/PathSeq/Tests/SkylineTest0/Output/Sample_582760806_A5_S33_R1_001_short_test/ERCC_alignment_rates/ERCC_alignment_rate_582760806_A5_S33_R1_001_short_test.txt, /data/home/parkercol/PathSeq/Tests/SkylineTest0/Output/Sample_582760806_A5_S33_R1_001_short_test/Generated_Data_2nd_Bowtie_Alignment_Unmasked_Genome/picard_stderr_582760806_A5_S33_R1_001_short_test.txt, /data/home/parkercol/PathSeq/Tests/SkylineTest0/Output/Sample_582760806_A5_S33_R1_001_short_test/Generated_Data_2nd_Bowtie_Alignment_Unmasked_Genome/picard_stdout_582760806_A5_S33_R1_001_short_test.txt, /data/home/parkercol/PathSeq/Tests/SkylineTest0/Output/Sample_582760806_A5_S33_R1_001_short_test/finished_bowtieUnmaskedGenome.txt
    jobid: 9
    reason: Updated input files: /data/vrc_his/douek_lab/projects/PathSeq/cokie_pathseq_rewrite/PathseqExternalPrograms/picard_2.18.14/picard.jar
    wildcards: sample=582760806_A5_S33
    resources: mem_mb=65536, mem_mib=62500, disk_mb=1000, disk_mib=954, tmpdir=<TBD>, runtime=2880


        module purge
        module load openjdk
        which java
        module load bowtie2
        which bowtie2
        module load samtools
        which samtools
        module load r
        which R

        bash /data/home/parkercol/PathSeq/SlurmBaseCode/bowtieUnmaskedGenome.sh /data/home/parkercol/PathSeq/SlurmBaseCode/ 582760806_A5_S33_R1_001_short_test 582760806_A5_S33_R2_001_short_test /data/home/parkercol/PathSeq/Tests/TestInput/582760806_A5_S33_R1_001_short_test.fastq.gz         /data/home/parkercol/PathSeq/Tests/TestInput/582760806_A5_S33_R2_001_short_test.fastq.gz /data/home/parkercol/PathSeq/Tests/SkylineTest0/Output/ /data/vrc_his/douek_lab/reference_sets/ERCC/ERCC92         /data/vrc_his/douek_lab/reference_sets/hg19/unmasked/genome /data/vrc_his/douek_lab/projects/PathSeq/cokie_pathseq_rewrite/PathseqExternalPrograms/picard_2.18.14/picard.jar
        
bowtieUnmasked: submission command "sbatch --cpus-per-task=1 --mem=65536 --time=2880 --output=logs/bowtieUnmasked-%j.out --partition=all --job-name=bowtieUnmasked /data/home/parkercol/PathSeq/Tests/SkylineTest0/.snakemake/tmp.x_cd8jf8/snakejob.bowtieUnmasked.9.sh
Submitted job 9 with external jobid 'Submitted batch job 2672294'.
[Fri May 23 17:16:20 2025]
Finished job 9.
1 of 23 steps (4%) done
Select jobs to execute...

[Fri May 23 17:16:20 2025]
rule starAfterBowtie:
    input: /data/home/parkercol/PathSeq/SlurmBaseCode/starAfterBowtie.sh, /data/home/parkercol/PathSeq/Tests/SkylineTest0/Output/Sample_582760806_A5_S33_R1_001_short_test/Generated_Data_2nd_Bowtie_Alignment_Unmasked_Genome/unalignedRead1AgainstGenome_582760806_A5_S33_R1_001_short_test.fq, /data/home/parkercol/PathSeq/Tests/SkylineTest0/Output/Sample_582760806_A5_S33_R1_001_short_test/Generated_Data_2nd_Bowtie_Alignment_Unmasked_Genome/unalignedRead2AgainstGenome_582760806_A5_S33_R2_001_short_test.fq
    output: /data/home/parkercol/PathSeq/Tests/SkylineTest0/Output/Sample_582760806_A5_S33_R1_001_short_test/Generated_Data_Star_Alignment/582760806_A5_S33_R1_001_short_test_unalignedRead1AgainstTranscriptome.fq, /data/home/parkercol/PathSeq/Tests/SkylineTest0/Output/Sample_582760806_A5_S33_R1_001_short_test/Generated_Data_Star_Alignment/582760806_A5_S33_R2_001_short_test_unalignedRead2AgainstTranscriptome.fq, /data/home/parkercol/PathSeq/Tests/SkylineTest0/Output/Sample_582760806_A5_S33_R1_001_short_test/Generated_Data_Star_Alignment/582760806_A5_S33_R1_001_short_test_star_alignment_stats.txt
    jobid: 8
    reason: Input files updated by another job: /data/home/parkercol/PathSeq/Tests/SkylineTest0/Output/Sample_582760806_A5_S33_R1_001_short_test/Generated_Data_2nd_Bowtie_Alignment_Unmasked_Genome/unalignedRead1AgainstGenome_582760806_A5_S33_R1_001_short_test.fq, /data/home/parkercol/PathSeq/Tests/SkylineTest0/Output/Sample_582760806_A5_S33_R1_001_short_test/Generated_Data_2nd_Bowtie_Alignment_Unmasked_Genome/unalignedRead2AgainstGenome_582760806_A5_S33_R2_001_short_test.fq
    wildcards: sample=582760806_A5_S33
    resources: mem_mb=65536, mem_mib=62500, disk_mb=1000, disk_mib=954, tmpdir=<TBD>, runtime=2880


        module purge
        module load star
        which STAR
        module load samtools
        which samtools

        bash /data/home/parkercol/PathSeq/SlurmBaseCode/starAfterBowtie.sh /data/home/parkercol/PathSeq/SlurmBaseCode/ /data/home/parkercol/PathSeq/Tests/SkylineTest0/Output/Sample_582760806_A5_S33_R1_001_short_test/Generated_Data_2nd_Bowtie_Alignment_Unmasked_Genome/unalignedRead1AgainstGenome_582760806_A5_S33_R1_001_short_test.fq /data/home/parkercol/PathSeq/Tests/SkylineTest0/Output/Sample_582760806_A5_S33_R1_001_short_test/Generated_Data_2nd_Bowtie_Alignment_Unmasked_Genome/unalignedRead2AgainstGenome_582760806_A5_S33_R2_001_short_test.fq         582760806_A5_S33_R1_001_short_test 582760806_A5_S33_R2_001_short_test /data/home/parkercol/PathSeq/Tests/SkylineTest0/Output/Sample_582760806_A5_S33_R1_001_short_test/ /data/vrc_his/douek_lab/projects/PathSeq/cokie_pathseq_rewrite/PathseqReferenceData/StarReindex/
        
starAfterBowtie: submission command "sbatch --cpus-per-task=1 --mem=65536 --time=2880 --output=logs/starAfterBowtie-%j.out --partition=all --job-name=starAfterBowtie /data/home/parkercol/PathSeq/Tests/SkylineTest0/.snakemake/tmp.x_cd8jf8/snakejob.starAfterBowtie.8.sh
Submitted job 8 with external jobid 'Submitted batch job 2672326'.
[Fri May 23 17:17:30 2025]
Finished job 8.
2 of 23 steps (9%) done
Select jobs to execute...

[Fri May 23 17:17:30 2025]
rule bowtiePrimate:
    input: /data/home/parkercol/PathSeq/SlurmBaseCode/bowtiePrimate.sh, /data/home/parkercol/PathSeq/Tests/SkylineTest0/Output/Sample_582760806_A5_S33_R1_001_short_test/Generated_Data_Star_Alignment/582760806_A5_S33_R1_001_short_test_unalignedRead1AgainstTranscriptome.fq, /data/home/parkercol/PathSeq/Tests/SkylineTest0/Output/Sample_582760806_A5_S33_R1_001_short_test/Generated_Data_Star_Alignment/582760806_A5_S33_R2_001_short_test_unalignedRead2AgainstTranscriptome.fq
    output: /data/home/parkercol/PathSeq/Tests/SkylineTest0/Output/Sample_582760806_A5_S33_R1_001_short_test/primate_alignment_rates/unalignedRead1AgainstPrimate_582760806_A5_S33_R1_001_short_test.fq, /data/home/parkercol/PathSeq/Tests/SkylineTest0/Output/Sample_582760806_A5_S33_R1_001_short_test/primate_alignment_rates/unalignedRead1AgainstPrimate_582760806_A5_S33_R2_001_short_test.fq
    jobid: 7
    reason: Input files updated by another job: /data/home/parkercol/PathSeq/Tests/SkylineTest0/Output/Sample_582760806_A5_S33_R1_001_short_test/Generated_Data_Star_Alignment/582760806_A5_S33_R2_001_short_test_unalignedRead2AgainstTranscriptome.fq, /data/home/parkercol/PathSeq/Tests/SkylineTest0/Output/Sample_582760806_A5_S33_R1_001_short_test/Generated_Data_Star_Alignment/582760806_A5_S33_R1_001_short_test_unalignedRead1AgainstTranscriptome.fq
    wildcards: sample=582760806_A5_S33
    resources: mem_mb=65536, mem_mib=62500, disk_mb=1000, disk_mib=954, tmpdir=<TBD>, runtime=2880


        module purge
        module load bowtie2
        which bowtie2
        module load samtools
        which samtools

        bash /data/home/parkercol/PathSeq/SlurmBaseCode/bowtiePrimate.sh /data/home/parkercol/PathSeq/Tests/SkylineTest0/Output/Sample_582760806_A5_S33_R1_001_short_test/Generated_Data_Star_Alignment/582760806_A5_S33_R1_001_short_test_unalignedRead1AgainstTranscriptome.fq /data/home/parkercol/PathSeq/Tests/SkylineTest0/Output/Sample_582760806_A5_S33_R1_001_short_test/Generated_Data_Star_Alignment/582760806_A5_S33_R2_001_short_test_unalignedRead2AgainstTranscriptome.fq /data/home/parkercol/PathSeq/Tests/SkylineTest0/Output/Sample_582760806_A5_S33_R1_001_short_test         /data/home/parkercol/PathSeq/SlurmBaseCode/ 582760806_A5_S33_R1_001_short_test 582760806_A5_S33_R2_001_short_test /data/vrc_his/douek_lab/reference_sets/NCBI_nt/20210302/primates
        
bowtiePrimate: submission command "sbatch --cpus-per-task=1 --mem=65536 --time=2880 --output=logs/bowtiePrimate-%j.out --partition=all --job-name=bowtiePrimate /data/home/parkercol/PathSeq/Tests/SkylineTest0/.snakemake/tmp.x_cd8jf8/snakejob.bowtiePrimate.7.sh
Submitted job 7 with external jobid 'Submitted batch job 2672327'.
[Fri May 23 17:19:00 2025]
Finished job 7.
3 of 23 steps (13%) done
Select jobs to execute...

[Fri May 23 17:19:00 2025]
rule trinity:
    input: /data/home/parkercol/PathSeq/SlurmBaseCode/all_trinity.sh, /data/home/parkercol/PathSeq/Tests/SkylineTest0/Output/Sample_582760806_A5_S33_R1_001_short_test/primate_alignment_rates/unalignedRead1AgainstPrimate_582760806_A5_S33_R1_001_short_test.fq, /data/home/parkercol/PathSeq/Tests/SkylineTest0/Output/Sample_582760806_A5_S33_R1_001_short_test/primate_alignment_rates/unalignedRead1AgainstPrimate_582760806_A5_S33_R2_001_short_test.fq
    output: /data/home/parkercol/PathSeq/Tests/SkylineTest0/Output/Sample_582760806_A5_S33_R1_001_short_test/RNA_trinity_output/formatted_myTrinity_Origin_RNA_Sample_582760806_A5_S33_R1_001_short_test.Trinity.fasta, /data/home/parkercol/PathSeq/Tests/SkylineTest0/Output/Sample_582760806_A5_S33_R1_001_short_test/RNA_trinity_output/trinity_out_300_Sample_582760806_A5_S33_R1_001_short_test.txt, /data/home/parkercol/PathSeq/Tests/SkylineTest0/Output/Sample_582760806_A5_S33_R1_001_short_test/RNA_trinity_output/trinity_err_300_Sample_582760806_A5_S33_R1_001_short_test.txt, /data/home/parkercol/PathSeq/Tests/SkylineTest0/Output/Sample_582760806_A5_S33_R1_001_short_test/RNA_trinity_output/myTrinity_Origin_RNA_Sample_582760806_A5_S33_R1_001_short_test.Trinity.fasta
    jobid: 6
    reason: Input files updated by another job: /data/home/parkercol/PathSeq/Tests/SkylineTest0/Output/Sample_582760806_A5_S33_R1_001_short_test/primate_alignment_rates/unalignedRead1AgainstPrimate_582760806_A5_S33_R2_001_short_test.fq, /data/home/parkercol/PathSeq/Tests/SkylineTest0/Output/Sample_582760806_A5_S33_R1_001_short_test/primate_alignment_rates/unalignedRead1AgainstPrimate_582760806_A5_S33_R1_001_short_test.fq
    wildcards: sample=582760806_A5_S33
    resources: mem_mb=32768, mem_mib=31250, disk_mb=1000, disk_mib=954, tmpdir=<TBD>, runtime=2880


        module purge
        module load trinity
        which Trinity
        module load fastp
        which fastp
        module load fastx-toolkit
        which fasta_formatter

        bash /data/home/parkercol/PathSeq/SlurmBaseCode/all_trinity.sh /data/home/parkercol/PathSeq/SlurmBaseCode/ /data/home/parkercol/PathSeq/Tests/SkylineTest0/Output/Sample_582760806_A5_S33_R1_001_short_test/primate_alignment_rates/unalignedRead1AgainstPrimate_582760806_A5_S33_R1_001_short_test.fq /data/home/parkercol/PathSeq/Tests/SkylineTest0/Output/Sample_582760806_A5_S33_R1_001_short_test/primate_alignment_rates/unalignedRead1AgainstPrimate_582760806_A5_S33_R2_001_short_test.fq 582760806_A5_S33_R1_001_short_test         582760806_A5_S33_R2_001_short_test RNA 300 1         32G /data/home/parkercol/PathSeq/Tests/SkylineTest0/Output/Sample_582760806_A5_S33_R1_001_short_test /data/scratch/
        
trinity: submission command "sbatch --cpus-per-task=1 --mem=32768 --time=2880 --output=logs/trinity-%j.out --partition=all --job-name=trinity /data/home/parkercol/PathSeq/Tests/SkylineTest0/.snakemake/tmp.x_cd8jf8/snakejob.trinity.6.sh
Submitted job 6 with external jobid 'Submitted batch job 2672328'.
[Fri May 23 17:20:40 2025]
Finished job 6.
4 of 23 steps (17%) done
Select jobs to execute...

[Fri May 23 17:20:40 2025]
rule filterHostBlast:
    input: /data/home/parkercol/PathSeq/SlurmBaseCode/array_filter_host.sh, /data/home/parkercol/PathSeq/Tests/SkylineTest0/Output/Sample_582760806_A5_S33_R1_001_short_test/RNA_trinity_output/formatted_myTrinity_Origin_RNA_Sample_582760806_A5_S33_R1_001_short_test.Trinity.fasta, /data/vrc_his/douek_lab/projects/PathSeq/cokie_pathseq_rewrite/PathseqExternalPrograms/PathSeqRemoveHostForKaiju/dist/PathSeqRemoveHostForKaiju.jar, /data/vrc_his/douek_lab/reference_sets/NCBI_nt/20210716/Mammalia.fa
    output: /data/home/parkercol/PathSeq/Tests/SkylineTest0/Output/Sample_582760806_A5_S33_R1_001_short_test/RNA_trinity_filtered/nonMammal_trinity_Origin_RNA.fasta
    jobid: 5
    reason: Input files updated by another job: /data/home/parkercol/PathSeq/Tests/SkylineTest0/Output/Sample_582760806_A5_S33_R1_001_short_test/RNA_trinity_output/formatted_myTrinity_Origin_RNA_Sample_582760806_A5_S33_R1_001_short_test.Trinity.fasta
    wildcards: sample=582760806_A5_S33
    resources: mem_mb=131072, mem_mib=125000, disk_mb=122977, disk_mib=117281, tmpdir=<TBD>, runtime=4320


        module purge
        module load blast-plus
        which blastn
        module load openjdk
        which java

        bash /data/home/parkercol/PathSeq/SlurmBaseCode/array_filter_host.sh /data/home/parkercol/PathSeq/SlurmBaseCode/ /data/home/parkercol/PathSeq/Tests/SkylineTest0/Output/Sample_582760806_A5_S33_R1_001_short_test/RNA_trinity_output/formatted_myTrinity_Origin_RNA_Sample_582760806_A5_S33_R1_001_short_test.Trinity.fasta /data/home/parkercol/PathSeq/Tests/SkylineTest0/Output/Sample_582760806_A5_S33_R1_001_short_test/RNA_trinity_filtered RNA         /data/vrc_his/douek_lab/projects/PathSeq/cokie_pathseq_rewrite/PathseqExternalPrograms/PathSeqRemoveHostForKaiju/dist/PathSeqRemoveHostForKaiju.jar /data/vrc_his/douek_lab/reference_sets/NCBI_nt/20210716/Mammalia.fa
        
filterHostBlast: submission command "sbatch --cpus-per-task=1 --mem=131072 --time=4320 --output=logs/filterHostBlast-%j.out --partition=all --job-name=filterHostBlast /data/home/parkercol/PathSeq/Tests/SkylineTest0/.snakemake/tmp.x_cd8jf8/snakejob.filterHostBlast.5.sh
Submitted job 5 with external jobid 'Submitted batch job 2672329'.
[Fri May 23 17:22:10 2025]
Finished job 5.
5 of 23 steps (22%) done
Select jobs to execute...

[Fri May 23 17:22:10 2025]
rule kaiju:
    input: /data/home/parkercol/PathSeq/SlurmBaseCode/protein_kaiju.sh, /data/vrc_his/douek_lab/reference_sets/NCBI_nt/20220512/kaiju/nodes.dmp, /data/vrc_his/douek_lab/reference_sets/NCBI_nt/20220512/kaiju/nr_euk/kaiju_db_nr_euk.fmi, /data/home/parkercol/PathSeq/Tests/SkylineTest0/Output/Sample_582760806_A5_S33_R1_001_short_test/RNA_trinity_filtered/nonMammal_trinity_Origin_RNA.fasta
    output: /data/home/parkercol/PathSeq/Tests/SkylineTest0/Output/Sample_582760806_A5_S33_R1_001_short_test/RNA_kaiju_output/sorted_protein_kaiju_RNA.tab, /data/home/parkercol/PathSeq/Tests/SkylineTest0/Output/Sample_582760806_A5_S33_R1_001_short_test/RNA_kaiju_output/formatted_non_host_proteins_nucleotide_RNA.fa, /data/home/parkercol/PathSeq/Tests/SkylineTest0/Output/Sample_582760806_A5_S33_R1_001_short_test/RNA_kaiju_output/formatted_non_host_proteins_RNA.faa
    jobid: 4
    reason: Input files updated by another job: /data/home/parkercol/PathSeq/Tests/SkylineTest0/Output/Sample_582760806_A5_S33_R1_001_short_test/RNA_trinity_filtered/nonMammal_trinity_Origin_RNA.fasta
    wildcards: sample=582760806_A5_S33
    resources: mem_mb=524288, mem_mib=500000, disk_mb=304675, disk_mib=290561, tmpdir=<TBD>, runtime=2880


        module purge
        module load fastx-toolkit

        bash /data/home/parkercol/PathSeq/SlurmBaseCode/protein_kaiju.sh /data/home/parkercol/PathSeq/SlurmBaseCode/ 582760806_A5_S33_R1_001_short_test 582760806_A5_S33_R2_001_short_test /data/home/parkercol/PathSeq/Tests/SkylineTest0/Output/Sample_582760806_A5_S33_R1_001_short_test/RNA_trinity_filtered/nonMammal_trinity_Origin_RNA.fasta         RNA /data/vrc_his/douek_lab/projects/PathSeq/cokie_pathseq_rewrite/PathseqExternalPrograms/prodigal/bin /data/vrc_his/douek_lab/projects/PathSeq/cokie_pathseq_rewrite/PathseqExternalPrograms/kaiju-v1.9.0-linux-x86_64-static /data/vrc_his/douek_lab/reference_sets/NCBI_nt/20220512/kaiju/nodes.dmp /data/vrc_his/douek_lab/reference_sets/NCBI_nt/20220512/kaiju/nr_euk/kaiju_db_nr_euk.fmi         /data/home/parkercol/PathSeq/Tests/SkylineTest0/Output/Sample_582760806_A5_S33_R1_001_short_test
        
kaiju: submission command "sbatch --cpus-per-task=1 --mem=524288 --time=2880 --output=logs/kaiju-%j.out --partition=himem --job-name=kaiju /data/home/parkercol/PathSeq/Tests/SkylineTest0/.snakemake/tmp.x_cd8jf8/snakejob.kaiju.4.sh
Submitted job 4 with external jobid 'Submitted batch job 2672330'.
slurmstepd: error: *** JOB 2666159 ON ai-hpcn209 CANCELLED AT 2025-05-23T21:15:14 DUE TO TIME LIMIT ***
