The flag 'directory' used in rule salmonQuant is only valid for outputs, not inputs.
Building DAG of jobs...
Using shell: /usr/bin/bash
Provided cores: 1 (use --cores to define parallelism)
Rules claiming more threads will be scaled down.
Provided resources: mem_mb=65536, mem_mib=62500, disk_mb=1000, disk_mib=954
Select jobs to execute...

[Fri May 23 17:17:57 2025]
rule bowtiePrimate:
    input: /data/home/parkercol/PathSeq/SlurmBaseCode/bowtiePrimate.sh, /data/home/parkercol/PathSeq/Tests/SkylineTest0/Output/Sample_582760806_A5_S33_R1_001_short_test/Generated_Data_Star_Alignment/582760806_A5_S33_R1_001_short_test_unalignedRead1AgainstTranscriptome.fq, /data/home/parkercol/PathSeq/Tests/SkylineTest0/Output/Sample_582760806_A5_S33_R1_001_short_test/Generated_Data_Star_Alignment/582760806_A5_S33_R2_001_short_test_unalignedRead2AgainstTranscriptome.fq
    output: /data/home/parkercol/PathSeq/Tests/SkylineTest0/Output/Sample_582760806_A5_S33_R1_001_short_test/primate_alignment_rates/unalignedRead1AgainstPrimate_582760806_A5_S33_R1_001_short_test.fq, /data/home/parkercol/PathSeq/Tests/SkylineTest0/Output/Sample_582760806_A5_S33_R1_001_short_test/primate_alignment_rates/unalignedRead1AgainstPrimate_582760806_A5_S33_R2_001_short_test.fq
    jobid: 0
    reason: Missing output files: /data/home/parkercol/PathSeq/Tests/SkylineTest0/Output/Sample_582760806_A5_S33_R1_001_short_test/primate_alignment_rates/unalignedRead1AgainstPrimate_582760806_A5_S33_R1_001_short_test.fq, /data/home/parkercol/PathSeq/Tests/SkylineTest0/Output/Sample_582760806_A5_S33_R1_001_short_test/primate_alignment_rates/unalignedRead1AgainstPrimate_582760806_A5_S33_R2_001_short_test.fq
    wildcards: sample=582760806_A5_S33
    resources: mem_mb=65536, mem_mib=62500, disk_mb=1000, disk_mib=954, tmpdir=/data/scratch/parkercol/ai-hpcsubmit2, runtime=2880


        module purge
        module load bowtie2
        which bowtie2
        module load samtools
        which samtools

        bash /data/home/parkercol/PathSeq/SlurmBaseCode/bowtiePrimate.sh /data/home/parkercol/PathSeq/Tests/SkylineTest0/Output/Sample_582760806_A5_S33_R1_001_short_test/Generated_Data_Star_Alignment/582760806_A5_S33_R1_001_short_test_unalignedRead1AgainstTranscriptome.fq /data/home/parkercol/PathSeq/Tests/SkylineTest0/Output/Sample_582760806_A5_S33_R1_001_short_test/Generated_Data_Star_Alignment/582760806_A5_S33_R2_001_short_test_unalignedRead2AgainstTranscriptome.fq /data/home/parkercol/PathSeq/Tests/SkylineTest0/Output/Sample_582760806_A5_S33_R1_001_short_test         /data/home/parkercol/PathSeq/SlurmBaseCode/ 582760806_A5_S33_R1_001_short_test 582760806_A5_S33_R2_001_short_test /data/vrc_his/douek_lab/reference_sets/NCBI_nt/20210302/primates
        
/data/apps/software/spack/linux-rocky9-x86_64_v3/gcc-11.3.1/bowtie2-2.5.1-bfbrd2r2e7l5au5unpauywehfhiefy6b/bin/bowtie2
/data/apps/software/spack/linux-rocky9-x86_64_v3/gcc-11.3.1/samtools-1.21-57fumi7zpuewerxzvu2r3bwkgsuat2gj/bin/samtools
CHECKPOINT 1: BOWTIE PRIMATE INPUTS
1: unalignedLeftFile: 
/data/home/parkercol/PathSeq/Tests/SkylineTest0/Output/Sample_582760806_A5_S33_R1_001_short_test/Generated_Data_Star_Alignment/582760806_A5_S33_R1_001_short_test_unalignedRead1AgainstTranscriptome.fq
2: unalignedRightFile:
/data/home/parkercol/PathSeq/Tests/SkylineTest0/Output/Sample_582760806_A5_S33_R1_001_short_test/Generated_Data_Star_Alignment/582760806_A5_S33_R2_001_short_test_unalignedRead2AgainstTranscriptome.fq
3: outPath: 
/data/home/parkercol/PathSeq/Tests/SkylineTest0/Output/Sample_582760806_A5_S33_R1_001_short_test
4: scriptsPath: 
/data/home/parkercol/PathSeq/SlurmBaseCode/
5: left_read_file_base_name: 
582760806_A5_S33_R1_001_short_test
6: right_read_file_base_name: 
582760806_A5_S33_R2_001_short_test
7: bowtiePrimateIndex: 
/data/vrc_his/douek_lab/reference_sets/NCBI_nt/20210302/primates
dos2unix: converting file /data/home/parkercol/PathSeq/SlurmBaseCode/dir_check.sh to Unix format...
mkdir: cannot create directory ‘/data/home/parkercol/PathSeq/Tests/SkylineTest0/Output/Sample_582760806_A5_S33_R1_001_short_test/primate_alignment_rates/’: File exists
Current Directory:
/data/home/parkercol/PathSeq/Tests/SkylineTest0/Output/Sample_582760806_A5_S33_R1_001_short_test/primate_alignment_rates
CHECKPOINT 2: RUN BOWTIE COMMAND
BOWTIE PRIMATE COMPLETE
[Fri May 23 17:18:56 2025]
Finished job 0.
1 of 1 steps (100%) done
