COMPONENT 0	25
>Component_0 25 2 [iworm>a3;224_total_counts:_64811_Seed:_22_K:_25_length:_313]
CCCCCCCCCCCCCCCCCCGTTTTTTAATGATACGGCGACCACCGAGATCTACACTTACGACCTGACACTCTTTCCCTACA
CGACGCTCTTCCGATCTCGCCGCCGCCGCCGCCGCCGCCACCACCACCACCCCCGGGACGGACGACGCCGTCTCCCCCCG
GCCTACCTCTGCTACCGTCTTCCCGCCATTATTTTGCGTTCCCGCGCCGACACGAGGGACCGAGATCGGAAGAGCACACG
TCTGAACTCCAGTCACCTACGTTCTTATCTCGTATGCCGTCTTCTGCTTGAAAAACGGGGGGGGGGGGGGGGG
>Component_0 25 4 [iworm>a5;174_total_counts:_23851_Seed:_14_K:_25_length:_161]
CTTCCGATCTGATGGTCGGAAGAGGCATAAATTCCGTCAGCCAGTTTAGTCTGACCATCTCATCTGTAACATCATTGGCA
ACGCTACCTTTGCCATGTTTCAGAAACAACTCTGGCGCATCGGGCTTCCCATACAATCGATAGATTGTCGCAGATCGGAA
G
>Component_0 25 8 [iworm>a9;89_total_counts:_15436_Seed:_22_K:_25_length:_197]
ACGGCGACCACCGAGAACTACACTTACGACCTGACACTCTTACCCTACACGACGCTCTTCCGATCTTTCAATTATGACGC
AGGTATCGTATTAATTGATCTGCATCAACTTAACGTAAAAACAACTTCAGACAATACAAATCAGCGACACTGAATACGGG
GCAACCTCAAGATCGGAAGAGCACACGTCTGAAATCC
>Component_0 25 17 [iworm>a18;150_total_counts:_27486_Seed:_194_K:_25_length:_207]
TTAGTACATGACACTATTTACCTACACGACGCTCTTCCGATCTCTCACGCTGTAGGTATCTCAGTTCGGTGTAGGTCGTT
CGCTCCAAGCTGGGCTGTGTGCACGAACCCCCCGTTCAGCCCGACCGCTGCGCCTTATCCGGTAACTATCGTCTTGAGTC
CAACCCGGTAAGACACGACTTATCGAGATCGGAAGAGCGTCGTGTAG
>Component_0 25 18 [iworm>a19;101_total_counts:_22374_Seed:_75_K:_25_length:_245]
CACTTACGACCTGACACTCTTTCCATACACGACGCTCTTCCGATCTCTCCCAAGAACCCAAGGAACAAAGCTCCTATTCC
CACTGCTCTTTTTTCTCTCTGCACCACTCTTCTCTTTGCCTTGGTGGGTGCTACTCCTAATGGTTCAATTTTTAAGATCG
GAAGAGCACACGTCTGACCTCCAGTCACCTACGTTCTTATCTGGTATGCCGTCTTCTGCTTGAAAAAAGGGGGGGGGGGG
GGGGG
>Component_0 25 21 [iworm>a22;85_total_counts:_2042_Seed:_4_K:_25_length:_48]
TTCAGACGTGTGCTCTTCCGATCTGCAGCGGTCGGGCTGAACGGGGGG
>Component_0 25 25 [iworm>a26;24_total_counts:_869_Seed:_4_K:_25_length:_60]
CCGACCGCTGCAGATCGGAAGAGCGTCGTGTAGGGCAAGAGTGTCAGGTCGTAAGTGTAG
>Component_0 25 26 [iworm>a27;28_total_counts:_636_Seed:_2_K:_25_length:_47]
TCGTTCGCTCCAAGCTGGGCTGTGAGATCGGAAGAGCGTCGTGTAGG
>Component_0 25 34 [iworm>a36;95_total_counts:_10972_Seed:_2_K:_25_length:_139]
TCAGACGTGTGCTCTTCCGATCTCATTGGCACCATGCCGTGGGTTTCAATATTGGCTTCATCCACCACATACAGGCCGTA
GCGGTCGCACAGCGTGTACCACAGCGGATGGTTCGGAGATCGGAAGAGCGTCGTGTAGG
>Component_0 25 38 [iworm>a40;17_total_counts:_2914_Seed:_17_K:_25_length:_198]
CCCCCCCCCCCCCCCCCCTTTTTTAATTATACGGCGACCACCGAGATCTACAATTACGACCTGAAACTCTTTCACTACAC
GACGCTCTTCCGATCTCAGGCGCTGATGTGTCCGGCTTCTGACCATGCGGTCGCGTTCGGTTGCACTACGCGTACTGTGA
GCCAGAGTTGCCCGGAGATCGGAAGAGCACACGTCTGA
>Component_0 25 44 [iworm>a48;100_total_counts:_12735_Seed:_6_K:_25_length:_151]
TTCAGACGTGTGCTCTTCCGATCTAAATAAGGTTATCAAGTGAGAAATCACCATGAGTGACGACTGAATCCGGTGAGAAT
GGCAAAAGCTTATGCATTTCTTAGATCGGAAGAGCGTCGTGTAGGGGAAGAGTGTCAGGTCGTAAGTGTAG
>Component_0 25 79 [iworm>a85;58_total_counts:_583_Seed:_17_K:_25_length:_34]
TACAGCGTGAGAGATCGGAAGAGCACACGTCTGA
>Component_0 25 86 [iworm>a93;60_total_counts:_7866_Seed:_75_K:_25_length:_155]
AGACGTGTGCTCTTCCGATCTCTCTTTTTCCGAAGGTAACTGGCTTCAGCAGAGCGCAGATACCAAATACTGTTCTTCTA
GTGTAGCCGTAGTTAGGCCACCACTTCAAGAACTCTGTAGCACCGCCTACATAAGATCGGAAGAGCACACGTCTG
>Component_0 25 101 [iworm>a108;53_total_counts:_1160_Seed:_60_K:_25_length:_46]
TGAACGGGGGGTTCGTGCACACAGAGATCGGAAGAGCACACGTCTG
>Component_0 25 106 [iworm>a113;27_total_counts:_600_Seed:_11_K:_25_length:_46]
CTACACGACGCTCTTCCGATCTCCCGATGCGCCAGAGTTGTTTCTG
>Component_0 25 135 [iworm>a145;22_total_counts:_2368_Seed:_16_K:_25_length:_131]
CCTACACGACGCTCTTCCGATCTTACTGGTCCAACTGGTATAGCATACTCTTGACGTACCGCGGTGACATTTGCCAATAA
AGTTTCATTTGCATCCGCAAGCACTTATTAGATCGGAAGAGCACACGTCTG
>Component_0 25 137 [iworm>a147;45_total_counts:_5589_Seed:_16_K:_25_length:_149]
ATGGCAAAAGCTTATGCATTTCTTTCCAGACTTGTTCAACAGGCCAGCCATTACGCTCGTCATCAAGATCGGAAGAGCGT
CGTGTTGGGTAAGAGTGTCAGGTCGTAAGTTTATATATACGTGGTCGCCGTTTAAATAAAAAAAGCGGG
>Component_0 25 153 [iworm>a164;20_total_counts:_2701_Seed:_13_K:_25_length:_156]
GACGTGTGCTCTTCCGATCTGCAGGATCTCATGCCGCGCTTCCGCGCCGAATTCGAGCATCTCGCCCTGCGGCAGGCGGC
GCGCGGCCCGCATGGCGGCGGCATGGGTAATCAGCTTGTCCGCCCGCGTGCTGAGATCGGAAGAGCGTCGTGTATG
>Component_0 25 217 [iworm>a238;22_total_counts:_522_Seed:_13_K:_25_length:_48]
AAAGAGTGTCAGGTCGTAAGTGTATATCTCGGTGGTCGCCGTATCATT
>Component_0 25 218 [iworm>a239;2_total_counts:_200_Seed:_10_K:_25_length:_142]
TGATTTGTATTGTCTGAAGTTGTTGTTACGTTAAGTTGATGCAGATCAAATAATACGATACCTGCGTCATAAATGAAAGA
TCGGAAGAGCGTCGTGGTGGGAAAGAGTGTCAGGGCGTAACTGTATATATAGGTGGTCGCCG
>Component_0 25 246 [iworm>a275;11_total_counts:_1061_Seed:_4_K:_25_length:_121]
CTCACCGGATTCAGTCGTCACTCAAGATCGGAAGAGCGTCGTGTATGGTAAGAGTGTCAGGTCGTAATTGTATATATCGG
TGGTCGGCGTATCATTAAAAAATGGGGGGGGGGGGGGGGGG
>Component_0 25 289 [iworm>a336;32_total_counts:_4622_Seed:_43_K:_25_length:_169]
GACACTGAATACGGGGCAACCTCATGTCAACGAAGAACAGAACCCGCAGAACAACAACCCGCAACATCCGCTTTCCTAAC
CAAATGATTGAACAAATTAACATCGCTCTTGAGCAAAAAGGGTCCGGGAATTTCTCAGCCTGGGTCATTGAAGCCTGCCG
TCGGAGACT
>Component_0 25 321 [iworm>a396;53_total_counts:_4888_Seed:_57_K:_25_length:_117]
GAACTGAGATACCTACAGCGTGAGCTATGAGAAAGCGCCACGCTTCCCGAAGGGAGAAAGGCGGACAGGTATCCGGTAAG
CGGCAGGGTCGGAACAGAGATCGGAAGAGCACACGTC
>Component_0 25 363 [iworm>a469;29_total_counts:_5267_Seed:_54_K:_25_length:_207]
CCCCGGGATATAATTGAAACGCCCACCCCCCAGATCTACGTTTCCGCCAGGACAATAGTGCCCGACACGACGCTCTTCCG
ATCTTGATTCATTCCCCAGCGACCAGATGATCACACTCGGGTGATTACGATCGCGCTGCACCATTCGCGTTACGCGTTCG
CTCATCGCCGGTAGCCAGCGCGGATCAAGATCGGAAGAGCACACGTC
>Component_0 25 381 [iworm>a570;23_total_counts:_555_Seed:_2_K:_25_length:_48]
CCATACAATCGATAGATTGTCGCACAGATCGGAAGAGCGTCGTGTTGG
#POOL_INFO	0:	2 4 8 17 18 21 25 26 34 38 44 79 86 101 106 135 137 153 217 218 246 289 321 363 381 
END
COMPONENT 1	6
>Component_1 6 90 [iworm>a97;62_total_counts:_17142_Seed:_15_K:_25_length:_301]
CACCGAGATCTACACTTACGACCTCACACTCTTTCCTACACGACGCTCTTCCGATCTTGATACCGCTCGCCGCAGCCGAA
CGACCGAGCGCAGCGAGTCAGTGAGCGAGGAAGCGGAAGAGCGCCCAATACGCAAACCGCCTCTCCCCGCGCGTTGGCCG
ATTCATTAATGCAGCTGGCACGACAGGTTTCCCGACTGGAAAGCGGGCAGTGAGCGCAACGCAATTAAAGATCGGAAGAG
CGTCGTGTAGTGTAAGAGTGTCAGGTCGTAAGTGTTTATCTCGGTGGTCGCCGTATCATTA
>Component_1 6 139 [iworm>a149;44_total_counts:_1686_Seed:_2_K:_25_length:_62]
AGAGGCGGTTTGCGTATTGGGCGCCAGGGTGGTTTTTCTTAGATCGGAAGAGCACACGTCTG
>Component_1 6 150 [iworm>a161;16_total_counts:_1794_Seed:_13_K:_25_length:_139]
CGATAGCGGAGTGTATACTGGCTTAACTATGCGGCATCAGAGCAGATTGTACTGAGAGTGCACCATATGCGGTGTGAAAT
ACCGCACAGATGCGTAAGGAGAAAATACCGCATCAGGCGCTCTTCCGCTTCCTCGCTCA
>Component_1 6 248 [iworm>a278;35_total_counts:_740_Seed:_8_K:_25_length:_45]
CTACACGACGCTCTTCCGATCTCGTGCCAGCTGCATTAATGAATC
>Component_1 6 319 [iworm>a392;11_total_counts:_1781_Seed:_12_K:_25_length:_189]
CCACCATCAAACAGGATTTTCGCCTGCTGGGGCAAACCAGCGTGGACCGCTTGCTGCAACTCTCTCAGGGCCAGGCGGTG
AAGGGCAATCAGCTGTTGCCCGTCTCACTGGTGAAAAGAAAAACCACCCTGGCGCCCAAAACGCAAACCGCCTCTCCCCG
CGCGGTGGCCGATTCATTAATGCAGCTGG
>Component_1 6 353 [iworm>a449;13_total_counts:_780_Seed:_13_K:_25_length:_84]
GTTCTTTCCTGCGTTATCCCCTGATTCTGTGGATAACCGTATTACCGCCTTTGAGTGAGCTGATACCGCTCGCCGCAGCC
GAAC
#POOL_INFO	1:	90 139 150 248 319 353 
END
COMPONENT 2	4
>Component_2 4 47 [iworm>a51;129_total_counts:_24442_Seed:_199_K:_25_length:_213]
GCGCCAGGCCCTCGCCCTCCTCCACGTCCAGGTAGTGTCGGGCCCGGCGCCGCGGGGGTTCGTAATCACCATCTGCCGCC
GGGCCCGACACTACCTGGACTTGGAGGAGGGCGAGGGCCTGGCGCGGCTAGGAGCGCCCTCTCCTGAGCGACACCCAAGG
GTGCAGCTGAAGCGTGACACGCGCGAGGCGTACGTGCCGCGGCAGAACCTGTT
>Component_2 4 216 [iworm>a237;29_total_counts:_605_Seed:_3_K:_25_length:_45]
AGCGACACCCAAGGGTGCAGCTGAGATCGGAAGAGCACACGTCTG
>Component_2 4 322 [iworm>a399;39_total_counts:_1001_Seed:_4_K:_25_length:_50]
GACGTGTGCTCTTCCGATCTCTGACGCGGCGGCAGATGGTGATTACGAAC
>Component_2 4 379 [iworm>a529;25_total_counts:_173_Seed:_25_K:_25_length:_31]
CGCCGCGTCAGAGATCGGAAGAGCGTCGTGT
#POOL_INFO	2:	47 216 322 379 
END
COMPONENT 3	3
>Component_3 3 0 [iworm>a1;140_total_counts:_43611_Seed:_3_K:_25_length:_336]
GTTTTCCCCGCAACCGCAGACCCTGCTAGAGTTGCAACAGCGCGAGCAGGCAGAGGCGGCGCTGCGAAAGGAAAACACGC
TGTCGTCTATGTCGTCCCAGAGGAATCCATCGTTACCCTCGGGCACCTCAAATCCCCCGGTGTAGAAACCAGGGGGCGGT
AGCCAGTGCGGGTTCAAGATGGCATTGGTGAAATACTCGGGGTTCACGGCGGCCGCGCGATGCAAGTAGTCCATTAGGCG
ATTGATAAACGGCCGGTTTGAGGCATACATGCCCGGTTCCATGTTGCGCGCGGTCATGTCCAGCGCCACGCTGGGCGTTA
CCCCGTCGCGCATCAG
>Component_3 3 342 [iworm>a430;54_total_counts:_756_Seed:_54_K:_25_length:_38]
GTCTGCGGTTGCGGGGAAAACACGCTGTCGTCTATGTC
>Component_3 3 390 [iworm>a617;2_total_counts:_221_Seed:_4_K:_25_length:_150]
TGGAACCGGGCATGTATGCCTCAACCCGGCCGTGTATCAATCTCCAAATTGCCTTCTTTCATCGGGCGGCCGCCGTGTAC
CCCGAGTATTTCACCAATGCCAACTTGAACCCGCACTGGCTACCGCCGCCTGGTTTGTCCACCGGGGGTT
#POOL_INFO	3:	0 342 390 
END
COMPONENT 4	2
>Component_4 2 15 [iworm>a16;20_total_counts:_2569_Seed:_20_K:_25_length:_151]
AGGGTGGTACGTGTTGATTTGACTCGCACAAAGCTCATTGATACTATCCCCTCCTTTAATCCAGAAGCAGAGGCTATTCT
TGCGCGCATTCTTGAGTATAATAACAGCGTATCCAATAATCGATTTGTACCAGAAGCAACACGTACCACCC
>Component_4 2 235 [iworm>a260;21_total_counts:_2606_Seed:_21_K:_25_length:_151]
GAACTTGTCAGGAATAGACTTGGTAATAATTTTACCCGTTACATCAAGCCAATTAGGGGGTTGTTTTTTACTGAGGAAAT
TGCAACACTGTCTGCTAACATCGAGCAATACAATGTAGCTCTGTTAGCTAATCCAGGTGAGTGGAATGAAG
#POOL_INFO	4:	15 235 
END
COMPONENT 5	4
>Component_5 4 77 [iworm>a83;10_total_counts:_4893_Seed:_2_K:_25_length:_501]
TTTACGGAGAGTTTGATCCTGGCTCAGGATGAACGCTGGCGGCGTGCTTAACACATGCAAGTCGAACGCTGAAGCCCCAG
CTTGCTGGGGTGGATGAGTGGCGAACGGGTGAGTAACACGTGAGTAACCTTCCCTTGACTCTGGGATAAGCCTGGGAAAC
CGGGTCTAATACCGGATGCGACCGTCCACCGCATGGTGGTCGGTGGAAAGATTTATCGGTCTTGGATGGACTCGCGGCCT
ATCAGCTGGTTGGTGGGGTAATGGCCCACCAAGGCGACGACGGGTAGCCGGCCTGAGAGGGTGACCGGCCACACTGGGAC
TGAGACACGGCCCAGACTCCTACGGGAGGCAGCAGTGGGGAATATTGCACAATGGGCGCAAGCCTGATGCAGCGACGCCG
CGTGAGGGATGACGGCCTTCGGGTTGTAAACCTCTTTCAGCAGGGAAGAAGCTTTCGGGTGACGGTACCTGTAGAAGAAG
GACCGGCTAACTACGTGCCAG
>Component_5 4 243 [iworm>a272;5_total_counts:_552_Seed:_6_K:_25_length:_139]
CTGATAGGCCGCGAGTCCATCCAAAACCGATAAATCTTTCCAACACCCACCATGCGGTGGACGCTCCTATCCGGTATTAG
ACCCAGTTTCCCAGGCTTATCCCAGAGTTAAGGGCAGGTTACTCACGTGTTACTCACCC
>Component_5 4 284 [iworm>a326;12_total_counts:_686_Seed:_7_K:_25_length:_82]
ACGACGCTCTTCCGATCTGTTGCTCCGTCAGGCTTTCGCCCATTGCGGAAGATTCCCTACTGCTGCCTCCCGTAGGAGTC
TG
>Component_5 4 292 [iworm>a341;12_total_counts:_703_Seed:_13_K:_25_length:_84]
CGTGTCTCAGTCCCAGTGTGGCCGATCACCCTCTCAGGTCGGCTATGCATCGTCGCCTTGGTAGGCAGATCGGAAGAGCA
CACG
#POOL_INFO	5:	77 243 284 292 
END
COMPONENT 6	3
>Component_6 3 105 [iworm>a112;29_total_counts:_8440_Seed:_28_K:_25_length:_312]
CCCGACTATCCCTATTAATCATTACGGCGGTCCTAGAAACCAACAAAATAGAACCGCACGTCCTATTCTATTATTCCATG
CTAATGTATTCGAGCAAAGGCCTGCTTTGAACACTCTAATTTTTTCAAAGTAAAAGTCCTGGTTCCCCGACACGCCCAGT
GAAGGGCATGCGGCTCCCCAGAAGGAAAGGCCCGGCCGGACCAGTACACGCGGTGAGGCGGACCGGCCAGCCAGGCCCAA
GGTTCAACTACGAGCTTTTTAACTGCAACAACTTTAATATACGCTATTGGAGATCGGAAGAGCACACGTCTG
>Component_6 3 164 [iworm>a175;9_total_counts:_3664_Seed:_6_K:_25_length:_411]
ATACACGACGCTCTTCCGATCTCTTTAATATACGCTATTGGAGCTGGAATTACCGCGGCTGCTGGCACCAGACTTGCCCT
CCAATTGTTCCTCGTTAAGGGATTTAAATTGTACTCATTCCAATTACAAGACCCAAAAGAGCCCTGTATCAGTATTTATT
GTCACTACCTCCCCGTGTCGGGATTGGGTAATTTGCGCGCCTGCTGCCTTCCTTGGATGTGGTAGCCGTTTCTCAGGCTC
CCTCTCCGGAATCGAACCCTAATTCCCCGTTACCCGTTGCCACCATGGTAGGCCTCTATCCTACCATCGAAAGTTGATAG
GGCAGATATTTGAATGAAGCATCGCCGGCACAAGGCCATGCGATTCGAGAAGTTATCATGAATCACCAAGAAGGGCTTTC
ACCCATTGGTT
>Component_6 3 302 [iworm>a357;17_total_counts:_1317_Seed:_20_K:_25_length:_102]
CGCGTGTACTGGTCCGGCCGGGCCATTCCTTCTGGGGAACCTCATGCCCTTCACTGGGCGTGTTGGGGAACCAGGACTTT
TACTTTGAGATCGGAAGAGCAC
#POOL_INFO	6:	105 164 302 
END
COMPONENT 7	2
>Component_7 2 29 [iworm>a30;12_total_counts:_4564_Seed:_5_K:_25_length:_409]
CGGAGTTTCCCTATCTCTTAGGACCGACTCACCCATGTCCAACTGCTGTTACCATGGAACCCTTCCCCACTTCAGTCTTC
AAGGTTCTCACTTGAATATTTGCTACTACCACCAAGATCTGCACTAGAGGCCGTTCTACCCGGGGTCACCCCCAAGGCTT
CGTCACTGACCTCCACGCCTGCCTACTCGCTACAGCGTCGAATCTACTGTAGCGGCGAGGTATGGGTAACACGCTTGAGC
GCCATCCATTTTCAGGGCTAGTTCATTCGGCAGGTGAGTTGTTACACACTCCTTAGCGGATTCCGACTTCCATGGCCACC
GTCCTGCTGTCTAGATGAACTAACACCTTTTGTGGTGTCTGATGAGCGTGTATTCCGGCACCTTAACCTCGCCGCTACAG
TAGATTCGA
>Component_7 2 348 [iworm>a443;6_total_counts:_490_Seed:_5_K:_25_length:_110]
GAGCGCCATCCATTTTCAGGGCTATTGATACGTTGACGAGTAGGCAGGCGTGGAGGTCCGTATAGAAGCTTTCCGAGTGA
TCGGGAGTAGAACGGCCTCTAGTGCAGATC
#POOL_INFO	7:	29 348 
END
COMPONENT 8	2
>Component_8 2 194 [iworm>a211;16_total_counts:_4569_Seed:_6_K:_25_length:_311]
GTTCTAGCCGCCCGTACCCCAAACCGACACAGGTGGTCAGGTAGAGAATACTAAGGCGATCGAGAGAATCATGGTTAAGG
AACTCGGCAAAATGCCCCCGTAACTTCGGGAGAAGGGGGGCCCCAACCGTGACACCCACTTGCTGGGTGCAGCGGATCGG
GGCCGCAGAGACCAGGGGGAAGCGACTGTTTATCAAAAACACAGGTCCGTGCGAAGTCGCAAGACGAGGTATACGGACTG
ACTCCTCCCCGGTGCTGGAAGGTTAAGAGGACCTGTTAGCCGCAAGGCGAAGCGGAGAATTTAAGCCCCAG
>Component_8 2 272 [iworm>a312;10_total_counts:_1114_Seed:_4_K:_25_length:_140]
GACTTCGCACGGACCTGTGTTTTTAGTAAACAGTCGCTTCTCACTGGTCTCTGCGGCCCCACCCAGCTCACACTGCAAGA
GTGATCACCGGACAAGGCCCCCCTTCTCCCGAAGTTACAGATCGGAAGAGCACACGTCTG
#POOL_INFO	8:	194 272 
END
COMPONENT 9	2
>Component_9 2 24 [iworm>a25;9_total_counts:_4018_Seed:_2_K:_25_length:_469]
GCGTGAAGCCCAAGACATAAGGGGCATGATGATTTGACGTCGTCCCCACCTTCCTCCGAGTTGACCCCGGCAGTCTCCCA
TGAGTCCCCGGCATAACCCGCTGGCAACATGGAACGAGGGTTGCGCTCGTTGCGGGACTTAACCCAACATCTCACGACAC
GAGCTGACGACAACCATGCACCACCTGTGAACCCGCCCCAAAGGGGAAACCACATCTCTGTGGCGGTCGGGAACATGTCA
AGCCTTGGTAAGGTTCTTCGCGTTGCATCGAATTAATCCGCATGCTCCGCCGCTTGTGCGGGCCCCCGTCAATTCCTTTG
AGTTTTAGCCTTGCGGCCGTACTCCCCAGGCGGGGCACTTAATGCGTTAGCTGCGGCGCGGAAACCGTGGAATGGCCCCC
ACACCTAGTGCCCAACGTTTACGGCATGGACTACCAGGGTATCTAATCCTGTTCGCTCCCCATGCTTTC
>Component_9 2 367 [iworm>a475;8_total_counts:_785_Seed:_10_K:_25_length:_119]
ATCTCACGACACGAGCTGACGACAGCCATGCACCACCTGTATACCGACCTTGCGGGGGCTACATCTCTGCAGCTTTCCGG
TATATGTCAAACCTAGGTAAGGTTCTTCGCGTTGCATCG
#POOL_INFO	9:	24 367 
END
COMPONENT 10	2
>Component_10 2 53 [iworm>a59;7_total_counts:_918_Seed:_8_K:_25_length:_151]
CCACGGGTACGGGAATATCAACCCGTTATCCATCGACTACGCCTGTCGGCCTCGCCTTAGGTCCCGACTTACCCTGGGCG
GATTAGCCTGGCCCAGGAACCCTTGGTCATCCGGCGGACGGGTTTCTCACCCGTCATGCGCTACTCATGCC
>Component_10 2 267 [iworm>a305;7_total_counts:_898_Seed:_7_K:_25_length:_151]
GCCCGGGTTGGGCTACCTTCCTGCGTTCCCCCATCGCTTACCTACCCCCCTCCGCCGGCCCTCCACGACCGGTCTCACCC
CGAAGGGATCCACCAGCCGATCGTGGCCATAAGAAAGGATCGGTATGGGCGCGCTACCACGGGTACGGGAA
#POOL_INFO	10:	53 267 
END
COMPONENT 11	2
>Component_11 2 141 [iworm>a151;7_total_counts:_889_Seed:_7_K:_25_length:_151]
ATCACGGTCCATGCCGAGTCCAGGAGACGCTGATCGGCTGGACGATGACCGGTGAGGTACGGGGGCACGACGTCGGGACG
ACGTCCTCCCATCATGCTCAGCTCGTTGAGCTGAGCAGCCGTCGCGCAGATGGCCGATCTCAGCAACGGAG
>Component_11 2 219 [iworm>a240;7_total_counts:_876_Seed:_7_K:_25_length:_151]
TGGCCGATCTCAGCAACGGAGCGGCGTCGGCGGGGGTAGGGGGTGGTAGAGGAGCGACAGCCCGGACGACCGTCCACTGC
ATCGCCGAACCCACCGGATGAGGGATCCACGCGGTCCCGGCGGGCATGGTCGTAGAGCCTTGATGACAAAC
#POOL_INFO	11:	141 219 
END
COMPONENT 12	2
>Component_12 2 1 [iworm>a2;5_total_counts:_672_Seed:_5_K:_25_length:_151]
CACCGGGCCCGGCACGCCCACGCCCGGCTGCATGAGCAGGCGGCGCAGTTGGCCCACGACTTCATGGGCGCGGTGGCGTG
CGCGCGAAAGTGTTGTCAGGCCCACGGGCATCTGTCCCTGGGGCAGTGCTCCGTTGGGCGGATAGGAGGCG
>Component_12 2 130 [iworm>a140;6_total_counts:_702_Seed:_5_K:_25_length:_151]
CCCGGGCCAGCATCTGCTGGTACTGCGTCTGGGCCACGACGCGCTGCTCCAGCAGGGCCTGCGTCAGCGCGGCCGATGCG
GGGGCCTGCTGCAGGCCACCGCCCACGCCGCCCACGCCGCCCACGCCGGGCACCAGGCCCGGCACGCCCAC
#POOL_INFO	12:	1 130 
END
COMPONENT 13	2
>Component_13 2 97 [iworm>a104;4_total_counts:_822_Seed:_7_K:_25_length:_218]
AACGTCGCGGGCTGCGTGTCGGGGTCGTCATCCGTGGCTATGCTGCCGAGCCCCCGACGCTGCCGTGGCGGGTTCGCGCC
GAGCACCCGGCACAGCACTGCGGCGATGAGCCTCTGCTGATCGTTCAGCGTACGGGGGTTCCGTTGATGATCGATCCTGA
TCGCGCGCGCGCCGTTCGTGCTCTGCTCGAGCAGGAGCCGCTCGATCTGATCCTCTCC
>Component_13 2 142 [iworm>a152;5_total_counts:_635_Seed:_5_K:_25_length:_151]
ACCGGCGAGTGGTCGAAGCCAGGCGCCGGCGTTTCCTCGAAGATCCGAATACCTCCTATCGTGCTCCTGTTCCGGTTGTC
GTCGTCGGCAACATCACCGTCGGTGGCACGGGCAAGACGCCGCTGATCCTCTGGTTGATCGAGCACTGTCA
#POOL_INFO	13:	97 142 
END
COMPONENT 14	2
>Component_14 2 206 [iworm>a224;7_total_counts:_1103_Seed:_6_K:_25_length:_183]
ACGTGGAAGCGCCGTCACTCAACGGACAACTGGCACACCAGAGGTTCGTCCGTCCCGGTCCTCTCGTACTAGGGACAGCC
TTCCTCAAAACTCCTGCGCGCGCGGCGGATAGGGACCGAACTGTCTCACGACGTTCTAAACCCAGCTCGCGTGCCGCTTT
AATGGGCTGTTCGCCCATTAAAG
>Component_14 2 318 [iworm>a388;5_total_counts:_585_Seed:_5_K:_25_length:_151]
CTCAACGGATAAAAGGTACCCCGGGGATAACAGGCTGATCTTGCCCGAGTGTCCATAGCGACGGCATGGTTTGGCACCTC
GATGTCGGCTCGTCGCATCCTGGGGCTGGAGTCGGTCCCAAGGGTTGGGCTGTTCGCCCATTAAAGCGGCA
#POOL_INFO	14:	206 318 
END
COMPONENT 15	2
>Component_15 2 175 [iworm>a189;3_total_counts:_362_Seed:_4_K:_25_length:_151]
CTTCGCGCATGCGCAGCATCTCAACTTGCCCCAGCCCGCGCGTGATGGGCCCCGAGCCTCCAGGGTCAACGATGTCTACA
CGGTCGTTTTCATATGCCCTGTTGGTAACCAAGAGGCCGGTGACGCAGTGCACGCTCCGCAGCATCGGCAC
>Component_15 2 350 [iworm>a446;4_total_counts:_508_Seed:_4_K:_25_length:_151]
GCCCTGGCGCTCTCGCTCGCTGCCAGGCGCACAGCCCTCTGAGCGATATCGGCCCGGCAGATCGGGCAACCCTGATTGAT
CGTGGGTCATGACATTTTTACTGTATGGATGTACAGTTATTATGCAAACCCGATCTCCAGGAGGTCCAGAT
#POOL_INFO	15:	175 350 
END
COMPONENT 16	2
>Component_16 2 51 [iworm>a56;4_total_counts:_508_Seed:_4_K:_25_length:_151]
CGGTCACGCCCTGCAGCCGCAGCGCGGGGACGCCGAGGACGACGATCATGAGGTTGATGATGAGCGGAAGGCCCCGGAAG
AAGTCCGTGTAGGCCGCCGCCAGCGCGCGCAGTGGGAAGAACACCGGGCCGCGCAGCGTGCGCGCGATGGC
>Component_16 2 274 [iworm>a314;4_total_counts:_508_Seed:_4_K:_25_length:_151]
GGGGCGGTACCTGACGGCGTACGGCCTGGGGCAGGACGACGTGACGCAGCGCCTGCCGGTTGGTGAGGCCGAGCGAGCGG
GCCGCGGCGCGCTGCGAGGGGTGGACGGACTCGATGCCCGCGCGGAACACCTCGGCGACGTACGCCGAATA
#POOL_INFO	16:	51 274 
END
COMPONENT 17	2
>Component_17 2 111 [iworm>a119;3_total_counts:_381_Seed:_3_K:_25_length:_151]
GACTAAAGTGTGCGAATACTCGCATAGCCTGCGTGTTCTCATTACTATCAAAAATATGGCTCAGCATACGCGTACTACCG
CTTCCACAACATCATCGTCCCCACAGTATACGGATCTGCTGGTCCTGGGGGGCTGGACCCGGCGGCTACGT
>Component_17 2 228 [iworm>a250;3_total_counts:_381_Seed:_3_K:_25_length:_151]
AAGCGAACCAGTATCTGGCGGTGGGCCTGAACTAGATTTATGTTAGCGTCCCCTATCTAGAGTAACGATTTTTCTTTCCA
GGAGTAGGACAACTCGTCCATGACGACTGGTTTTCGTCTTGTTTCCTTGTGTATTCTGCTCAGACTAAAGT
#POOL_INFO	17:	111 228 
END
COMPONENT 18	2
>Component_18 2 144 [iworm>a154;3_total_counts:_381_Seed:_3_K:_25_length:_151]
GTCACGCTCGTCGTTTGGTATGGCTTCATTCAGCTCCGGTTCCCAACGATCAAGGCGAGTTACATGATCCCCCATGTTGT
GCAAAAAAGCGGTTAGCTCCTTCGGTCCTCCGATCGTTGTCAGAAGTAAGTTGGCCGCAGTGTTATCACTC
>Component_18 2 336 [iworm>a420;3_total_counts:_381_Seed:_3_K:_25_length:_151]
CCGGTGAGCGTGGGTCTCGCGGTATCATTGCAGCACTGGGGCCAGATGGTAAGCCCTCCCGTATCGTAGTTATCTACACG
ACGGGGAGTGAGGCACCTATCTCAGCGATCTGTCTATTTCGTTCATCCATAGTTGCCTGACTCCCCGTCGT
#POOL_INFO	18:	144 336 
END
COMPONENT 19	2
>Component_19 2 178 [iworm>a194;3_total_counts:_381_Seed:_3_K:_25_length:_151]
TCTCAAAGTGCAGGAGCTCAAAGGCTGGAACCAGCCTTTCAGCATTTGACAGGGAGAAGAGAAATGAGCGAGCCAGCCCT
CTCCTCCAAAGTTGGCCTTCCTAATCCACGCCTTGAGTCATGTCTGTATACCTATAACTGCATCTCAGACA
>Component_19 2 242 [iworm>a270;3_total_counts:_381_Seed:_3_K:_25_length:_151]
CACACTATCCCACTTCATAATGTTTCCTCTAGATACTGCGTGAGCTGCTCAAATTTAGCCAATACCTTTCTTATTATGCA
GGGATTTCCGAGTCGAAGGTTTGCAGATAGCCCAGGCTTCCTCACAGAGCTCTCTTTCTTGTGAAATACAA
#POOL_INFO	19:	178 242 
END
COMPONENT 20	2
>Component_20 2 179 [iworm>a195;3_total_counts:_381_Seed:_3_K:_25_length:_151]
CTGATGGCGGCGCCTGCGTCAGTGCTTTTTCATCGGGCATTGCCATCATGCAAGCGGTGGCTTCGTGCCAAGCGGCTTGG
TTGGCTGGGGAGGCAGGCAGATAGAAGGGGGGGGGCGGGGTGAGGAAGGTGCTGGTCAGGTGAGGTCGTGG
>Component_20 2 354 [iworm>a450;3_total_counts:_381_Seed:_3_K:_25_length:_151]
GCCTGCTGCAGGAAGGCGCTCTGGACGACGATCTGAGCATGCGCTTGGACAGCCCTGAGCTGTCCCTGCATGAACGGGAG
CTGCTCCAGCGTTTCCGTCAGCTGGCTCACCGACAGCAGAACGCCTTGATCGCGCTGATCGCTCAGGATAC
#POOL_INFO	20:	179 354 
END
COMPONENT 21	2
>Component_21 2 19 [iworm>a20;20_total_counts:_5003_Seed:_4_K:_25_length:_270]
CGGCGGTTTTTGCCGTCGGCCTGACCATCACCAGCCCGCCTTGTGCGGGCTCTTTTTTTGCCTCCAGGCAAGGTGGCAGC
CAAAGAAAAAAGCTGCCCCTGGGGGCAGCCCGATTCAAGCCTGATTCATCCTGTCCCGGCGTCCCGGCGTCCCGGCGTCC
AGGCGTCCAGGCGTCCCGGCGCCCACGGCACCGGAGACCAGGCCATCGTGCTTCTCAGAACTGGTAGAGCGCGGTCAATC
TGACCGTGCGACCCTCTCCGTACTCCACGG
>Component_21 2 185 [iworm>a201;2_total_counts:_156_Seed:_3_K:_25_length:_116]
GACGCCGGGACGCCGGGACTGGATCAATCAGGCTTTAATCGGGCTGCCCCCTGGGGCAGGTTTTTTGTTTGGCTGCCACC
TTGCCTGGAGGAAAAAAAAGAGCCCGCACAAGGCGG
#POOL_INFO	21:	19 185 
END
COMPONENT 22	2
>Component_22 2 232 [iworm>a254;3_total_counts:_379_Seed:_3_K:_25_length:_151]
GTCGGCAGCGGGATCGGACCACGAACCTGAGCACCAGTACGCTTAGCGGTTTCAACGATTTCCGCAGTGGACTGATCGAT
CAGGCGATGGTCGAACGCTTTCAACCGAATGCGAATCTTTTGGTTCTGCATTTGCCCTAAACTCCAATGGA
>Component_22 2 262 [iworm>a298;3_total_counts:_354_Seed:_3_K:_25_length:_151]
GTGGTCCGATCCCGCTGCCGACCAATCGCGAGCGCTATACCATCCTGATTTCTCCGCACGTCAACAAGGACGCGCGCGAT
CAGTATGAAATTCGCACTCACAAGCGTGTGCTCGACATCGTTGAGCCGACCGAGAAAACCGTTGATGCGCT
#POOL_INFO	22:	232 262 
END
COMPONENT 23	2
>Component_23 2 316 [iworm>a386;3_total_counts:_381_Seed:_3_K:_25_length:_151]
GACGTCTCCGCGGTGACGGCACGGCGGCGACGCACCTCAGCGAGCGCTTCCGCGAGCTCGGCCTCTTCGACGGCTTTCGC
CTGTGCGGCCAAATCGTCGTGGCCGGGGGCGGGTTCGAATCCGGTAGCCATCGTGGTCCTCCTGTTTGGTG
>Component_23 2 329 [iworm>a410;3_total_counts:_381_Seed:_3_K:_25_length:_151]
CCTTGATCGTGACCGTCTCATGCGGCCACTTCGGTACCGGTTTGCCGTCGTCGTCGAGCAGGATCGCACCGGTTTCGGTG
TCGACCTCGTACTCCGAACCTTCGGGGTCGATCACCGCCACCAACTTGTCGTTCGGGGTGATGCCGTCTAC
#POOL_INFO	23:	316 329 
END
COMPONENT 24	19
>Component_24 19 73 [iworm>a79;17_total_counts:_2378_Seed:_14_K:_25_length:_165]
TGCTCTTCCGATCTCTTGAGCCGATAGTCCCTCTAAGAAGCCGGCGACCCGCCAAAGCGGGCCGGGCTATTTAGCAGGTT
AAGGTCTCGTTCGTTATCGCAATTAAGCAGACAAATCACTCACCAGGTCCAGACACAATAAGGATTGACAGAGATCGGAA
GAGCG
>Component_24 19 80 [iworm>a86;10_total_counts:_544_Seed:_2_K:_25_length:_81]
GGGAGAGATCGGAAGAGCGTCGTGGAGGGAAAGAGTGTCAGGTCGTAAGAGTATATAACGGTGGTCGCCGTATAATTAAA
A
>Component_24 19 89 [iworm>a96;61_total_counts:_2520_Seed:_34_K:_25_length:_65]
TCAGACGTGTGCTCTTCCGATCTTTCAACCGCGGCGGCAATGGCGGCGGCGGTGGTGGCGGCTTC
>Component_24 19 94 [iworm>a101;14_total_counts:_1787_Seed:_17_K:_25_length:_152]
TCAGACGTGTGCTCTTCCGATCTTCAGCACCATACTCATCTTGGACTGTGATTGTAACTATGTTATTTGGTGTTACGAAG
TCCTGTGGGTTTATATTTAATAAGTCACTAGAAAAGTACGTTGAATAGAAGATCGGAAGAGCGTCGTGTAGG
>Component_24 19 127 [iworm>a137;13_total_counts:_2229_Seed:_4_K:_25_length:_193]
CCTACACGACGCTCTTCCGATCTACAAAGGGCAGGGACGTAATCAACGCACGCTGATGACGTACGCTTACTAGGCATTCC
TCGTTGAAGAGCAATAATTGCAATGCTCTATCCCCAGCACGACAGAGTTTAACAAGATTACCCAACCCTTCCGGGCAAGG
AAATGAACTCGAGATCGGAAGAGCACACGTCTG
>Component_24 19 134 [iworm>a144;27_total_counts:_664_Seed:_12_K:_25_length:_49]
ACTTACGACCTGACACTCTTTCCCAACACGACGCTCTTCCGATCTCTCA
>Component_24 19 184 [iworm>a200;11_total_counts:_1125_Seed:_2_K:_25_length:_128]
GACGTGTGCTCTTCCGATCTCCGGCGATCGCCAACTCGTCGTTAGCCTCGGCCGTCGGGGCGTACGATATGCAGTTCAGT
CTGAATGGCAGTTCATGGAAACCGGTGAGATCGGAAGAGCGTCGTGTA
>Component_24 19 200 [iworm>a218;10_total_counts:_1026_Seed:_11_K:_25_length:_132]
TCAGACGTGTGCTCTTCCGATCTGGTACATCTCGTCGTTTATTGCCGTCGCTCCTATCGAGAAGCCGCGTATTCTCACGT
ACGTTGTCATCAATCAGCCCACCAACGGGAGATCGGAAGAGCGTCGTGTTGG
>Component_24 19 202 [iworm>a220;45_total_counts:_3740_Seed:_26_K:_25_length:_107]
CCCGCGGCAGCGCAGGTGGCGGCCAGCCCGATCCGATGCGCACCAGCGTGGACACCATGGCCGAACGCGGCCGCCGTGGC
GGCTTCAACCGCGGCGGCAATGGCGGC
>Component_24 19 204 [iworm>a222;6_total_counts:_638_Seed:_6_K:_25_length:_129]
CTTCCGGGCAAGGAAATGAACTCGTTGGCTCTGTCAGTGTAGCGCGCGTGCGGCCCAGAACATCTAAGGGCATCACAGAC
CTGTTATTGCCTCAAACTTCCATCGGCTGGGGATAGAGCATTGCAATTA
>Component_24 19 227 [iworm>a248;32_total_counts:_1835_Seed:_12_K:_25_length:_82]
CACTACACGACGCTCTTCCGATCTGCCACGGCCGCCGCCGCCGAAGCCGCCACCACCACCGCCGCCGCCGCGATTGCCGC
CG
>Component_24 19 257 [iworm>a290;14_total_counts:_2643_Seed:_4_K:_25_length:_208]
CCCCCCCCCCCCCCCCCCCCGGATTTTTAATGATACGGCGACCACCGTGATCTACACTTACGACCTGACACTGTTTCCCT
ACACGACGCTCTTCCGAACTGGCGGCTTTGGTGGTGGTGGCGGCGGTGGCGGCGGCTTCGGCGGCGGCAACCGTGACGGC
GGCTACGGCGGTGGCGGCGGCCGTCAGATCGGAAGAGCACACGTCTGA
>Component_24 19 261 [iworm>a297;10_total_counts:_988_Seed:_3_K:_25_length:_126]
CAGACGTGTGCTCTTCCGATCTGAAGAGATCTATTACTGGAGACAAATACAGCTTGCGCCCATTGACTGCAAATTCAGTA
ACATCGGTAACCCACTTCTCGTTTAGATCGGAAGAGCGTCGTGTAG
>Component_24 19 265 [iworm>a303;26_total_counts:_4415_Seed:_7_K:_25_length:_197]
GAAGATCCTTTGATCTTTTCTACGGGGTCTGACGCTCTATTCAACAAAGCCGCCGTCCCGTCAAGTCAGCGTAAATGGGT
AGGGGGCTTCAAATCGTCCGCTCTGCCAGTGTTACAACCAATTAACAAATTCTGATTAGAAAAACTCATCGAGCATCAAA
TGAAACTGCAATTTAAGATCGGAAGAGCGTCGTGTAG
>Component_24 19 290 [iworm>a338;10_total_counts:_487_Seed:_2_K:_25_length:_71]
CCCCCCCCCCCCCCCCCCCGTGTTTTCAAGCAGAAGACGGCATACGCGATAAGAACGTAGGTGACTGGAGT
>Component_24 19 296 [iworm>a349;12_total_counts:_540_Seed:_4_K:_25_length:_69]
TCGGAAGAGCGTCGTGTTGGGAAACAGTGTCAGGTCGTAACTGTAGATCTCGGTGGTCGCCGTATGATT
>Component_24 19 310 [iworm>a373;29_total_counts:_2903_Seed:_19_K:_25_length:_125]
CTACACGACGCTCTTCCGATCTCTACGGTATCCGTATCGGCCTCTATTCTCGTGATAAATCTCACTAATACGCTTTTTAA
CGTCCGCATACTTGTCAGGCTTGCAGATCGGAAGAGCACACGTCT
>Component_24 19 337 [iworm>a422;33_total_counts:_921_Seed:_25_K:_25_length:_52]
GGCTTCGGCGGCGGCGGCCGTGGCGGCCCCTCGCGCGGCGGCTACGGTCGCT
>Component_24 19 377 [iworm>a510;12_total_counts:_105_Seed:_5_K:_25_length:_33]
CTACACGACGCTCTTCCGATCTCATTGGCACCA
#POOL_INFO	24:	73 80 89 94 127 134 184 200 202 204 227 257 261 265 290 296 310 337 377 
END
COMPONENT 25	2
>Component_25 2 147 [iworm>a158;2_total_counts:_254_Seed:_2_K:_25_length:_151]
AACCAGTTTCTGCACAGCCAATACTCTGAACCAGCGCCAAGCGCCTAAAATTAACAATAAGGCAGTAAGATGCGTAACAA
TCAGCCAGTCACTCAACGCGAAGTCGAGTTGAGCCAGGACGACTTCCTCGTTTCTCGCACCGATCTCAAGG
>Component_25 2 279 [iworm>a321;2_total_counts:_254_Seed:_2_K:_25_length:_151]
CGATCGGCGTGACGCTGGCATCGACCCAATAATGGTCGCCACTCTTGCAGCGGTTCTTGACCAGCCCCCGCCAAGTATCG
CCACGTTTCAGCGTACTCCACAGATTCTCGAAGGCGGCAGCGGGCATGTCGGGGTGGCGAATCAGGTTGTG
#POOL_INFO	25:	147 279 
END
COMPONENT 26	2
>Component_26 2 156 [iworm>a167;2_total_counts:_252_Seed:_2_K:_25_length:_151]
TGGGCCGACCACGCCGTGACCGTCACCGTGGCCTGAGCACGGCCCGCGCGCCCATCCCGCCCCCCTTCCCGTCACTTCCC
GCACACGGCGCCAGACCGTGGCGGGCCCGTACCCCCATTGCCATGTTCACGATGAAACACCTGATCCACAC
>Component_26 2 259 [iworm>a292;2_total_counts:_253_Seed:_2_K:_25_length:_151]
GCCGCGCGCCTGGTCGGCCCCGACCTGGGCAAGTACGCCTGGCGCCAGTTCGTGCTGCAGGCGCGCCTGCCCAAGGGCAC
GCATGTGCTGGCCAGCCGCGCCACCGACGCGCGCGGCCGGGTCCAGCCCGAGACGCGCGGCGAAAACCAGA
#POOL_INFO	26:	156 259 
END
COMPONENT 27	2
>Component_27 2 251 [iworm>a283;2_total_counts:_254_Seed:_2_K:_25_length:_151]
AGGGCAGGTCTTGTTTTGTAACTCTTTCTTCATGCGTCCTAAAACATGAGGTTGTTGCGCTCGTAGTAGAACGAAAGAAT
CCACTTGGCGTACTTTTCTGCGTCATTGGCACAGGAGTCCAATGTTTCAAGTGCACTCTTTAGAACATTAA
>Component_27 2 346 [iworm>a441;2_total_counts:_254_Seed:_2_K:_25_length:_151]
GAACTGATGATAGAGCCCATTACCGGAGACAACTGGCGTCCGACCGACCATTGTTTTTCCCACTGAACATTTATCTATAG
ACTCTATCCCAGGTCCGCCATAACCCAAGCCCCCCCAAAAAAAAAGACCTGCAGAGGGCAGGTCTTGTTTT
#POOL_INFO	27:	251 346 
END
COMPONENT 28	2
>Component_28 2 52 [iworm>a58;2_total_counts:_254_Seed:_2_K:_25_length:_151]
GAACAGCCCGGCAGCCTTGGCGAGGTTGCCCTTCATTGCGCCGGCCAGCTTGGCCAGCAGCACCTCGCGGGTTTCCAGGT
CCGCGATGCGCTCGACTTCGGCGACGGTCAGCGGGTGGCCGTCCATGTAGCCGCCCTTGATGACCAGCGCC
>Component_28 2 332 [iworm>a416;2_total_counts:_254_Seed:_2_K:_25_length:_151]
GACCTCAAAGGTCTCCTCGAACTTCTTGACGAAGTCCGACAGCTCCAACAGGGTCATTTCCTTGAAAGCGTCGAGCAGGT
CGTCGCTGGAGATCTTTGCCATGGTGTTTTCCTCCTGAGTTTCTTCAGTTTCTCGGGTTTGTGGGGGTTAT
#POOL_INFO	28:	52 332 
END
COMPONENT 29	2
>Component_29 2 84 [iworm>a91;2_total_counts:_254_Seed:_2_K:_25_length:_151]
AAACATTCTTTTTGGCAAAAGCTAGTTTTTAAAATTTGTTTTATTTTCAAATCTAGAAGTTGAATATATTGAATGTCTTT
GTGTATCAGATGACATTAAATTTTTCTATAGTAATATCTAAATAATATGTATTACAGTAATTTTTGTCATG
>Component_29 2 355 [iworm>a451;2_total_counts:_254_Seed:_2_K:_25_length:_151]
TCTATATATGCGGCAAGATTGTCCTTGAAACCAATACAATAATAATAGTAAAATGGCAAACTTATTTCAGCAGAGTATAA
AAAATTACACAAACAAATTAGATTTGTTCCAGGAATGCAAGGGTGGTTTATCATGACAAAAATTACTGTAA
#POOL_INFO	29:	84 355 
END
COMPONENT 30	1
>Component_30 1 39 [iworm>a41;11_total_counts:_4615_Seed:_15_K:_25_length:_449]
GGCTTAGGATCGACTAACCCGTGTCCAACTGCTGTTCACACGGGTTAGTCGATCCTAAGCCATAGGGAAACTCCGTTTTA
AAGTGCGCACTTGTGCGTCGCCCGGCGAAAGGGAAGCCGGTTAACATTCCGGCACCTGGATGTGGATTCTCCACGGCAAC
GTAACTGAAAGCGAAGACGACGGCGGGGGCCCTGGGAAGAGTTCTCTTTTCTTCTTAACGGCCCGTCACCCTGAAATCGG
TTTGTCCGGAGCTAGGGTTTAATGGCCGGTAGAGTCCCACACCTTTGTGGGATCCGGTGCGCCCCCGACGTCCCTTGAAA
ATTCGCTGGAAGGAATAGTTTTCACGCCAGGTCGTACTCATAACCGCAGCAGGTCTCCAAGGTGAAAAGCCTCTAGTTGA
TAGAACAATGTAGATAAGGGAAGTCGGCAAAATAGATCCGTAACTTCGG
#POOL_INFO	30:	39 
END
COMPONENT 31	1
>Component_31 1 140 [iworm>a150;8_total_counts:_2710_Seed:_3_K:_25_length:_360]
GCAAAGGATTTATCCCTACGCATTGTGAAATTGCAATTCGTCAGCTCGACCCCAGGACTTCTACCTGGAGCCGGTCGCCA
ACCTGCTAAGGTTCAGGGCCAAAGGCCTATTCGTATCCGACTACGATGTGTAGGGGGAAATCGTCCCTTTCTGGCATGGA
TTCTGACTTAGAGGCGTTCAGCCATAATCCAGCAGATGGTAGCTTCGCGGCACTGCCCGGTCGGACAGCCGCAAAAACCA
ATTATCTGAAACCGCGGTTCCTCTCGTACTAAGCGGTATTACCATTGGGACGACATTCATCAGTAGGGTAAAACTAACCT
GTCTCACGACGGTCTAACCCCAGCTCACGTTCCCTATTAG
#POOL_INFO	31:	140 
END
COMPONENT 32	1
>Component_32 1 155 [iworm>a166;5_total_counts:_1477_Seed:_6_K:_25_length:_325]
TTCATCGCCCACACGACGCTCCCCTACCCATCCACGCACCTGGATCGAAACATGGTACACGCGTGAATGACACAGCTTCG
GCGGATTGCTTGAGCCCCGCTAAATTGTCGAAGCAGCCACCCTTGAAAGAGTGCGTAATAGCTCACTGGTCAAGTGGTTC
CGCGCCGACAATGTAGCGGGGCTCAAGCACACCGCCGAAGCTGTGGCATTTCCCCAGTAGCTTGCCGGTTCCTCTCGGGG
GCCGGCCAGGTGGGGGGATGGGTAGGGGAGCGTCGTGTGCGCGATGAAGCGGCGGGGTGACCCAGTCGTGGAGAGCACAC
GAGTG
#POOL_INFO	32:	155 
END
COMPONENT 33	1
>Component_33 1 167 [iworm>a180;19_total_counts:_6137_Seed:_2_K:_25_length:_350]
CGAGGATCTGCGCGCTGATGGCGTCGAAATGCAGGTTGGCGCTGCGCACGTACCAGGCGGTGAGCAGCCAGCACAGCAGG
ATCAGCGCAGCTCCCAGCGGCAGGCCCAGGCTCAGGTGGCTGCCGGCGTACAGCGGCAGGTGCAGCCAACCGGGAGCGAA
GGCCACCAGCATGATGAAGCTGTAGTAGAGGGCCAGCACCAGGGCGCTCAGGGCCCAGGCGAGGCGCGCGCGGCGGCGGG
CGAGGCGCTGGAACTTGGGATTGCTGCGGATCAGTGCGCAGGTCAGGGCATGGTTGGCGTGGCTGCTCATGCTGGTGCTC
CGTGGTTGTTGTTGTCGGATCGCTGCAGAT
#POOL_INFO	33:	167 
END
COMPONENT 34	1
>Component_34 1 168 [iworm>a181;17_total_counts:_5498_Seed:_14_K:_25_length:_353]
TCCCAGGCGGCGGCCTCGGCGGCCCAGTCGGCGGCGCGGGCGGCGTAGTCGGCGGCGCGGGCGGCTTCAGCGTAGGCGGC
GTCGGCGGCGTAGGCGGCGCGGACGGCGGCGGCGTAGGCGGCGTAGTCGGCGGATATCATCGCTCGTTCCCTGTCGCCGT
CAGAAACCGCTCGGCGCGCACGATGGACACCGACTTGCGGGCACGCAGCAGCGCGAGCCGGCGCGGGTCGCGCAGGGTCG
CCTCGCTCGCCTTCTCGTGGGCGGCCACGTATTCGTCATAGAGAATTGACGACACCGACCGAGCGGTGTCAACGGCGTTT
TCCACGGCAGCCACAACCGCGGCCTCGCCTTCG
#POOL_INFO	34:	168 
END
