[+] Loading snakemake  7.32.4 
7.32.4
Unlocking working directory.
Building DAG of jobs...
Using shell: /usr/bin/bash
Provided cores: 1 (use --cores to define parallelism)
Rules claiming more threads will be scaled down.
Job stats:
job                count
---------------  -------
all                    1
bowtiePrimate          1
bowtieUnmasked         1
starAfterBowtie        1
trinity                2
total                  6

Select jobs to execute...

[Mon Nov 18 12:06:31 2024]
rule trinity:
    input: /home/parkercol/PathSeq/Tests/BiowulfTest1/tempCodeCopy/all_trinity.sh, /data/parkercol/PathseqOutput/Sample_582760806_A5_S33_R1_001/primate_alignment_rates/unalignedRead1AgainstPrimate_582760806_A5_S33_R1_001.fq, /data/parkercol/PathseqOutput/Sample_582760806_A5_S33_R1_001/primate_alignment_rates/unalignedRead1AgainstPrimate_582760806_A5_S33_R2_001.fq
    output: /data/parkercol/PathseqOutput/Sample_582760806_A5_S33_R1_001/RNA_trinity_output/formatted_myTrinity_Origin_RNA_Sample_582760806_A5_S33_R1_001.Trinity.fasta, /data/parkercol/PathseqOutput/Sample_582760806_A5_S33_R1_001/RNA_trinity_output/trinity_out_300_Sample_582760806_A5_S33_R1_001.txt, /data/parkercol/PathseqOutput/Sample_582760806_A5_S33_R1_001/RNA_trinity_output/trinity_err_300_Sample_582760806_A5_S33_R1_001.txt, /data/parkercol/PathseqOutput/Sample_582760806_A5_S33_R1_001/RNA_trinity_output/myTrinity_Origin_RNA_Sample_582760806_A5_S33_R1_001.Trinity.fasta
    jobid: 1
    reason: Missing output files: /data/parkercol/PathseqOutput/Sample_582760806_A5_S33_R1_001/RNA_trinity_output/formatted_myTrinity_Origin_RNA_Sample_582760806_A5_S33_R1_001.Trinity.fasta
    wildcards: sample=582760806_A5_S33
    resources: tmpdir=/tmp


        module load trinity
        which Trinity
        module load fastp
        which fastp
        module load fastxtoolkit
        which fasta_formatter

        bash /home/parkercol/PathSeq/Tests/BiowulfTest1/tempCodeCopy/all_trinity.sh /home/parkercol/PathSeq/Tests/BiowulfTest1/tempCodeCopy/ /data/parkercol/PathseqOutput/Sample_582760806_A5_S33_R1_001/primate_alignment_rates/unalignedRead1AgainstPrimate_582760806_A5_S33_R1_001.fq /data/parkercol/PathseqOutput/Sample_582760806_A5_S33_R1_001/primate_alignment_rates/unalignedRead1AgainstPrimate_582760806_A5_S33_R2_001.fq 582760806_A5_S33_R1_001         582760806_A5_S33_R2_001 RNA 300 1         175G /data/parkercol/PathseqOutput/Sample_582760806_A5_S33_R1_001 /lscratch/
        
[+] Loading singularity  4.1.5  on cn4306 
[+] Loading Trinity 2.15.2  ... 
/usr/local/apps/trinity/trinityrnaseq-2.15.2/bin/Trinity
[+] Loading fastp  0.24.0 
/usr/local/apps/fastp/0.24.0/bin/fastp
[+] Loading fastxtoolkit 0.0.14  ... 
/usr/local/apps/fastxtoolkit/0.0.14/bin/fasta_formatter
CHECKPOINT 1: ALL_TRINITY INPUTS:
1. codePath:
/home/parkercol/PathSeq/Tests/BiowulfTest1/tempCodeCopy/
Directory exists: /home/parkercol/PathSeq/Tests/BiowulfTest1/tempCodeCopy/
dos2unix: converting file /home/parkercol/PathSeq/Tests/BiowulfTest1/tempCodeCopy/dir_check.sh to Unix format...
2. unalignedInputLeft:
/data/parkercol/PathseqOutput/Sample_582760806_A5_S33_R1_001/primate_alignment_rates/unalignedRead1AgainstPrimate_582760806_A5_S33_R1_001.fq
3. unalignedInputRight:
/data/parkercol/PathseqOutput/Sample_582760806_A5_S33_R1_001/primate_alignment_rates/unalignedRead1AgainstPrimate_582760806_A5_S33_R2_001.fq
4. left_read_file_base_name:
582760806_A5_S33_R1_001
Variable is not empty
5. right_read_file_base_name:
582760806_A5_S33_R2_001
Variable is not empty
6. origin:
RNA
Variable is not empty
7. min_contig_length:
300
Variable is not empty
8. numTrinityThreads:
1
Variable is not empty
9. maxTrinityMemory:
175G
Variable is not empty
10. outPath:
/data/parkercol/PathseqOutput/Sample_582760806_A5_S33_R1_001
Directory exists: /data/parkercol/PathseqOutput/Sample_582760806_A5_S33_R1_001
11. scratchDir:
/lscratch/
Directory exists: /lscratch/
mkdir: cannot create directory ‘/data/parkercol/PathseqOutput/Sample_582760806_A5_S33_R1_001/RNA_trinity_output’: File exists
CHECKPOINT 2: FASTP COMMAND:
fastp -i /data/parkercol/PathseqOutput/Sample_582760806_A5_S33_R1_001/primate_alignment_rates/unalignedRead1AgainstPrimate_582760806_A5_S33_R1_001.fq -o /data/parkercol/PathseqOutput/Sample_582760806_A5_S33_R1_001/RNA_trinity_output/fastp_unalignedRead1AgainstPrimate_582760806_A5_S33_R1_001.fq -I /data/parkercol/PathseqOutput/Sample_582760806_A5_S33_R1_001/primate_alignment_rates/unalignedRead1AgainstPrimate_582760806_A5_S33_R2_001.fq -O /data/parkercol/PathseqOutput/Sample_582760806_A5_S33_R1_001/RNA_trinity_output/fastp_unalignedRead1AgainstPrimate_582760806_A5_S33_R2_001.fq --dedup --thread 12
Read1 before filtering:
total reads: 3680137
total bases: 555700687
Q20 bases: 517440060(93.1149%)
Q30 bases: 483077552(86.9312%)

Read2 before filtering:
total reads: 3680137
total bases: 555700687
Q20 bases: 522203093(93.972%)
Q30 bases: 487300597(87.6912%)

Read1 after filtering:
total reads: 2710398
total bases: 297144870
Q20 bases: 284321048(95.6843%)
Q30 bases: 268415582(90.3316%)

Read2 after filtering:
total reads: 2710398
total bases: 296797222
Q20 bases: 284875338(95.9832%)
Q30 bases: 268258254(90.3844%)

Filtering result:
reads passed filter: 6917716
reads failed due to low quality: 436816
reads failed due to too many N: 480
reads failed due to too short: 5262
reads with adapter trimmed: 5079626
bases trimmed due to adapters: 259287652

Duplication rate: 20.3457%

Insert size peak (evaluated by paired-end reads): 99

JSON report: fastp.json
HTML report: fastp.html

fastp -i /data/parkercol/PathseqOutput/Sample_582760806_A5_S33_R1_001/primate_alignment_rates/unalignedRead1AgainstPrimate_582760806_A5_S33_R1_001.fq -o /data/parkercol/PathseqOutput/Sample_582760806_A5_S33_R1_001/RNA_trinity_output/fastp_unalignedRead1AgainstPrimate_582760806_A5_S33_R1_001.fq -I /data/parkercol/PathseqOutput/Sample_582760806_A5_S33_R1_001/primate_alignment_rates/unalignedRead1AgainstPrimate_582760806_A5_S33_R2_001.fq -O /data/parkercol/PathseqOutput/Sample_582760806_A5_S33_R1_001/RNA_trinity_output/fastp_unalignedRead1AgainstPrimate_582760806_A5_S33_R2_001.fq --dedup --thread 12 
fastp v0.24.0, time used: 7 seconds
fastp command complete
CHECKPOINT 3: TRINITY COMMAND: 
Trinity --CPU 1 --output myTrinity_Origin_RNA_Sample_582760806_A5_S33_R1_001 --min_contig_length 300 --seqType fq --max_memory 175G --min_kmer_cov 1 --left /data/parkercol/PathseqOutput/Sample_582760806_A5_S33_R1_001/primate_alignment_rates/unalignedRead1AgainstPrimate_582760806_A5_S33_R1_001.fq --right /data/parkercol/PathseqOutput/Sample_582760806_A5_S33_R1_001/primate_alignment_rates/unalignedRead1AgainstPrimate_582760806_A5_S33_R2_001.fq --no_version_check 1>/data/parkercol/PathseqOutput/Sample_582760806_A5_S33_R1_001/RNA_trinity_output/trinity_out_300_582760806_A5_S33_R1_001.txt 2>/data/parkercol/PathseqOutput/Sample_582760806_A5_S33_R1_001/RNA_trinity_output/trinity_err_300_582760806_A5_S33_R1_001.txt
