dos2unix: converting file dir_check.sh to Unix format...
dos2unix: converting file get_unique_sample_ID_names.sh to Unix format...
holdID is 
40712834
Ready for star Alignment
holdID is 
40712859
Ready for bowtie Primate
holdID is 
40712879
Ready for Trinity
holdID is 
40712881
