INFO	2025-06-11 20:49:39	CollectInsertSizeMetrics	

********** NOTE: Picard's command line syntax is changing.
**********
********** For more information, please see:
********** https://github.com/broadinstitute/picard/wiki/Command-Line-Syntax-Transition-For-Users-(Pre-Transition)
**********
********** The command line looks like this in the new syntax:
**********
**********    CollectInsertSizeMetrics -I tempSortedAlignments_NF-H2O_2_S17_L001_R1_001.bam -O insert_size_metrics_NF-H2O_2_S17_L001_R1_001.txt -H insert_size_histogram_NF-H2O_2_S17_L001_R1_001.pdf -M 0.5
**********


20:49:40.238 INFO  NativeLibraryLoader - Loading libgkl_compression.so from jar:file:/data/vrc_his/douek_lab/projects/PathSeq/cokie_pathseq_rewrite/PathseqExternalPrograms/picard_2.18.14/picard.jar!/com/intel/gkl/native/libgkl_compression.so
20:49:40.272 WARN  NativeLibraryLoader - Unable to load libgkl_compression.so from native/libgkl_compression.so (/tmp/parkercol/libgkl_compression15012481246417294493.so: /tmp/parkercol/libgkl_compression15012481246417294493.so: failed to map segment from shared object)
20:49:40.272 INFO  NativeLibraryLoader - Loading libgkl_compression.so from jar:file:/data/vrc_his/douek_lab/projects/PathSeq/cokie_pathseq_rewrite/PathseqExternalPrograms/picard_2.18.14/picard.jar!/com/intel/gkl/native/libgkl_compression.so
20:49:40.281 WARN  NativeLibraryLoader - Unable to load libgkl_compression.so from native/libgkl_compression.so (/tmp/parkercol/libgkl_compression10599119648708515238.so: /tmp/parkercol/libgkl_compression10599119648708515238.so: failed to map segment from shared object)
[Wed Jun 11 20:49:40 EDT 2025] CollectInsertSizeMetrics HISTOGRAM_FILE=insert_size_histogram_NF-H2O_2_S17_L001_R1_001.pdf MINIMUM_PCT=0.5 INPUT=tempSortedAlignments_NF-H2O_2_S17_L001_R1_001.bam OUTPUT=insert_size_metrics_NF-H2O_2_S17_L001_R1_001.txt    DEVIATIONS=10.0 METRIC_ACCUMULATION_LEVEL=[ALL_READS] INCLUDE_DUPLICATES=false ASSUME_SORTED=true STOP_AFTER=0 VERBOSITY=INFO QUIET=false VALIDATION_STRINGENCY=STRICT COMPRESSION_LEVEL=5 MAX_RECORDS_IN_RAM=500000 CREATE_INDEX=false CREATE_MD5_FILE=false GA4GH_CLIENT_SECRETS=client_secrets.json USE_JDK_DEFLATER=false USE_JDK_INFLATER=false
[Wed Jun 11 20:49:40 EDT 2025] Executing as parkercol@ai-hpcn201.niaid.nih.gov on Linux 5.14.0-284.30.1.el9_2.x86_64 amd64; OpenJDK 64-Bit Server VM 17.0.11+9; Deflater: Jdk; Inflater: Jdk; Provider GCS is not available; Picard version: 2.18.14-SNAPSHOT
20:49:40.286 WARN  IntelDeflaterFactory - IntelInflater is not supported, using Java.util.zip.Inflater
INFO	2025-06-11 20:49:40	RExecutor	Executing R script via command: Rscript /tmp/parkercol/script15173569598865427958.R /data/home/parkercol/PathSeq/Tests/Skyline_Full_Test_00/Output/Sample_NF-H2O_2_S17_L001_R1_001/Generated_Data_2nd_Bowtie_Alignment_Unmasked_Genome/insert_size_metrics_NF-H2O_2_S17_L001_R1_001.txt /data/home/parkercol/PathSeq/Tests/Skyline_Full_Test_00/Output/Sample_NF-H2O_2_S17_L001_R1_001/Generated_Data_2nd_Bowtie_Alignment_Unmasked_Genome/insert_size_histogram_NF-H2O_2_S17_L001_R1_001.pdf tempSortedAlignments_NF-H2O_2_S17_L001_R1_001.bam
[Wed Jun 11 20:49:40 EDT 2025] picard.analysis.CollectInsertSizeMetrics done. Elapsed time: 0.00 minutes.
Runtime.totalMemory()=2075918336
To get help, see http://broadinstitute.github.io/picard/index.html#GettingHelp
Exception in thread "main" htsjdk.samtools.SAMException: Unexpected exception executing [Rscript /tmp/parkercol/script15173569598865427958.R /data/home/parkercol/PathSeq/Tests/Skyline_Full_Test_00/Output/Sample_NF-H2O_2_S17_L001_R1_001/Generated_Data_2nd_Bowtie_Alignment_Unmasked_Genome/insert_size_metrics_NF-H2O_2_S17_L001_R1_001.txt /data/home/parkercol/PathSeq/Tests/Skyline_Full_Test_00/Output/Sample_NF-H2O_2_S17_L001_R1_001/Generated_Data_2nd_Bowtie_Alignment_Unmasked_Genome/insert_size_histogram_NF-H2O_2_S17_L001_R1_001.pdf tempSortedAlignments_NF-H2O_2_S17_L001_R1_001.bam]
	at htsjdk.samtools.util.ProcessExecutor.execute(ProcessExecutor.java:111)
	at htsjdk.samtools.util.ProcessExecutor.execute(ProcessExecutor.java:87)
	at picard.util.RExecutor.executeFromFile(RExecutor.java:78)
	at picard.util.RExecutor.executeFromClasspath(RExecutor.java:59)
	at picard.analysis.CollectInsertSizeMetrics.finish(CollectInsertSizeMetrics.java:168)
	at picard.analysis.SinglePassSamProgram.makeItSo(SinglePassSamProgram.java:164)
	at picard.analysis.SinglePassSamProgram.doWork(SinglePassSamProgram.java:84)
	at picard.cmdline.CommandLineProgram.instanceMain(CommandLineProgram.java:295)
	at picard.cmdline.PicardCommandLine.instanceMain(PicardCommandLine.java:103)
	at picard.cmdline.PicardCommandLine.main(PicardCommandLine.java:113)
Caused by: java.io.IOException: Cannot run program "Rscript": error=2, No such file or directory
	at java.base/java.lang.ProcessBuilder.start(ProcessBuilder.java:1143)
	at java.base/java.lang.ProcessBuilder.start(ProcessBuilder.java:1073)
	at java.base/java.lang.Runtime.exec(Runtime.java:594)
	at java.base/java.lang.Runtime.exec(Runtime.java:453)
	at htsjdk.samtools.util.ProcessExecutor.execute(ProcessExecutor.java:102)
	... 9 more
Caused by: java.io.IOException: error=2, No such file or directory
	at java.base/java.lang.ProcessImpl.forkAndExec(Native Method)
	at java.base/java.lang.ProcessImpl.<init>(ProcessImpl.java:314)
	at java.base/java.lang.ProcessImpl.start(ProcessImpl.java:244)
	at java.base/java.lang.ProcessBuilder.start(ProcessBuilder.java:1110)
	... 13 more
