235 -> 15 weldmers: 0 scaff_pairs: 21 total: 21 min_len: 151
279 -> 147 weldmers: 0 scaff_pairs: 2 total: 2 min_len: 151
274 -> 51 weldmers: 0 scaff_pairs: 4 total: 4 min_len: 151
272 -> 194 weldmers: 0 scaff_pairs: 10 total: 10 min_len: 140
267 -> 53 weldmers: 0 scaff_pairs: 8 total: 8 min_len: 151
265 -> 257 weldmers: 0 scaff_pairs: 2 total: 2 min_len: 197
262 -> 232 weldmers: 0 scaff_pairs: 3 total: 3 min_len: 151
261 -> 296 weldmers: 0 scaff_pairs: 3 total: 3 min_len: 69
259 -> 156 weldmers: 0 scaff_pairs: 2 total: 2 min_len: 151
251 -> 346 weldmers: 0 scaff_pairs: 2 total: 2 min_len: 151
250 -> 215 weldmers: 30 scaff_pairs: 35 total: 65 min_len: 43
248 -> 90 weldmers: 44 scaff_pairs: 47 total: 91 min_len: 45
244 -> 101 weldmers: 0 scaff_pairs: 8 total: 8 min_len: 46
243 -> 77 weldmers: 0 scaff_pairs: 2 total: 2 min_len: 139
242 -> 178 weldmers: 0 scaff_pairs: 3 total: 3 min_len: 151
285 -> 363 weldmers: 0 scaff_pairs: 2 total: 2 min_len: 207
232 -> 262 weldmers: 0 scaff_pairs: 3 total: 3 min_len: 151
228 -> 111 weldmers: 0 scaff_pairs: 3 total: 3 min_len: 151
219 -> 141 weldmers: 0 scaff_pairs: 7 total: 7 min_len: 151
217 -> 2 weldmers: 17 scaff_pairs: 0 total: 17 min_len: 48
0 -> 342 weldmers: 54 scaff_pairs: 0 total: 54 min_len: 38
206 -> 318 weldmers: 0 scaff_pairs: 5 total: 5 min_len: 151
202 -> 227 weldmers: 0 scaff_pairs: 36 total: 36 min_len: 82
200 -> 134 weldmers: 0 scaff_pairs: 2 total: 2 min_len: 49
195 -> 376 weldmers: 0 scaff_pairs: 6 total: 6 min_len: 133
194 -> 272 weldmers: 0 scaff_pairs: 10 total: 10 min_len: 140
185 -> 19 weldmers: 3 scaff_pairs: 0 total: 3 min_len: 116
184 -> 257 weldmers: 0 scaff_pairs: 2 total: 2 min_len: 128
179 -> 354 weldmers: 0 scaff_pairs: 3 total: 3 min_len: 151
346 -> 251 weldmers: 0 scaff_pairs: 2 total: 2 min_len: 151
399 -> 393 weldmers: 0 scaff_pairs: 2 total: 2 min_len: 53
395 -> 344 weldmers: 0 scaff_pairs: 12 total: 12 min_len: 44
393 -> 399 weldmers: 0 scaff_pairs: 2 total: 2 min_len: 53
390 -> 342 weldmers: 0 scaff_pairs: 22 total: 22 min_len: 38
386 -> 137 weldmers: 0 scaff_pairs: 8 total: 8 min_len: 31
385 -> 246 weldmers: 0 scaff_pairs: 2 total: 2 min_len: 31
378 -> 148 weldmers: 0 scaff_pairs: 25 total: 25 min_len: 30
376 -> 195 weldmers: 0 scaff_pairs: 6 total: 6 min_len: 133
367 -> 24 weldmers: 5 scaff_pairs: 5 total: 10 min_len: 119
355 -> 84 weldmers: 0 scaff_pairs: 2 total: 2 min_len: 151
354 -> 179 weldmers: 0 scaff_pairs: 3 total: 3 min_len: 151
350 -> 175 weldmers: 0 scaff_pairs: 4 total: 4 min_len: 151
348 -> 29 weldmers: 5 scaff_pairs: 8 total: 13 min_len: 110
215 -> 250 weldmers: 30 scaff_pairs: 35 total: 65 min_len: 43
344 -> 395 weldmers: 0 scaff_pairs: 12 total: 12 min_len: 44
337 -> 227 weldmers: 0 scaff_pairs: 5 total: 5 min_len: 52
336 -> 144 weldmers: 0 scaff_pairs: 3 total: 3 min_len: 151
332 -> 52 weldmers: 0 scaff_pairs: 2 total: 2 min_len: 151
329 -> 316 weldmers: 0 scaff_pairs: 3 total: 3 min_len: 151
318 -> 206 weldmers: 0 scaff_pairs: 5 total: 5 min_len: 151
316 -> 329 weldmers: 0 scaff_pairs: 3 total: 3 min_len: 151
309 -> 148 weldmers: 0 scaff_pairs: 45 total: 45 min_len: 39
306 -> 14 weldmers: 33 scaff_pairs: 0 total: 33 min_len: 119
302 -> 105 weldmers: 10 scaff_pairs: 5 total: 15 min_len: 102
301 -> 2 weldmers: 0 scaff_pairs: 12 total: 12 min_len: 131
290 -> 310 weldmers: 0 scaff_pairs: 3 total: 3 min_len: 71
289 -> 8 weldmers: 20 scaff_pairs: 18 total: 38 min_len: 169
52 -> 332 weldmers: 0 scaff_pairs: 2 total: 2 min_len: 151
130 -> 1 weldmers: 0 scaff_pairs: 6 total: 6 min_len: 151
111 -> 228 weldmers: 0 scaff_pairs: 3 total: 3 min_len: 151
107 -> 13 weldmers: 0 scaff_pairs: 53 total: 53 min_len: 83
106 -> 4 weldmers: 35 scaff_pairs: 0 total: 35 min_len: 46
97 -> 142 weldmers: 0 scaff_pairs: 5 total: 5 min_len: 151
89 -> 227 weldmers: 0 scaff_pairs: 16 total: 16 min_len: 65
84 -> 355 weldmers: 0 scaff_pairs: 2 total: 2 min_len: 151
73 -> 204 weldmers: 0 scaff_pairs: 4 total: 4 min_len: 129
53 -> 267 weldmers: 0 scaff_pairs: 8 total: 8 min_len: 151
175 -> 350 weldmers: 0 scaff_pairs: 4 total: 4 min_len: 151
51 -> 274 weldmers: 0 scaff_pairs: 4 total: 4 min_len: 151
48 -> 2 weldmers: 14 scaff_pairs: 0 total: 14 min_len: 49
29 -> 348 weldmers: 5 scaff_pairs: 8 total: 13 min_len: 110
24 -> 367 weldmers: 5 scaff_pairs: 5 total: 10 min_len: 119
19 -> 185 weldmers: 3 scaff_pairs: 0 total: 3 min_len: 116
15 -> 235 weldmers: 0 scaff_pairs: 21 total: 21 min_len: 151
13 -> 107 weldmers: 0 scaff_pairs: 53 total: 53 min_len: 83
1 -> 130 weldmers: 0 scaff_pairs: 6 total: 6 min_len: 151
178 -> 242 weldmers: 0 scaff_pairs: 3 total: 3 min_len: 151
142 -> 97 weldmers: 0 scaff_pairs: 5 total: 5 min_len: 151
144 -> 336 weldmers: 0 scaff_pairs: 3 total: 3 min_len: 151
147 -> 279 weldmers: 0 scaff_pairs: 2 total: 2 min_len: 151
141 -> 219 weldmers: 0 scaff_pairs: 7 total: 7 min_len: 151
156 -> 259 weldmers: 0 scaff_pairs: 2 total: 2 min_len: 151
138 -> 2 weldmers: 0 scaff_pairs: 13 total: 13 min_len: 166
164 -> 105 weldmers: 0 scaff_pairs: 2 total: 2 min_len: 312
319 -> 90 weldmers: 0 scaff_pairs: 49 total: 49 min_len: 189
319 -> 139 weldmers: 9 scaff_pairs: 6 total: 15 min_len: 62
379 -> 47 weldmers: 0 scaff_pairs: 17 total: 17 min_len: 31
379 -> 322 weldmers: 0 scaff_pairs: 8 total: 8 min_len: 31
14 -> 2 weldmers: 0 scaff_pairs: 19 total: 19 min_len: 165
14 -> 306 weldmers: 33 scaff_pairs: 0 total: 33 min_len: 119
204 -> 127 weldmers: 3 scaff_pairs: 6 total: 9 min_len: 129
204 -> 73 weldmers: 0 scaff_pairs: 4 total: 4 min_len: 129
321 -> 17 weldmers: 30 scaff_pairs: 34 total: 64 min_len: 117
321 -> 26 weldmers: 0 scaff_pairs: 26 total: 26 min_len: 47
38 -> 227 weldmers: 0 scaff_pairs: 3 total: 3 min_len: 82
38 -> 2 weldmers: 17 scaff_pairs: 0 total: 17 min_len: 198
342 -> 390 weldmers: 0 scaff_pairs: 22 total: 22 min_len: 38
342 -> 0 weldmers: 54 scaff_pairs: 0 total: 54 min_len: 38
148 -> 309 weldmers: 0 scaff_pairs: 45 total: 45 min_len: 39
148 -> 378 weldmers: 0 scaff_pairs: 25 total: 25 min_len: 30
26 -> 321 weldmers: 0 scaff_pairs: 26 total: 26 min_len: 47
26 -> 17 weldmers: 26 scaff_pairs: 0 total: 26 min_len: 47
381 -> 4 weldmers: 24 scaff_pairs: 15 total: 39 min_len: 48
381 -> 296 weldmers: 0 scaff_pairs: 2 total: 2 min_len: 48
150 -> 90 weldmers: 13 scaff_pairs: 21 total: 34 min_len: 139
150 -> 353 weldmers: 0 scaff_pairs: 5 total: 5 min_len: 84
353 -> 150 weldmers: 0 scaff_pairs: 5 total: 5 min_len: 84
353 -> 90 weldmers: 13 scaff_pairs: 0 total: 13 min_len: 84
21 -> 17 weldmers: 96 scaff_pairs: 15 total: 111 min_len: 48
21 -> 2 weldmers: 52 scaff_pairs: 14 total: 66 min_len: 48
18 -> 2 weldmers: 73 scaff_pairs: 19 total: 92 min_len: 245
18 -> 44 weldmers: 0 scaff_pairs: 7 total: 7 min_len: 151
377 -> 34 weldmers: 0 scaff_pairs: 5 total: 5 min_len: 33
377 -> 296 weldmers: 0 scaff_pairs: 2 total: 2 min_len: 33
216 -> 322 weldmers: 0 scaff_pairs: 3 total: 3 min_len: 45
216 -> 47 weldmers: 37 scaff_pairs: 0 total: 37 min_len: 45
135 -> 2 weldmers: 0 scaff_pairs: 20 total: 20 min_len: 131
135 -> 257 weldmers: 0 scaff_pairs: 2 total: 2 min_len: 131
292 -> 284 weldmers: 0 scaff_pairs: 2 total: 2 min_len: 82
292 -> 77 weldmers: 7 scaff_pairs: 0 total: 7 min_len: 84
79 -> 2 weldmers: 0 scaff_pairs: 29 total: 29 min_len: 34
79 -> 17 weldmers: 0 scaff_pairs: 11 total: 11 min_len: 34
139 -> 319 weldmers: 9 scaff_pairs: 6 total: 15 min_len: 62
139 -> 90 weldmers: 36 scaff_pairs: 6 total: 42 min_len: 62
105 -> 302 weldmers: 10 scaff_pairs: 5 total: 15 min_len: 102
105 -> 164 weldmers: 0 scaff_pairs: 2 total: 2 min_len: 312
94 -> 2 weldmers: 0 scaff_pairs: 13 total: 13 min_len: 152
94 -> 257 weldmers: 0 scaff_pairs: 2 total: 2 min_len: 152
284 -> 77 weldmers: 7 scaff_pairs: 12 total: 19 min_len: 82
284 -> 292 weldmers: 0 scaff_pairs: 2 total: 2 min_len: 82
77 -> 284 weldmers: 7 scaff_pairs: 12 total: 19 min_len: 82
77 -> 243 weldmers: 0 scaff_pairs: 2 total: 2 min_len: 139
77 -> 292 weldmers: 7 scaff_pairs: 0 total: 7 min_len: 84
4 -> 2 weldmers: 0 scaff_pairs: 37 total: 37 min_len: 161
4 -> 381 weldmers: 24 scaff_pairs: 15 total: 39 min_len: 48
4 -> 106 weldmers: 35 scaff_pairs: 0 total: 35 min_len: 46
246 -> 137 weldmers: 0 scaff_pairs: 17 total: 17 min_len: 121
246 -> 385 weldmers: 0 scaff_pairs: 2 total: 2 min_len: 31
246 -> 44 weldmers: 52 scaff_pairs: 0 total: 52 min_len: 121
153 -> 2 weldmers: 0 scaff_pairs: 20 total: 20 min_len: 156
153 -> 257 weldmers: 0 scaff_pairs: 2 total: 2 min_len: 156
153 -> 25 weldmers: 0 scaff_pairs: 2 total: 2 min_len: 60
218 -> 2 weldmers: 0 scaff_pairs: 34 total: 34 min_len: 142
218 -> 8 weldmers: 0 scaff_pairs: 10 total: 10 min_len: 142
218 -> 25 weldmers: 0 scaff_pairs: 2 total: 2 min_len: 60
310 -> 296 weldmers: 0 scaff_pairs: 5 total: 5 min_len: 69
310 -> 290 weldmers: 0 scaff_pairs: 3 total: 3 min_len: 71
310 -> 257 weldmers: 0 scaff_pairs: 3 total: 3 min_len: 125
134 -> 86 weldmers: 0 scaff_pairs: 4 total: 4 min_len: 49
134 -> 80 weldmers: 0 scaff_pairs: 2 total: 2 min_len: 49
134 -> 200 weldmers: 0 scaff_pairs: 2 total: 2 min_len: 49
322 -> 47 weldmers: 36 scaff_pairs: 34 total: 70 min_len: 50
322 -> 379 weldmers: 0 scaff_pairs: 8 total: 8 min_len: 31
322 -> 216 weldmers: 0 scaff_pairs: 3 total: 3 min_len: 45
47 -> 322 weldmers: 36 scaff_pairs: 34 total: 70 min_len: 50
47 -> 379 weldmers: 0 scaff_pairs: 17 total: 17 min_len: 31
47 -> 216 weldmers: 37 scaff_pairs: 0 total: 37 min_len: 45
86 -> 2 weldmers: 0 scaff_pairs: 52 total: 52 min_len: 155
86 -> 8 weldmers: 0 scaff_pairs: 7 total: 7 min_len: 155
86 -> 257 weldmers: 0 scaff_pairs: 7 total: 7 min_len: 155
86 -> 134 weldmers: 0 scaff_pairs: 4 total: 4 min_len: 49
127 -> 2 weldmers: 0 scaff_pairs: 11 total: 11 min_len: 193
127 -> 204 weldmers: 3 scaff_pairs: 6 total: 9 min_len: 129
127 -> 80 weldmers: 0 scaff_pairs: 2 total: 2 min_len: 81
127 -> 296 weldmers: 0 scaff_pairs: 2 total: 2 min_len: 69
44 -> 2 weldmers: 33 scaff_pairs: 89 total: 122 min_len: 151
44 -> 137 weldmers: 54 scaff_pairs: 8 total: 62 min_len: 149
44 -> 18 weldmers: 0 scaff_pairs: 7 total: 7 min_len: 151
44 -> 246 weldmers: 52 scaff_pairs: 0 total: 52 min_len: 121
101 -> 17 weldmers: 35 scaff_pairs: 31 total: 66 min_len: 46
101 -> 2 weldmers: 0 scaff_pairs: 27 total: 27 min_len: 46
101 -> 244 weldmers: 0 scaff_pairs: 8 total: 8 min_len: 46
101 -> 80 weldmers: 0 scaff_pairs: 5 total: 5 min_len: 46
34 -> 2 weldmers: 48 scaff_pairs: 44 total: 92 min_len: 139
34 -> 8 weldmers: 0 scaff_pairs: 13 total: 13 min_len: 139
34 -> 257 weldmers: 0 scaff_pairs: 6 total: 6 min_len: 139
34 -> 377 weldmers: 0 scaff_pairs: 5 total: 5 min_len: 33
34 -> 296 weldmers: 0 scaff_pairs: 4 total: 4 min_len: 69
25 -> 2 weldmers: 0 scaff_pairs: 20 total: 20 min_len: 60
25 -> 17 weldmers: 0 scaff_pairs: 14 total: 14 min_len: 60
25 -> 153 weldmers: 0 scaff_pairs: 2 total: 2 min_len: 60
25 -> 257 weldmers: 0 scaff_pairs: 2 total: 2 min_len: 60
25 -> 218 weldmers: 0 scaff_pairs: 2 total: 2 min_len: 60
363 -> 2 weldmers: 0 scaff_pairs: 30 total: 30 min_len: 207
363 -> 90 weldmers: 0 scaff_pairs: 6 total: 6 min_len: 207
363 -> 8 weldmers: 0 scaff_pairs: 5 total: 5 min_len: 197
363 -> 257 weldmers: 0 scaff_pairs: 3 total: 3 min_len: 207
363 -> 285 weldmers: 0 scaff_pairs: 2 total: 2 min_len: 207
363 -> 80 weldmers: 0 scaff_pairs: 2 total: 2 min_len: 81
137 -> 2 weldmers: 0 scaff_pairs: 36 total: 36 min_len: 149
137 -> 246 weldmers: 0 scaff_pairs: 17 total: 17 min_len: 121
137 -> 386 weldmers: 0 scaff_pairs: 8 total: 8 min_len: 31
137 -> 80 weldmers: 0 scaff_pairs: 8 total: 8 min_len: 81
137 -> 44 weldmers: 54 scaff_pairs: 8 total: 62 min_len: 149
137 -> 257 weldmers: 0 scaff_pairs: 3 total: 3 min_len: 149
80 -> 137 weldmers: 0 scaff_pairs: 8 total: 8 min_len: 81
80 -> 101 weldmers: 0 scaff_pairs: 5 total: 5 min_len: 46
80 -> 227 weldmers: 0 scaff_pairs: 5 total: 5 min_len: 81
80 -> 127 weldmers: 0 scaff_pairs: 2 total: 2 min_len: 81
80 -> 134 weldmers: 0 scaff_pairs: 2 total: 2 min_len: 49
80 -> 363 weldmers: 0 scaff_pairs: 2 total: 2 min_len: 81
90 -> 319 weldmers: 0 scaff_pairs: 49 total: 49 min_len: 189
90 -> 248 weldmers: 44 scaff_pairs: 47 total: 91 min_len: 45
90 -> 150 weldmers: 13 scaff_pairs: 21 total: 34 min_len: 139
90 -> 139 weldmers: 36 scaff_pairs: 6 total: 42 min_len: 62
90 -> 363 weldmers: 0 scaff_pairs: 6 total: 6 min_len: 207
90 -> 353 weldmers: 13 scaff_pairs: 0 total: 13 min_len: 84
8 -> 289 weldmers: 20 scaff_pairs: 18 total: 38 min_len: 169
8 -> 34 weldmers: 0 scaff_pairs: 13 total: 13 min_len: 139
8 -> 218 weldmers: 0 scaff_pairs: 10 total: 10 min_len: 142
8 -> 86 weldmers: 0 scaff_pairs: 7 total: 7 min_len: 155
8 -> 363 weldmers: 0 scaff_pairs: 5 total: 5 min_len: 197
8 -> 2 weldmers: 57 scaff_pairs: 0 total: 57 min_len: 197
296 -> 310 weldmers: 0 scaff_pairs: 5 total: 5 min_len: 69
296 -> 34 weldmers: 0 scaff_pairs: 4 total: 4 min_len: 69
296 -> 261 weldmers: 0 scaff_pairs: 3 total: 3 min_len: 69
296 -> 377 weldmers: 0 scaff_pairs: 2 total: 2 min_len: 33
296 -> 381 weldmers: 0 scaff_pairs: 2 total: 2 min_len: 48
296 -> 127 weldmers: 0 scaff_pairs: 2 total: 2 min_len: 69
17 -> 2 weldmers: 12 scaff_pairs: 89 total: 101 min_len: 207
17 -> 321 weldmers: 30 scaff_pairs: 34 total: 64 min_len: 117
17 -> 101 weldmers: 35 scaff_pairs: 31 total: 66 min_len: 46
17 -> 21 weldmers: 96 scaff_pairs: 15 total: 111 min_len: 48
17 -> 25 weldmers: 0 scaff_pairs: 14 total: 14 min_len: 60
17 -> 79 weldmers: 0 scaff_pairs: 11 total: 11 min_len: 34
17 -> 26 weldmers: 26 scaff_pairs: 0 total: 26 min_len: 47
227 -> 202 weldmers: 0 scaff_pairs: 36 total: 36 min_len: 82
227 -> 89 weldmers: 0 scaff_pairs: 16 total: 16 min_len: 65
227 -> 2 weldmers: 0 scaff_pairs: 16 total: 16 min_len: 82
227 -> 80 weldmers: 0 scaff_pairs: 5 total: 5 min_len: 81
227 -> 337 weldmers: 0 scaff_pairs: 5 total: 5 min_len: 52
227 -> 257 weldmers: 0 scaff_pairs: 4 total: 4 min_len: 82
227 -> 38 weldmers: 0 scaff_pairs: 3 total: 3 min_len: 82
257 -> 86 weldmers: 0 scaff_pairs: 7 total: 7 min_len: 155
257 -> 34 weldmers: 0 scaff_pairs: 6 total: 6 min_len: 139
257 -> 227 weldmers: 0 scaff_pairs: 4 total: 4 min_len: 82
257 -> 310 weldmers: 0 scaff_pairs: 3 total: 3 min_len: 125
257 -> 137 weldmers: 0 scaff_pairs: 3 total: 3 min_len: 149
257 -> 363 weldmers: 0 scaff_pairs: 3 total: 3 min_len: 207
257 -> 184 weldmers: 0 scaff_pairs: 2 total: 2 min_len: 128
257 -> 94 weldmers: 0 scaff_pairs: 2 total: 2 min_len: 152
257 -> 153 weldmers: 0 scaff_pairs: 2 total: 2 min_len: 156
257 -> 265 weldmers: 0 scaff_pairs: 2 total: 2 min_len: 197
257 -> 135 weldmers: 0 scaff_pairs: 2 total: 2 min_len: 131
257 -> 25 weldmers: 0 scaff_pairs: 2 total: 2 min_len: 60
2 -> 44 weldmers: 33 scaff_pairs: 89 total: 122 min_len: 151
2 -> 17 weldmers: 12 scaff_pairs: 89 total: 101 min_len: 207
2 -> 86 weldmers: 0 scaff_pairs: 52 total: 52 min_len: 155
2 -> 34 weldmers: 48 scaff_pairs: 44 total: 92 min_len: 139
2 -> 4 weldmers: 0 scaff_pairs: 37 total: 37 min_len: 161
2 -> 137 weldmers: 0 scaff_pairs: 36 total: 36 min_len: 149
2 -> 218 weldmers: 0 scaff_pairs: 34 total: 34 min_len: 142
2 -> 363 weldmers: 0 scaff_pairs: 30 total: 30 min_len: 207
2 -> 79 weldmers: 0 scaff_pairs: 29 total: 29 min_len: 34
2 -> 101 weldmers: 0 scaff_pairs: 27 total: 27 min_len: 46
2 -> 153 weldmers: 0 scaff_pairs: 20 total: 20 min_len: 156
2 -> 135 weldmers: 0 scaff_pairs: 20 total: 20 min_len: 131
2 -> 25 weldmers: 0 scaff_pairs: 20 total: 20 min_len: 60
2 -> 14 weldmers: 0 scaff_pairs: 19 total: 19 min_len: 165
2 -> 18 weldmers: 73 scaff_pairs: 19 total: 92 min_len: 245
2 -> 227 weldmers: 0 scaff_pairs: 16 total: 16 min_len: 82
2 -> 21 weldmers: 52 scaff_pairs: 14 total: 66 min_len: 48
2 -> 94 weldmers: 0 scaff_pairs: 13 total: 13 min_len: 152
2 -> 138 weldmers: 0 scaff_pairs: 13 total: 13 min_len: 166
2 -> 301 weldmers: 0 scaff_pairs: 12 total: 12 min_len: 131
2 -> 127 weldmers: 0 scaff_pairs: 11 total: 11 min_len: 193
2 -> 38 weldmers: 17 scaff_pairs: 0 total: 17 min_len: 198
2 -> 8 weldmers: 57 scaff_pairs: 0 total: 57 min_len: 197
2 -> 48 weldmers: 14 scaff_pairs: 0 total: 14 min_len: 49
2 -> 217 weldmers: 17 scaff_pairs: 0 total: 17 min_len: 48
