COMPONENT 0	2
>Component_0 2 1 [iworm>a2;5_total_counts:_683_Seed:_2_K:_25_length:_173]
CGGGGCCCCCGGGGGGCGGCCGCGACCCCCGCCGCAGCTGGGGCGATCCACGGGAAGGGCCCGGCTCGCGTCCAGAGATC
GGAAGAGCGTCGTGTAGGGAAAGAGTGTGTTCACGTGTGTAGATCTCGGTGGTCGCCGTATCATTAAAAATGGTGGGTGT
GGGGGGGGGGGGG
>Component_0 2 2 [iworm>a3;4_total_counts:_690_Seed:_3_K:_25_length:_210]
CCCTACACGACGCTCTTCCGATCTGGGGAATCCCCCGCGAGGGGGGTCTCCCCCGCGGGGGCGCGCCGGCGTCTCCTCGT
GGGGGGGCCGGGCCACCCCTCCCACGGCGCGACCGCTCTCCCAGATCGGAAGAGCACACGTCTGAACTCCAGTCACTTTG
GGATATCTCGTATGCCGTCTTCTGCTTGAAAAGGGGGGGGGGGGGGGGGG
#POOL_INFO	0:	1 2 
END
COMPONENT 1	2
>Component_1 2 0 [iworm>a1;2_total_counts:_253_Seed:_2_K:_25_length:_156]
GCCCAGACCACCAGCTAAGGTCCCAAAATAATTGTTAAGTGGAAAAGGATGTGGGGTTGCACAGACAACTAGGATGTTAG
CTTAGAAGCAGCTATTCATTCAAAGAGTGCGTAATAGCTCACTAGTCGAGTGACCCTGCGCCGAAAATGTACCGGA
>Component_1 2 0 [iworm>a1;2_total_counts:_253_Seed:_2_K:_25_length:_156]
GCCCAGACCACCAGCTAAGGTCCCAAAATAATTGTTAAGTGGAAAAGGATGTGGGGTTGCACAGACAACTAGGATGTTAG
CTTAGAAGCAGCTATTCATTCAAAGAGTGCGTAATAGCTCACTAGTCGAGTGACCCTGCGCCGAAAATGTACCGGA
#POOL_INFO	1:	0 0 
END
COMPONENT 2	1
>Component_2 1 13 [iworm>a14;2_total_counts:_665_Seed:_4_K:_25_length:_332]
CCTACACGACGCTCTTCCGATCTGCCTTGGCAGTCAGAGGCGAAGAAAGACGTGACAGCCTGCGATAAGCGTCGGTGAGG
TGGCAATATCCTGTGACCCGGCGATTTCTGAATGGGGAAACCCAACCAACACAAGTTGGTTATTACACAGTTTACTGTGT
AAGGCAAACCGGGAGAAGTGAAACATCTCAGTACCCCGAGGAAAAGACATCAAATGAGATTCCGTAAGTAGCGGCGAGCG
AACACGGAGGAGCCGATCAATTTTACAGTAGCAAAATGGCGTGGGAAAGCCAACCATAGTAGGTGATAGTCCTGTATGCG
AAACTGTTTAAG
#POOL_INFO	2:	13 
END
