contigID,taxAssignment
TRINITY_DN9_c0_g1_i2_1,k__Bacteria;-p__Actinobacteria;-c__Actinomycetia
TRINITY_DN9_c0_g1_i2_2,k__Bacteria;-p__Firmicutes;-c__Clostridia
TRINITY_DN24_c0_g1_i1_1,k__Eukaryota;-p__Ascomycota;-c__Dothideomycetes
TRINITY_DN5_c0_g1_i1_1,k__Bacteria;-p__Actinobacteria;-c__Actinomycetia
TRINITY_DN33_c0_g1_i1_1,k__Bacteria;-p__Proteobacteria;-c__Gammaproteobacteria
