contigID,taxAssignment
TRINITY_DN9_c0_g1_i2_1,k__Bacteria
TRINITY_DN9_c0_g1_i2_2,k__Bacteria
TRINITY_DN24_c0_g1_i1_1,k__Eukaryota
TRINITY_DN5_c0_g1_i1_1,k__Bacteria
TRINITY_DN33_c0_g1_i1_1,k__Bacteria
