/data/apps/software/spack/linux-rocky9-x86_64_v3/gcc-11.3.1/snakemake-8.5.2-x277myxx4tkm7rfknc6kwjp535p5gktf/bin/snakemake
Assuming unrestricted shared filesystem usage for local execution.
Building DAG of jobs...
Using shell: /usr/bin/bash
Provided cores: 1 (use --cores to define parallelism)
Rules claiming more threads will be scaled down.
Job stats:
job                count
---------------  -------
all                    1
bowtiePrimate          1
bowtieUnmasked         1
buildSalmon            1
collectSalmon          7
filterHostBlast        1
kaiju                  1
salmonQuant            7
starAfterBowtie        1
trinity                1
total                 22

Select jobs to execute...
Execute 1 jobs...

[Wed Dec  4 14:22:46 2024]
localrule bowtieUnmasked:
    input: /data/vrc_his/douek_lab/projects/PathSeq/cokie_pathseq_rewrite/PathSeq/SlurmSnakemakeBaseCode/bowtieUnmaskedGenome.sh, /data/vrc_his/douek_lab/projects/PathSeq/2023020_EVD68_NS/Input_Data/582760806_A5_S33_R1_001.fastq.gz, /data/vrc_his/douek_lab/projects/PathSeq/2023020_EVD68_NS/Input_Data/582760806_A5_S33_R2_001.fastq.gz, /data/vrc_his/douek_lab/projects/PathSeq/programs/picard/2.18.14/picard.jar
    output: /data/vrc_his/douek_lab/projects/PathSeq/cokie_pathseq_rewrite/Output/Sample_582760806_A5_S33_R1_001/Generated_Data_2nd_Bowtie_Alignment_Unmasked_Genome/unalignedRead1AgainstGenome_582760806_A5_S33_R1_001.fq, /data/vrc_his/douek_lab/projects/PathSeq/cokie_pathseq_rewrite/Output/Sample_582760806_A5_S33_R1_001/Generated_Data_2nd_Bowtie_Alignment_Unmasked_Genome/unalignedRead2AgainstGenome_582760806_A5_S33_R2_001.fq, /data/vrc_his/douek_lab/projects/PathSeq/cokie_pathseq_rewrite/Output/Sample_582760806_A5_S33_R1_001/ERCC_alignment_rates/ERCC_alignment_rate_582760806_A5_S33_R1_001.txt, /data/vrc_his/douek_lab/projects/PathSeq/cokie_pathseq_rewrite/Output/Sample_582760806_A5_S33_R1_001/Generated_Data_2nd_Bowtie_Alignment_Unmasked_Genome/picard_stderr_582760806_A5_S33_R1_001.txt, /data/vrc_his/douek_lab/projects/PathSeq/cokie_pathseq_rewrite/Output/Sample_582760806_A5_S33_R1_001/Generated_Data_2nd_Bowtie_Alignment_Unmasked_Genome/picard_stdout_582760806_A5_S33_R1_001.txt, /data/vrc_his/douek_lab/projects/PathSeq/cokie_pathseq_rewrite/Output/Sample_582760806_A5_S33_R1_001/finished_bowtieUnmaskedGenome.txt
    jobid: 9
    reason: Missing output files: /data/vrc_his/douek_lab/projects/PathSeq/cokie_pathseq_rewrite/Output/Sample_582760806_A5_S33_R1_001/Generated_Data_2nd_Bowtie_Alignment_Unmasked_Genome/unalignedRead1AgainstGenome_582760806_A5_S33_R1_001.fq, /data/vrc_his/douek_lab/projects/PathSeq/cokie_pathseq_rewrite/Output/Sample_582760806_A5_S33_R1_001/Generated_Data_2nd_Bowtie_Alignment_Unmasked_Genome/unalignedRead2AgainstGenome_582760806_A5_S33_R2_001.fq
    wildcards: sample=582760806_A5_S33
    resources: tmpdir=/data/scratch/parkercol/ai-hpcsubmit2


        module purge
        module load openjdk
        which java
        module load bowtie2
        which bowtie2
        module load samtools
        which samtools
        module load r
        which R

        bash /data/vrc_his/douek_lab/projects/PathSeq/cokie_pathseq_rewrite/PathSeq/SlurmSnakemakeBaseCode/bowtieUnmaskedGenome.sh /data/vrc_his/douek_lab/projects/PathSeq/cokie_pathseq_rewrite/PathSeq/SlurmSnakemakeBaseCode/ 582760806_A5_S33_R1_001 582760806_A5_S33_R2_001 /data/vrc_his/douek_lab/projects/PathSeq/2023020_EVD68_NS/Input_Data/582760806_A5_S33_R1_001.fastq.gz         /data/vrc_his/douek_lab/projects/PathSeq/2023020_EVD68_NS/Input_Data/582760806_A5_S33_R2_001.fastq.gz /data/vrc_his/douek_lab/projects/PathSeq/cokie_pathseq_rewrite/Output/ /data/vrc_his/douek_lab/reference_sets/ERCC/ERCC92         /data/vrc_his/douek_lab/reference_sets/hg19/unmasked/genome /data/vrc_his/douek_lab/projects/PathSeq/programs/picard/2.18.14/picard.jar
        
/data/apps/software/spack/linux-rocky9-x86_64_v3/gcc-11.3.1/openjdk-17.0.11_9-mcbjre6ftmfq4pieucpfccnvrm6tnnxk/bin/java
/data/apps/software/spack/linux-rocky9-x86_64_v3/gcc-11.3.1/bowtie2-2.5.1-bfbrd2r2e7l5au5unpauywehfhiefy6b/bin/bowtie2
/data/apps/software/spack/linux-rocky9-x86_64_v3/gcc-11.3.1/samtools-1.17-pdu7bhdpjrceczwdda4fd4xg34l2wdez/bin/samtools

The following have been reloaded with a version change:
  1) openjdk/17.0.11_9-mcbjre6 => openjdk/11.0.17_8-kzgd7of

/data/apps/software/spack/linux-rocky9-x86_64_v3/gcc-11.3.1/r-4.3.0-a22xr47ree4bcdwtihjx4sa6zt2hgs2n/bin/R
CHECKPOINT 1: BOWTIE UNMASKED INPUTS
codePath:
/data/vrc_his/douek_lab/projects/PathSeq/cokie_pathseq_rewrite/PathSeq/SlurmSnakemakeBaseCode/
Directory exists: /data/vrc_his/douek_lab/projects/PathSeq/cokie_pathseq_rewrite/PathSeq/SlurmSnakemakeBaseCode/
dos2unix: converting file /data/vrc_his/douek_lab/projects/PathSeq/cokie_pathseq_rewrite/PathSeq/SlurmSnakemakeBaseCode/dir_check.sh to Unix format...
1: sampleNameLeft: 
582760806_A5_S33_R1_001
sampleNameRight:
582760806_A5_S33_R2_001
2: left_read_file: 
/data/vrc_his/douek_lab/projects/PathSeq/2023020_EVD68_NS/Input_Data/582760806_A5_S33_R1_001.fastq.gz
3: right_read_file: 
/data/vrc_his/douek_lab/projects/PathSeq/2023020_EVD68_NS/Input_Data/582760806_A5_S33_R2_001.fastq.gz
5: outPath: 
/data/vrc_his/douek_lab/projects/PathSeq/cokie_pathseq_rewrite/Output/
Directory exists: /data/vrc_his/douek_lab/projects/PathSeq/cokie_pathseq_rewrite/Output/
7: bowtie ercc index: 
/data/vrc_his/douek_lab/reference_sets/ERCC/ERCC92
8: bowtie unmasked genome index: 
/data/vrc_his/douek_lab/reference_sets/hg19/unmasked/genome
9: picard: 
/data/vrc_his/douek_lab/projects/PathSeq/programs/picard/2.18.14/picard.jar
mkdir: cannot create directory ‘/data/vrc_his/douek_lab/projects/PathSeq/cokie_pathseq_rewrite/Output/Sample_582760806_A5_S33_R1_001’: File exists
mkdir: cannot create directory ‘/data/vrc_his/douek_lab/projects/PathSeq/cokie_pathseq_rewrite/Output/Sample_582760806_A5_S33_R1_001/Generated_Data_2nd_Bowtie_Alignment_Unmasked_Genome/’: File exists
mkdir: cannot create directory ‘/data/vrc_his/douek_lab/projects/PathSeq/cokie_pathseq_rewrite/Output/Sample_582760806_A5_S33_R1_001/ERCC_alignment_rates/’: File exists
CHECKPOINT 2: Currently inside: /data/vrc_his/douek_lab/projects/PathSeq/cokie_pathseq_rewrite/Output/Sample_582760806_A5_S33_R1_001/Generated_Data_1st_Bowtie_Alignment_ERCC/
CHECKPOINT 3: first bowtie test command:
bowtie2 --no-mixed --no-discordant -p 4 -x /data/vrc_his/douek_lab/reference_sets/ERCC/ERCC92 -1 /data/vrc_his/douek_lab/projects/PathSeq/2023020_EVD68_NS/Input_Data/582760806_A5_S33_R1_001.fastq.gz -2 /data/vrc_his/douek_lab/projects/PathSeq/2023020_EVD68_NS/Input_Data/582760806_A5_S33_R2_001.fastq.gz 1>genome_alignment_ERCC_582760806_A5_S33_R1_001.sam 2>/data/vrc_his/douek_lab/projects/PathSeq/cokie_pathseq_rewrite/Output/Sample_582760806_A5_S33_R1_001/ERCC_alignment_rates/ERCC_alignment_rate_582760806_A5_S33_R1_001.txt
FINISHED running first bowtie
Generated_Data_1st_Bowtie_Alignment_ERCC
genome_alignment_ERCC_582760806_A5_S33_R1_001.sam
genome_alignment_ERCC_582760806_A5_S33_R1_001.sam
Test line 245
Generated_Data_1st_Bowtie_Alignment_ERCC
genome_alignment_ERCC_582760806_A5_S33_R1_001.sam
samtools 1.17 Using htslib 1.17 Copyright (C) 2023 Genome Research Ltd. Samtools compilation details: Features: build=configure curses=yes CC: /data/apps/install/tools/spack/lib/spack/env/gcc/gcc CPPFLAGS: CFLAGS: -Wall -g -O2 LDFLAGS: HTSDIR: LIBS: CURSES_LIB: -lncursesw -ltinfow HTSlib compilation details: Features: build=configure libcurl=yes S3=yes GCS=yes libdeflate=yes lzma=yes bzip2=yes plugins=no htscodecs=1.4.0 CC: /data/apps/install/tools/spack/lib/spack/env/gcc/gcc CPPFLAGS: CFLAGS: -Wall -g -O2 -fvisibility=hidden LDFLAGS: -fvisibility=hidden HTSlib URL scheme handlers present: built-in: preload, data, file S3 Multipart Upload: s3w, s3w+https, s3w+http Amazon S3: s3+https, s3+http, s3 Google Cloud Storage: gs+http, gs+https, gs libcurl: imaps, pop3, gophers, http, smb, gopher, ftps, imap, smtp, smtps, rtsp, ftp, telnet, mqtt, https, smbs, tftp, pop3s, dict crypt4gh-needed: crypt4gh mem: mem
Before samtools view call
After samtools view call
[bam_sort_core] merging from 0 files and 12 in-memory blocks...
FINISHED extracting unaligned reads from first bowtie
CHECKPOINT 4: second bowtie test command:
bowtie2 -p 12 --no-mixed --no-discordant -x /data/vrc_his/douek_lab/reference_sets/hg19/unmasked/genome -1 /data/vrc_his/douek_lab/projects/PathSeq/cokie_pathseq_rewrite/Output/Sample_582760806_A5_S33_R1_001/Generated_Data_1st_Bowtie_Alignment_ERCC/unalignedRead1AgainstERCC_582760806_A5_S33_R1_001.fq -2 /data/vrc_his/douek_lab/projects/PathSeq/cokie_pathseq_rewrite/Output/Sample_582760806_A5_S33_R1_001/Generated_Data_1st_Bowtie_Alignment_ERCC/unalignedRead2AgainstERCC_582760806_A5_S33_R2_001.fq 1>genome_alignment_unmasked_genome_582760806_A5_S33_R1_001.sam 2>genome_alignment_rate_582760806_A5_S33_R1_001.txt
Current working directory: 
/data/vrc_his/douek_lab/projects/PathSeq/cokie_pathseq_rewrite/Output/Sample_582760806_A5_S33_R1_001/Generated_Data_2nd_Bowtie_Alignment_Unmasked_Genome
FINISHED running second bowtie
alignments were sent to: 
genome_alignment_unmasked_genome_582760806_A5_S33_R1_001.sam
FINISHED extracting unaligned reads from second bowtie
CHECKPOINT 5: run picard CollectInsertSizeMetrics command:
java -Xmx6G -jar /data/vrc_his/douek_lab/projects/PathSeq/programs/picard/2.18.14/picard.jar CollectInsertSizeMetrics I=tempSortedAlignments_582760806_A5_S33_R1_001.bam O=insert_size_metrics_582760806_A5_S33_R1_001.txt H=insert_size_histogram_582760806_A5_S33_R1_001.pdf M=0.5 1>picard_stdout_582760806_A5_S33_R1_001.txt 2>picard_stderr_582760806_A5_S33_R1_001.txt
Current working directory: 
/data/vrc_his/douek_lab/projects/PathSeq/cokie_pathseq_rewrite/Output/Sample_582760806_A5_S33_R1_001/Generated_Data_2nd_Bowtie_Alignment_Unmasked_Genome
FINISHED running picard CollectInsertSizeMetrics command
/data/vrc_his/douek_lab/projects/PathSeq/cokie_pathseq_rewrite/PathSeq/SlurmSnakemakeBaseCode/bowtieUnmaskedGenome.sh: line 246: cd: pwd: No such file or directory
REACHED END OF BOWTIEUNMASKED
[Wed Dec  4 16:58:22 2024]
Finished job 9.
1 of 22 steps (5%) done
Select jobs to execute...
Execute 1 jobs...

[Wed Dec  4 16:58:22 2024]
localrule starAfterBowtie:
    input: /data/vrc_his/douek_lab/projects/PathSeq/cokie_pathseq_rewrite/PathSeq/SlurmSnakemakeBaseCode/starAfterBowtie.sh, /data/vrc_his/douek_lab/projects/PathSeq/cokie_pathseq_rewrite/Output/Sample_582760806_A5_S33_R1_001/Generated_Data_2nd_Bowtie_Alignment_Unmasked_Genome/unalignedRead1AgainstGenome_582760806_A5_S33_R1_001.fq, /data/vrc_his/douek_lab/projects/PathSeq/cokie_pathseq_rewrite/Output/Sample_582760806_A5_S33_R1_001/Generated_Data_2nd_Bowtie_Alignment_Unmasked_Genome/unalignedRead2AgainstGenome_582760806_A5_S33_R2_001.fq
    output: /data/vrc_his/douek_lab/projects/PathSeq/cokie_pathseq_rewrite/Output/Sample_582760806_A5_S33_R1_001/Generated_Data_Star_Alignment/582760806_A5_S33_R1_001_unalignedRead1AgainstTranscriptome.fq, /data/vrc_his/douek_lab/projects/PathSeq/cokie_pathseq_rewrite/Output/Sample_582760806_A5_S33_R1_001/Generated_Data_Star_Alignment/582760806_A5_S33_R2_001_unalignedRead2AgainstTranscriptome.fq, /data/vrc_his/douek_lab/projects/PathSeq/cokie_pathseq_rewrite/Output/Sample_582760806_A5_S33_R1_001/Generated_Data_Star_Alignment/582760806_A5_S33_R1_001_star_alignment_stats.txt
    jobid: 8
    reason: Missing output files: /data/vrc_his/douek_lab/projects/PathSeq/cokie_pathseq_rewrite/Output/Sample_582760806_A5_S33_R1_001/Generated_Data_Star_Alignment/582760806_A5_S33_R2_001_unalignedRead2AgainstTranscriptome.fq, /data/vrc_his/douek_lab/projects/PathSeq/cokie_pathseq_rewrite/Output/Sample_582760806_A5_S33_R1_001/Generated_Data_Star_Alignment/582760806_A5_S33_R1_001_unalignedRead1AgainstTranscriptome.fq; Input files updated by another job: /data/vrc_his/douek_lab/projects/PathSeq/cokie_pathseq_rewrite/Output/Sample_582760806_A5_S33_R1_001/Generated_Data_2nd_Bowtie_Alignment_Unmasked_Genome/unalignedRead1AgainstGenome_582760806_A5_S33_R1_001.fq, /data/vrc_his/douek_lab/projects/PathSeq/cokie_pathseq_rewrite/Output/Sample_582760806_A5_S33_R1_001/Generated_Data_2nd_Bowtie_Alignment_Unmasked_Genome/unalignedRead2AgainstGenome_582760806_A5_S33_R2_001.fq
    wildcards: sample=582760806_A5_S33
    resources: tmpdir=/data/scratch/parkercol/ai-hpcsubmit2


        module purge
        module load star
        which STAR
        module load samtools
        which samtools

        bash /data/vrc_his/douek_lab/projects/PathSeq/cokie_pathseq_rewrite/PathSeq/SlurmSnakemakeBaseCode/starAfterBowtie.sh /data/vrc_his/douek_lab/projects/PathSeq/cokie_pathseq_rewrite/PathSeq/SlurmSnakemakeBaseCode/ /data/vrc_his/douek_lab/projects/PathSeq/cokie_pathseq_rewrite/Output/Sample_582760806_A5_S33_R1_001/Generated_Data_2nd_Bowtie_Alignment_Unmasked_Genome/unalignedRead1AgainstGenome_582760806_A5_S33_R1_001.fq /data/vrc_his/douek_lab/projects/PathSeq/cokie_pathseq_rewrite/Output/Sample_582760806_A5_S33_R1_001/Generated_Data_2nd_Bowtie_Alignment_Unmasked_Genome/unalignedRead2AgainstGenome_582760806_A5_S33_R2_001.fq         582760806_A5_S33_R1_001 582760806_A5_S33_R2_001 /data/vrc_his/douek_lab/projects/PathSeq/cokie_pathseq_rewrite/Output/Sample_582760806_A5_S33_R1_001/ /data/vrc_his/douek_lab/projects/PathSeq/cokie_pathseq_rewrite/StarReindex/
        
/data/apps/software/spack/linux-rocky9-x86_64_v3/gcc-11.3.1/star-2.7.10b-djwbspg7savasevzsvc6diekfeeg2rwl/bin/STAR
/data/apps/software/spack/linux-rocky9-x86_64_v3/gcc-11.3.1/samtools-1.17-pdu7bhdpjrceczwdda4fd4xg34l2wdez/bin/samtools
STAR AFTER BOWTIE INPUTS:
codePath:
/data/vrc_his/douek_lab/projects/PathSeq/cokie_pathseq_rewrite/PathSeq/SlurmSnakemakeBaseCode/
Directory exists: /data/vrc_his/douek_lab/projects/PathSeq/cokie_pathseq_rewrite/PathSeq/SlurmSnakemakeBaseCode/
dos2unix: converting file /data/vrc_his/douek_lab/projects/PathSeq/cokie_pathseq_rewrite/PathSeq/SlurmSnakemakeBaseCode/dir_check.sh to Unix format...
leftUnalignedFile:
/data/vrc_his/douek_lab/projects/PathSeq/cokie_pathseq_rewrite/Output/Sample_582760806_A5_S33_R1_001/Generated_Data_2nd_Bowtie_Alignment_Unmasked_Genome/unalignedRead1AgainstGenome_582760806_A5_S33_R1_001.fq
rightUnalignedFile:
/data/vrc_his/douek_lab/projects/PathSeq/cokie_pathseq_rewrite/Output/Sample_582760806_A5_S33_R1_001/Generated_Data_2nd_Bowtie_Alignment_Unmasked_Genome/unalignedRead2AgainstGenome_582760806_A5_S33_R2_001.fq
output_base_name:
582760806_A5_S33_R1_001
582760806_A5_S33_R2_001
hg38_starDB:
/data/vrc_his/douek_lab/projects/PathSeq/cokie_pathseq_rewrite/StarReindex/
outputPath:
/data/vrc_his/douek_lab/projects/PathSeq/cokie_pathseq_rewrite/Output/Sample_582760806_A5_S33_R1_001/
Directory exists: /data/vrc_his/douek_lab/projects/PathSeq/cokie_pathseq_rewrite/Output/Sample_582760806_A5_S33_R1_001/
mkdir: cannot create directory ‘/data/vrc_his/douek_lab/projects/PathSeq/cokie_pathseq_rewrite/Output/Sample_582760806_A5_S33_R1_001/Generated_Data_Star_Alignment’: File exists
Generated_Data_Star_Alignment
CHECKPOINT 1: star command:
starCmd
BAM out file name:
582760806_A5_S33_R1_001Aligned.sortedByCoord.out.bam
Log.out file name:
582760806_A5_S33_R1_001Log.final.out
FINISHED star command
END OF STAR FILE
[Wed Dec  4 17:54:35 2024]
Finished job 8.
2 of 22 steps (9%) done
Select jobs to execute...
Execute 1 jobs...

[Wed Dec  4 17:54:35 2024]
localrule bowtiePrimate:
    input: /data/vrc_his/douek_lab/projects/PathSeq/cokie_pathseq_rewrite/PathSeq/SlurmSnakemakeBaseCode/bowtiePrimate.sh, /data/vrc_his/douek_lab/projects/PathSeq/cokie_pathseq_rewrite/Output/Sample_582760806_A5_S33_R1_001/Generated_Data_Star_Alignment/582760806_A5_S33_R1_001_unalignedRead1AgainstTranscriptome.fq, /data/vrc_his/douek_lab/projects/PathSeq/cokie_pathseq_rewrite/Output/Sample_582760806_A5_S33_R1_001/Generated_Data_Star_Alignment/582760806_A5_S33_R2_001_unalignedRead2AgainstTranscriptome.fq
    output: /data/vrc_his/douek_lab/projects/PathSeq/cokie_pathseq_rewrite/Output/Sample_582760806_A5_S33_R1_001/primate_alignment_rates/unalignedRead1AgainstPrimate_582760806_A5_S33_R1_001.fq, /data/vrc_his/douek_lab/projects/PathSeq/cokie_pathseq_rewrite/Output/Sample_582760806_A5_S33_R1_001/primate_alignment_rates/unalignedRead1AgainstPrimate_582760806_A5_S33_R2_001.fq
    jobid: 7
    reason: Missing output files: /data/vrc_his/douek_lab/projects/PathSeq/cokie_pathseq_rewrite/Output/Sample_582760806_A5_S33_R1_001/primate_alignment_rates/unalignedRead1AgainstPrimate_582760806_A5_S33_R1_001.fq, /data/vrc_his/douek_lab/projects/PathSeq/cokie_pathseq_rewrite/Output/Sample_582760806_A5_S33_R1_001/primate_alignment_rates/unalignedRead1AgainstPrimate_582760806_A5_S33_R2_001.fq; Input files updated by another job: /data/vrc_his/douek_lab/projects/PathSeq/cokie_pathseq_rewrite/Output/Sample_582760806_A5_S33_R1_001/Generated_Data_Star_Alignment/582760806_A5_S33_R2_001_unalignedRead2AgainstTranscriptome.fq, /data/vrc_his/douek_lab/projects/PathSeq/cokie_pathseq_rewrite/Output/Sample_582760806_A5_S33_R1_001/Generated_Data_Star_Alignment/582760806_A5_S33_R1_001_unalignedRead1AgainstTranscriptome.fq
    wildcards: sample=582760806_A5_S33
    resources: tmpdir=/data/scratch/parkercol/ai-hpcsubmit2


        module purge
        module load bowtie2
        which bowtie2
        module load samtools
        which samtools

        bash /data/vrc_his/douek_lab/projects/PathSeq/cokie_pathseq_rewrite/PathSeq/SlurmSnakemakeBaseCode/bowtiePrimate.sh /data/vrc_his/douek_lab/projects/PathSeq/cokie_pathseq_rewrite/Output/Sample_582760806_A5_S33_R1_001/Generated_Data_Star_Alignment/582760806_A5_S33_R1_001_unalignedRead1AgainstTranscriptome.fq /data/vrc_his/douek_lab/projects/PathSeq/cokie_pathseq_rewrite/Output/Sample_582760806_A5_S33_R1_001/Generated_Data_Star_Alignment/582760806_A5_S33_R2_001_unalignedRead2AgainstTranscriptome.fq /data/vrc_his/douek_lab/projects/PathSeq/cokie_pathseq_rewrite/Output/Sample_582760806_A5_S33_R1_001         /data/vrc_his/douek_lab/projects/PathSeq/cokie_pathseq_rewrite/PathSeq/SlurmSnakemakeBaseCode/ 582760806_A5_S33_R1_001 582760806_A5_S33_R2_001 /data/vrc_his/douek_lab/reference_sets/NCBI_nt/20210302/primates
        
/data/apps/software/spack/linux-rocky9-x86_64_v3/gcc-11.3.1/bowtie2-2.5.1-bfbrd2r2e7l5au5unpauywehfhiefy6b/bin/bowtie2
/data/apps/software/spack/linux-rocky9-x86_64_v3/gcc-11.3.1/samtools-1.17-pdu7bhdpjrceczwdda4fd4xg34l2wdez/bin/samtools
CHECKPOINT 1: BOWTIE PRIMATE INPUTS
1: unalignedLeftFile: 
/data/vrc_his/douek_lab/projects/PathSeq/cokie_pathseq_rewrite/Output/Sample_582760806_A5_S33_R1_001/Generated_Data_Star_Alignment/582760806_A5_S33_R1_001_unalignedRead1AgainstTranscriptome.fq
2: unalignedRightFile:
/data/vrc_his/douek_lab/projects/PathSeq/cokie_pathseq_rewrite/Output/Sample_582760806_A5_S33_R1_001/Generated_Data_Star_Alignment/582760806_A5_S33_R2_001_unalignedRead2AgainstTranscriptome.fq
3: outPath: 
/data/vrc_his/douek_lab/projects/PathSeq/cokie_pathseq_rewrite/Output/Sample_582760806_A5_S33_R1_001
4: scriptsPath: 
/data/vrc_his/douek_lab/projects/PathSeq/cokie_pathseq_rewrite/PathSeq/SlurmSnakemakeBaseCode/
5: left_read_file_base_name: 
582760806_A5_S33_R1_001
6: right_read_file_base_name: 
582760806_A5_S33_R2_001
7: bowtiePrimateIndex: 
/data/vrc_his/douek_lab/reference_sets/NCBI_nt/20210302/primates
dos2unix: converting file /data/vrc_his/douek_lab/projects/PathSeq/cokie_pathseq_rewrite/PathSeq/SlurmSnakemakeBaseCode/dir_check.sh to Unix format...
mkdir: cannot create directory ‘/data/vrc_his/douek_lab/projects/PathSeq/cokie_pathseq_rewrite/Output/Sample_582760806_A5_S33_R1_001/primate_alignment_rates/’: File exists
Current Directory:
/data/vrc_his/douek_lab/projects/PathSeq/cokie_pathseq_rewrite/Output/Sample_582760806_A5_S33_R1_001/primate_alignment_rates
CHECKPOINT 2: RUN BOWTIE COMMAND
BOWTIE PRIMATE COMPLETE
[Wed Dec  4 18:39:59 2024]
Finished job 7.
3 of 22 steps (14%) done
Select jobs to execute...
Execute 1 jobs...

[Wed Dec  4 18:39:59 2024]
localrule trinity:
    input: /data/vrc_his/douek_lab/projects/PathSeq/cokie_pathseq_rewrite/PathSeq/SlurmSnakemakeBaseCode/all_trinity.sh, /data/vrc_his/douek_lab/projects/PathSeq/cokie_pathseq_rewrite/Output/Sample_582760806_A5_S33_R1_001/primate_alignment_rates/unalignedRead1AgainstPrimate_582760806_A5_S33_R1_001.fq, /data/vrc_his/douek_lab/projects/PathSeq/cokie_pathseq_rewrite/Output/Sample_582760806_A5_S33_R1_001/primate_alignment_rates/unalignedRead1AgainstPrimate_582760806_A5_S33_R2_001.fq
    output: /data/vrc_his/douek_lab/projects/PathSeq/cokie_pathseq_rewrite/Output/Sample_582760806_A5_S33_R1_001/RNA_trinity_output/formatted_myTrinity_Origin_RNA_Sample_582760806_A5_S33_R1_001.Trinity.fasta, /data/vrc_his/douek_lab/projects/PathSeq/cokie_pathseq_rewrite/Output/Sample_582760806_A5_S33_R1_001/RNA_trinity_output/trinity_out_300_Sample_582760806_A5_S33_R1_001.txt, /data/vrc_his/douek_lab/projects/PathSeq/cokie_pathseq_rewrite/Output/Sample_582760806_A5_S33_R1_001/RNA_trinity_output/trinity_err_300_Sample_582760806_A5_S33_R1_001.txt, /data/vrc_his/douek_lab/projects/PathSeq/cokie_pathseq_rewrite/Output/Sample_582760806_A5_S33_R1_001/RNA_trinity_output/myTrinity_Origin_RNA_Sample_582760806_A5_S33_R1_001.Trinity.fasta
    jobid: 6
    reason: Missing output files: /data/vrc_his/douek_lab/projects/PathSeq/cokie_pathseq_rewrite/Output/Sample_582760806_A5_S33_R1_001/RNA_trinity_output/formatted_myTrinity_Origin_RNA_Sample_582760806_A5_S33_R1_001.Trinity.fasta; Input files updated by another job: /data/vrc_his/douek_lab/projects/PathSeq/cokie_pathseq_rewrite/Output/Sample_582760806_A5_S33_R1_001/primate_alignment_rates/unalignedRead1AgainstPrimate_582760806_A5_S33_R1_001.fq, /data/vrc_his/douek_lab/projects/PathSeq/cokie_pathseq_rewrite/Output/Sample_582760806_A5_S33_R1_001/primate_alignment_rates/unalignedRead1AgainstPrimate_582760806_A5_S33_R2_001.fq
    wildcards: sample=582760806_A5_S33
    resources: tmpdir=/data/scratch/parkercol/ai-hpcsubmit2


        module purge
        module load trinity
        which Trinity
        module load fastp
        which fastp
        module load fastx-toolkit
        which fasta_formatter

        bash /data/vrc_his/douek_lab/projects/PathSeq/cokie_pathseq_rewrite/PathSeq/SlurmSnakemakeBaseCode/all_trinity.sh /data/vrc_his/douek_lab/projects/PathSeq/cokie_pathseq_rewrite/PathSeq/SlurmSnakemakeBaseCode/ /data/vrc_his/douek_lab/projects/PathSeq/cokie_pathseq_rewrite/Output/Sample_582760806_A5_S33_R1_001/primate_alignment_rates/unalignedRead1AgainstPrimate_582760806_A5_S33_R1_001.fq /data/vrc_his/douek_lab/projects/PathSeq/cokie_pathseq_rewrite/Output/Sample_582760806_A5_S33_R1_001/primate_alignment_rates/unalignedRead1AgainstPrimate_582760806_A5_S33_R2_001.fq 582760806_A5_S33_R1_001         582760806_A5_S33_R2_001 RNA 300 1         175G /data/vrc_his/douek_lab/projects/PathSeq/cokie_pathseq_rewrite/Output/Sample_582760806_A5_S33_R1_001 /data/scratch/
        
/data/apps/software/spack/linux-rocky9-x86_64_v3/gcc-11.3.1/trinity-2.15.1.FULL-zfkjh5wqj6v2eclg44gtl263sklkp6ro/bin/Trinity
/data/apps/software/spack/linux-rocky9-x86_64_v3/gcc-11.3.1/fastp-0.23.4-nlda4xzhzdldlmdu5dci5nnnjezkc6cm/bin/fastp
/data/apps/software/spack/linux-rocky9-x86_64_v3/gcc-11.3.1/fastx-toolkit-0.0.14-vzydz2l2t2efer7qrgw5xwbcrwx3m4ut/bin/fasta_formatter
CHECKPOINT 1: ALL_TRINITY INPUTS:
1. codePath:
/data/vrc_his/douek_lab/projects/PathSeq/cokie_pathseq_rewrite/PathSeq/SlurmSnakemakeBaseCode/
Directory exists: /data/vrc_his/douek_lab/projects/PathSeq/cokie_pathseq_rewrite/PathSeq/SlurmSnakemakeBaseCode/
dos2unix: converting file /data/vrc_his/douek_lab/projects/PathSeq/cokie_pathseq_rewrite/PathSeq/SlurmSnakemakeBaseCode/dir_check.sh to Unix format...
2. unalignedInputLeft:
/data/vrc_his/douek_lab/projects/PathSeq/cokie_pathseq_rewrite/Output/Sample_582760806_A5_S33_R1_001/primate_alignment_rates/unalignedRead1AgainstPrimate_582760806_A5_S33_R1_001.fq
3. unalignedInputRight:
/data/vrc_his/douek_lab/projects/PathSeq/cokie_pathseq_rewrite/Output/Sample_582760806_A5_S33_R1_001/primate_alignment_rates/unalignedRead1AgainstPrimate_582760806_A5_S33_R2_001.fq
4. left_read_file_base_name:
582760806_A5_S33_R1_001
5. right_read_file_base_name:
582760806_A5_S33_R2_001
6. origin:
RNA
7. min_contig_length:
300
8. numTrinityThreads:
1
9. maxTrinityMemory:
175G
10. outPath:
/data/vrc_his/douek_lab/projects/PathSeq/cokie_pathseq_rewrite/Output/Sample_582760806_A5_S33_R1_001
Directory exists: /data/vrc_his/douek_lab/projects/PathSeq/cokie_pathseq_rewrite/Output/Sample_582760806_A5_S33_R1_001
11. scratchDir:
/data/scratch/
Directory exists: /data/scratch/
mkdir: cannot create directory ‘/data/vrc_his/douek_lab/projects/PathSeq/cokie_pathseq_rewrite/Output/Sample_582760806_A5_S33_R1_001/RNA_trinity_output’: File exists
CHECKPOINT 2: FASTP COMMAND:
fastp -i /data/vrc_his/douek_lab/projects/PathSeq/cokie_pathseq_rewrite/Output/Sample_582760806_A5_S33_R1_001/primate_alignment_rates/unalignedRead1AgainstPrimate_582760806_A5_S33_R1_001.fq -o /data/vrc_his/douek_lab/projects/PathSeq/cokie_pathseq_rewrite/Output/Sample_582760806_A5_S33_R1_001/RNA_trinity_output/fastp_unalignedRead1AgainstPrimate_582760806_A5_S33_R1_001.fq -I /data/vrc_his/douek_lab/projects/PathSeq/cokie_pathseq_rewrite/Output/Sample_582760806_A5_S33_R1_001/primate_alignment_rates/unalignedRead1AgainstPrimate_582760806_A5_S33_R2_001.fq -O /data/vrc_his/douek_lab/projects/PathSeq/cokie_pathseq_rewrite/Output/Sample_582760806_A5_S33_R1_001/RNA_trinity_output/fastp_unalignedRead1AgainstPrimate_582760806_A5_S33_R2_001.fq --dedup --thread 12
Read1 before filtering:
total reads: 3674961
total bases: 554919111
Q20 bases: 516783792(93.1278%)
Q30 bases: 482506674(86.9508%)

Read2 before filtering:
total reads: 3674961
total bases: 554919111
Q20 bases: 521452999(93.9692%)
Q30 bases: 486591912(87.687%)

Read1 after filtering:
total reads: 2705691
total bases: 296564905
Q20 bases: 283812640(95.7%)
Q30 bases: 267963745(90.3559%)

Read2 after filtering:
total reads: 2705691
total bases: 296217191
Q20 bases: 284315903(95.9822%)
Q30 bases: 267725577(90.3815%)

Filtering result:
reads passed filter: 6907626
reads failed due to low quality: 436554
reads failed due to too many N: 480
reads failed due to too short: 5262
reads with adapter trimmed: 5070370
bases trimmed due to adapters: 259004557

Duplication rate: 20.3651%

Insert size peak (evaluated by paired-end reads): 99

JSON report: fastp.json
HTML report: fastp.html

fastp -i /data/vrc_his/douek_lab/projects/PathSeq/cokie_pathseq_rewrite/Output/Sample_582760806_A5_S33_R1_001/primate_alignment_rates/unalignedRead1AgainstPrimate_582760806_A5_S33_R1_001.fq -o /data/vrc_his/douek_lab/projects/PathSeq/cokie_pathseq_rewrite/Output/Sample_582760806_A5_S33_R1_001/RNA_trinity_output/fastp_unalignedRead1AgainstPrimate_582760806_A5_S33_R1_001.fq -I /data/vrc_his/douek_lab/projects/PathSeq/cokie_pathseq_rewrite/Output/Sample_582760806_A5_S33_R1_001/primate_alignment_rates/unalignedRead1AgainstPrimate_582760806_A5_S33_R2_001.fq -O /data/vrc_his/douek_lab/projects/PathSeq/cokie_pathseq_rewrite/Output/Sample_582760806_A5_S33_R1_001/RNA_trinity_output/fastp_unalignedRead1AgainstPrimate_582760806_A5_S33_R2_001.fq --dedup --thread 12 
fastp v0.23.4, time used: 78 seconds
fastp command complete
CHECKPOINT 3: TRINITY COMMAND: 
Trinity --CPU 1 --output myTrinity_Origin_RNA_Sample_582760806_A5_S33_R1_001 --min_contig_length 300 --seqType fq --max_memory 175G --min_kmer_cov 1 --left /data/vrc_his/douek_lab/projects/PathSeq/cokie_pathseq_rewrite/Output/Sample_582760806_A5_S33_R1_001/primate_alignment_rates/unalignedRead1AgainstPrimate_582760806_A5_S33_R1_001.fq --right /data/vrc_his/douek_lab/projects/PathSeq/cokie_pathseq_rewrite/Output/Sample_582760806_A5_S33_R1_001/primate_alignment_rates/unalignedRead1AgainstPrimate_582760806_A5_S33_R2_001.fq --no_version_check 1>/data/vrc_his/douek_lab/projects/PathSeq/cokie_pathseq_rewrite/Output/Sample_582760806_A5_S33_R1_001/RNA_trinity_output/trinity_out_300_Sample_582760806_A5_S33_R1_001.txt 2>/data/vrc_his/douek_lab/projects/PathSeq/cokie_pathseq_rewrite/Output/Sample_582760806_A5_S33_R1_001/RNA_trinity_output/trinity_err_300_Sample_582760806_A5_S33_R1_001.txt
